2026-05-23 17:37:41 [nas_nsga2][circle][nsga2][k=-][s=-] INFO NSGA2 search: pop=4  gen=2  (~12 evals)  trial_epochs=100  geo=circle
2026-05-23 17:37:53 [nas_nsga2][circle][nsga2][k=-][s=-] INFO Pareto front size=2  min-MAE arch: [50]  search MAE=19.690°C  params=251
2026-05-23 17:37:53 [nas_nsga2][circle][nsga2][k=-][s=-] INFO Final train: arch=[50]  epochs=200
2026-05-23 17:37:55 [nas_nsga2][circle][nsga2][k=-][s=-] INFO NSGA2 done: arch=[50]  MAE=40.726°C  L2=0.9687  time=14 s
2026-05-24 20:09:13 [nas_nsga2][square][nsga2][k=-][s=-] INFO NSGA2 search: pop=20  gen=25  (~520 evals)  trial_epochs=500  geo=square
2026-05-24 20:10:16 [nas_nsga2][square][nsga2][k=-][s=-] INFO   NSGA2 eval  10  arch=[50]  MAE=20.088°C
2026-05-24 20:11:34 [nas_nsga2][square][nsga2][k=-][s=-] INFO   NSGA2 eval  20  arch=[70, 90, 90, 10]  MAE=14.197°C
2026-05-24 20:12:32 [nas_nsga2][square][nsga2][k=-][s=-] INFO   NSGA2 eval  30  arch=[30, 30, 30]  MAE=22.734°C
2026-05-24 20:13:35 [nas_nsga2][square][nsga2][k=-][s=-] INFO   NSGA2 eval  40  arch=[90, 70, 90, 90, 50]  MAE=0.476°C
2026-05-24 20:14:29 [nas_nsga2][square][nsga2][k=-][s=-] INFO   NSGA2 eval  50  arch=[30]  MAE=20.179°C
2026-05-24 20:15:26 [nas_nsga2][square][nsga2][k=-][s=-] INFO   NSGA2 eval  60  arch=[70, 90, 70, 70]  MAE=3.632°C
2026-05-24 20:16:26 [nas_nsga2][square][nsga2][k=-][s=-] INFO   NSGA2 eval  70  arch=[10, 70, 90, 50]  MAE=2.722°C
2026-05-24 20:17:22 [nas_nsga2][square][nsga2][k=-][s=-] INFO   NSGA2 eval  80  arch=[50, 70, 10, 50]  MAE=0.629°C
2026-05-24 20:18:16 [nas_nsga2][square][nsga2][k=-][s=-] INFO   NSGA2 eval  90  arch=[70, 10]  MAE=20.920°C
2026-05-24 20:19:12 [nas_nsga2][square][nsga2][k=-][s=-] INFO   NSGA2 eval 100  arch=[10, 10]  MAE=21.084°C
2026-05-24 20:20:04 [nas_nsga2][square][nsga2][k=-][s=-] INFO   NSGA2 eval 110  arch=[30]  MAE=20.750°C
2026-05-24 20:20:54 [nas_nsga2][square][nsga2][k=-][s=-] INFO   NSGA2 eval 120  arch=[50, 10, 10]  MAE=18.091°C
2026-05-24 20:21:52 [nas_nsga2][square][nsga2][k=-][s=-] INFO   NSGA2 eval 130  arch=[10, 30, 10]  MAE=20.796°C
2026-05-24 20:22:54 [nas_nsga2][square][nsga2][k=-][s=-] INFO   NSGA2 eval 140  arch=[10, 10, 10]  MAE=20.848°C
2026-05-24 20:29:17 [nas_nsga2][square][nsga2][k=-][s=-] INFO NSGA2 search: pop=20  gen=25  (~520 evals)  trial_epochs=500  geo=square
2026-05-24 20:30:19 [nas_nsga2][square][nsga2][k=-][s=-] INFO   NSGA2 eval  10  arch=[50]  MAE=20.088°C
2026-05-24 20:31:36 [nas_nsga2][square][nsga2][k=-][s=-] INFO   NSGA2 eval  20  arch=[70, 90, 90, 10]  MAE=14.197°C
2026-05-24 20:32:33 [nas_nsga2][square][nsga2][k=-][s=-] INFO   NSGA2 eval  30  arch=[30, 30, 30]  MAE=22.734°C
2026-05-24 20:33:35 [nas_nsga2][square][nsga2][k=-][s=-] INFO   NSGA2 eval  40  arch=[90, 70, 90, 90, 50]  MAE=0.476°C
2026-05-24 20:34:30 [nas_nsga2][square][nsga2][k=-][s=-] INFO   NSGA2 eval  50  arch=[30]  MAE=20.179°C
2026-05-24 20:35:26 [nas_nsga2][square][nsga2][k=-][s=-] INFO   NSGA2 eval  60  arch=[70, 90, 70, 70]  MAE=3.632°C
2026-05-24 20:36:20 [nas_nsga2][square][nsga2][k=-][s=-] INFO   NSGA2 eval  70  arch=[10, 70, 90, 50]  MAE=2.722°C
2026-05-24 20:37:13 [nas_nsga2][square][nsga2][k=-][s=-] INFO   NSGA2 eval  80  arch=[50, 70, 10, 50]  MAE=0.629°C
2026-05-24 20:38:07 [nas_nsga2][square][nsga2][k=-][s=-] INFO   NSGA2 eval  90  arch=[70, 10]  MAE=20.920°C
2026-05-24 20:39:05 [nas_nsga2][square][nsga2][k=-][s=-] INFO   NSGA2 eval 100  arch=[10, 10]  MAE=21.084°C
2026-05-24 20:39:56 [nas_nsga2][square][nsga2][k=-][s=-] INFO   NSGA2 eval 110  arch=[30]  MAE=20.750°C
2026-05-24 20:40:46 [nas_nsga2][square][nsga2][k=-][s=-] INFO   NSGA2 eval 120  arch=[50, 10, 10]  MAE=18.091°C
2026-05-24 20:41:44 [nas_nsga2][square][nsga2][k=-][s=-] INFO   NSGA2 eval 130  arch=[10, 30, 10]  MAE=20.796°C
2026-05-24 20:42:45 [nas_nsga2][square][nsga2][k=-][s=-] INFO   NSGA2 eval 140  arch=[10, 10, 10]  MAE=20.848°C
2026-05-24 20:43:41 [nas_nsga2][square][nsga2][k=-][s=-] INFO   NSGA2 eval 150  arch=[50, 70, 50, 10]  MAE=13.372°C
2026-05-24 20:44:41 [nas_nsga2][square][nsga2][k=-][s=-] INFO   NSGA2 eval 160  arch=[90, 10, 30, 70, 10]  MAE=12.882°C
2026-05-24 20:45:36 [nas_nsga2][square][nsga2][k=-][s=-] INFO   NSGA2 eval 170  arch=[50, 10, 10]  MAE=19.054°C
2026-05-24 20:46:31 [nas_nsga2][square][nsga2][k=-][s=-] INFO   NSGA2 eval 180  arch=[50, 10, 10, 30]  MAE=8.112°C
2026-05-24 20:47:29 [nas_nsga2][square][nsga2][k=-][s=-] INFO   NSGA2 eval 190  arch=[10, 10, 70]  MAE=7.570°C
2026-05-24 20:48:27 [nas_nsga2][square][nsga2][k=-][s=-] INFO   NSGA2 eval 200  arch=[10, 10, 10, 50]  MAE=2.991°C
2026-05-24 20:49:21 [nas_nsga2][square][nsga2][k=-][s=-] INFO   NSGA2 eval 210  arch=[10]  MAE=19.923°C
2026-05-24 20:50:21 [nas_nsga2][square][nsga2][k=-][s=-] INFO   NSGA2 eval 220  arch=[30, 10, 30]  MAE=22.146°C
2026-05-24 20:51:18 [nas_nsga2][square][nsga2][k=-][s=-] INFO   NSGA2 eval 230  arch=[10, 10, 10, 30]  MAE=10.989°C
2026-05-24 20:52:13 [nas_nsga2][square][nsga2][k=-][s=-] INFO   NSGA2 eval 240  arch=[10]  MAE=20.605°C
2026-05-24 20:53:14 [nas_nsga2][square][nsga2][k=-][s=-] INFO   NSGA2 eval 250  arch=[30, 10, 10]  MAE=21.115°C
2026-05-24 20:54:15 [nas_nsga2][square][nsga2][k=-][s=-] INFO   NSGA2 eval 260  arch=[10, 10, 30, 50]  MAE=2.125°C
2026-05-24 20:55:15 [nas_nsga2][square][nsga2][k=-][s=-] INFO   NSGA2 eval 270  arch=[10, 10, 10]  MAE=18.512°C
2026-05-24 20:56:08 [nas_nsga2][square][nsga2][k=-][s=-] INFO   NSGA2 eval 280  arch=[10]  MAE=19.565°C
2026-05-24 20:56:59 [nas_nsga2][square][nsga2][k=-][s=-] INFO   NSGA2 eval 290  arch=[50]  MAE=21.706°C
2026-05-24 20:58:01 [nas_nsga2][square][nsga2][k=-][s=-] INFO   NSGA2 eval 300  arch=[10]  MAE=20.247°C
2026-05-24 20:58:57 [nas_nsga2][square][nsga2][k=-][s=-] INFO   NSGA2 eval 310  arch=[70, 10, 10, 70, 50]  MAE=0.483°C
2026-05-24 20:59:57 [nas_nsga2][square][nsga2][k=-][s=-] INFO   NSGA2 eval 320  arch=[10, 10, 10]  MAE=24.082°C
2026-05-24 21:00:54 [nas_nsga2][square][nsga2][k=-][s=-] INFO   NSGA2 eval 330  arch=[50, 10, 10]  MAE=19.882°C
2026-05-24 21:01:54 [nas_nsga2][square][nsga2][k=-][s=-] INFO   NSGA2 eval 340  arch=[10]  MAE=20.824°C
2026-05-24 21:02:56 [nas_nsga2][square][nsga2][k=-][s=-] INFO   NSGA2 eval 350  arch=[70, 10, 30, 30]  MAE=7.923°C
2026-05-24 21:03:54 [nas_nsga2][square][nsga2][k=-][s=-] INFO   NSGA2 eval 360  arch=[10, 10, 10, 10]  MAE=20.626°C
2026-05-24 21:04:55 [nas_nsga2][square][nsga2][k=-][s=-] INFO   NSGA2 eval 370  arch=[70, 10, 10, 10]  MAE=14.868°C
2026-05-24 21:05:54 [nas_nsga2][square][nsga2][k=-][s=-] INFO   NSGA2 eval 380  arch=[10, 10, 10, 50]  MAE=7.262°C
2026-05-24 21:06:51 [nas_nsga2][square][nsga2][k=-][s=-] INFO   NSGA2 eval 390  arch=[10, 10, 30]  MAE=24.288°C
2026-05-24 21:07:47 [nas_nsga2][square][nsga2][k=-][s=-] INFO   NSGA2 eval 400  arch=[50, 10, 10, 70, 70]  MAE=3.709°C
2026-05-24 21:08:41 [nas_nsga2][square][nsga2][k=-][s=-] INFO   NSGA2 eval 410  arch=[50]  MAE=20.720°C
2026-05-24 21:09:43 [nas_nsga2][square][nsga2][k=-][s=-] INFO   NSGA2 eval 420  arch=[10, 10, 10]  MAE=19.161°C
2026-05-24 21:10:41 [nas_nsga2][square][nsga2][k=-][s=-] INFO   NSGA2 eval 430  arch=[50, 10, 10, 50]  MAE=0.837°C
2026-05-24 21:11:42 [nas_nsga2][square][nsga2][k=-][s=-] INFO   NSGA2 eval 440  arch=[10]  MAE=19.894°C
2026-05-24 21:12:38 [nas_nsga2][square][nsga2][k=-][s=-] INFO   NSGA2 eval 450  arch=[10, 10, 10, 50]  MAE=1.830°C
2026-05-24 21:13:40 [nas_nsga2][square][nsga2][k=-][s=-] INFO   NSGA2 eval 460  arch=[10]  MAE=20.676°C
2026-05-24 21:14:41 [nas_nsga2][square][nsga2][k=-][s=-] INFO   NSGA2 eval 470  arch=[50, 10, 10, 10]  MAE=15.384°C
2026-05-24 21:15:40 [nas_nsga2][square][nsga2][k=-][s=-] INFO   NSGA2 eval 480  arch=[10, 10, 30, 70]  MAE=4.041°C
2026-05-24 21:16:34 [nas_nsga2][square][nsga2][k=-][s=-] INFO   NSGA2 eval 490  arch=[10]  MAE=20.028°C
2026-05-24 21:17:39 [nas_nsga2][square][nsga2][k=-][s=-] INFO   NSGA2 eval 500  arch=[50, 10, 10, 50]  MAE=0.528°C
2026-05-24 21:17:39 [nas_nsga2][square][nsga2][k=-][s=-] INFO Pareto front size=15  min-MAE arch: [50, 10, 10, 70, 50]  search MAE=0.227°C  params=5191
2026-05-24 21:17:39 [nas_nsga2][square][nsga2][k=-][s=-] INFO Final train: arch=[50, 10, 10, 70, 50]  epochs=2000
2026-05-24 21:18:12 [nas_nsga2][square][nsga2][k=-][s=-] INFO NSGA2 done: arch=[50, 10, 10, 70, 50]  MAE=28.026°C  L2=0.4167  time=2936 s
