2026-05-23 17:36:16 [nas_tpe][circle][tpe][k=-][s=-] INFO TPE search: 3 trials  100 epochs/trial  geo=circle
2026-05-23 17:36:19 [nas_tpe][circle][tpe][k=-][s=-] INFO   Trial  1/3  arch=[10, 90, 90]  MAE=23.578°C
2026-05-23 17:36:20 [nas_tpe][circle][tpe][k=-][s=-] INFO   Trial  2/3  arch=[110, 90, 50]  MAE=29.014°C
2026-05-23 17:36:22 [nas_tpe][circle][tpe][k=-][s=-] INFO   Trial  3/3  arch=[90, 110, 30, 110, 90]  MAE=34.626°C
2026-05-23 17:36:22 [nas_tpe][circle][tpe][k=-][s=-] INFO Best arch: [10, 90, 90]  search MAE=23.578°C
2026-05-23 17:36:22 [nas_tpe][circle][tpe][k=-][s=-] INFO Final train: arch=[10, 90, 90]  epochs=200
2026-05-23 17:36:25 [nas_tpe][circle][tpe][k=-][s=-] INFO TPE done: arch=[10, 90, 90]  MAE=28.830°C  L2=0.5073  params=9311  time=8 s
2026-05-23 17:42:59 [nas_tpe][circle][tpe][k=-][s=-] INFO TPE search: 50 trials  500 epochs/trial  geo=circle
2026-05-23 17:43:07 [nas_tpe][circle][tpe][k=-][s=-] INFO   Trial  1/50  arch=[10, 90, 90]  MAE=2.084°C
2026-05-23 17:43:13 [nas_tpe][circle][tpe][k=-][s=-] INFO   Trial  2/50  arch=[110, 90, 50]  MAE=6.088°C
2026-05-23 17:43:22 [nas_tpe][circle][tpe][k=-][s=-] INFO   Trial  3/50  arch=[90, 110, 30, 110, 90]  MAE=8.570°C
2026-05-23 17:43:33 [nas_tpe][circle][tpe][k=-][s=-] INFO   Trial  4/50  arch=[70, 90, 90, 10, 10, 90, 30]  MAE=5.768°C
2026-05-23 17:43:43 [nas_tpe][circle][tpe][k=-][s=-] INFO   Trial  5/50  arch=[110, 50, 50, 70, 50, 70, 110]  MAE=19.023°C
2026-05-23 17:43:53 [nas_tpe][circle][tpe][k=-][s=-] INFO TPE search: 50 trials  500 epochs/trial  geo=circle
2026-05-23 17:44:00 [nas_tpe][circle][tpe][k=-][s=-] INFO   Trial  1/50  arch=[10, 90, 90]  MAE=2.084°C
2026-05-23 17:44:07 [nas_tpe][circle][tpe][k=-][s=-] INFO   Trial  2/50  arch=[110, 90, 50]  MAE=6.088°C
2026-05-23 17:44:14 [nas_tpe][circle][tpe][k=-][s=-] INFO   Trial  3/50  arch=[90, 110, 30, 110, 90]  MAE=8.570°C
2026-05-23 17:44:24 [nas_tpe][circle][tpe][k=-][s=-] INFO   Trial  4/50  arch=[70, 90, 90, 10, 10, 90, 30]  MAE=5.768°C
2026-05-23 17:44:35 [nas_tpe][circle][tpe][k=-][s=-] INFO   Trial  5/50  arch=[110, 50, 50, 70, 50, 70, 110]  MAE=19.023°C
2026-05-23 17:44:40 [nas_tpe][circle][tpe][k=-][s=-] INFO   Trial  6/50  arch=[30, 70]  MAE=30.723°C
2026-05-23 17:44:44 [nas_tpe][circle][tpe][k=-][s=-] INFO   Trial  7/50  arch=[30]  MAE=20.035°C
2026-05-23 17:44:49 [nas_tpe][circle][tpe][k=-][s=-] INFO   Trial  8/50  arch=[50, 10]  MAE=21.018°C
2026-05-23 17:44:56 [nas_tpe][circle][tpe][k=-][s=-] INFO   Trial  9/50  arch=[70, 50, 50, 90]  MAE=8.942°C
2026-05-23 17:45:01 [nas_tpe][circle][tpe][k=-][s=-] INFO   Trial 10/50  arch=[110, 10]  MAE=21.073°C
2026-05-23 17:45:08 [nas_tpe][circle][tpe][k=-][s=-] INFO   Trial 11/50  arch=[10, 30, 90, 30]  MAE=8.686°C
2026-05-23 17:45:19 [nas_tpe][circle][tpe][k=-][s=-] INFO   Trial 12/50  arch=[10, 90, 90, 10, 10, 90, 30]  MAE=6.002°C
2026-05-23 17:45:28 [nas_tpe][circle][tpe][k=-][s=-] INFO   Trial 13/50  arch=[70, 90, 90, 10, 10, 90]  MAE=11.678°C
2026-05-23 17:45:36 [nas_tpe][circle][tpe][k=-][s=-] INFO   Trial 14/50  arch=[10, 90, 10, 50, 70]  MAE=8.162°C
2026-05-23 17:45:43 [nas_tpe][circle][tpe][k=-][s=-] INFO   Trial 15/50  arch=[70, 90, 110, 10]  MAE=13.114°C
2026-05-23 17:45:52 [nas_tpe][circle][tpe][k=-][s=-] INFO   Trial 16/50  arch=[90, 30, 70, 30, 30, 110]  MAE=17.956°C
2026-05-23 17:45:57 [nas_tpe][circle][tpe][k=-][s=-] INFO   Trial 17/50  arch=[50, 70, 90]  MAE=6.939°C
2026-05-23 17:46:05 [nas_tpe][circle][tpe][k=-][s=-] INFO   Trial 18/50  arch=[70, 90, 90, 70, 110]  MAE=19.832°C
2026-05-23 17:46:11 [nas_tpe][circle][tpe][k=-][s=-] INFO   Trial 19/50  arch=[10, 110, 110]  MAE=14.280°C
2026-05-23 17:46:14 [nas_tpe][circle][tpe][k=-][s=-] INFO   Trial 20/50  arch=[10]  MAE=19.918°C
2026-05-23 17:46:23 [nas_tpe][circle][tpe][k=-][s=-] INFO   Trial 21/50  arch=[70, 90, 10, 50, 10, 10]  MAE=14.353°C
2026-05-23 17:46:33 [nas_tpe][circle][tpe][k=-][s=-] INFO   Trial 22/50  arch=[10, 90, 90, 10, 10, 90, 30]  MAE=5.310°C
2026-05-23 17:46:43 [nas_tpe][circle][tpe][k=-][s=-] INFO   Trial 23/50  arch=[10, 90, 90, 10, 10, 50, 30]  MAE=4.404°C
2026-05-23 17:46:53 [nas_tpe][circle][tpe][k=-][s=-] INFO   Trial 24/50  arch=[10, 90, 90, 10, 10, 50, 90]  MAE=2.929°C
2026-05-23 17:47:02 [nas_tpe][circle][tpe][k=-][s=-] INFO   Trial 25/50  arch=[10, 90, 70, 110, 50, 50]  MAE=0.833°C
2026-05-23 17:47:10 [nas_tpe][circle][tpe][k=-][s=-] INFO   Trial 26/50  arch=[10, 90, 70, 110, 50, 50]  MAE=1.207°C
2026-05-23 17:47:19 [nas_tpe][circle][tpe][k=-][s=-] INFO   Trial 27/50  arch=[10, 30, 70, 110, 50, 30]  MAE=5.573°C
2026-05-23 17:47:27 [nas_tpe][circle][tpe][k=-][s=-] INFO   Trial 28/50  arch=[10, 110, 70, 110, 50]  MAE=1.055°C
2026-05-23 17:47:35 [nas_tpe][circle][tpe][k=-][s=-] INFO   Trial 29/50  arch=[10, 110, 70, 110, 50]  MAE=36.424°C
2026-05-23 17:47:44 [nas_tpe][circle][tpe][k=-][s=-] INFO   Trial 30/50  arch=[10, 110, 70, 110, 50, 50]  MAE=0.587°C
2026-05-23 17:47:52 [nas_tpe][circle][tpe][k=-][s=-] INFO   Trial 31/50  arch=[30, 110, 70, 110, 50]  MAE=0.807°C
2026-05-23 17:48:00 [nas_tpe][circle][tpe][k=-][s=-] INFO   Trial 32/50  arch=[30, 110, 70, 110, 50]  MAE=0.499°C
2026-05-23 17:48:09 [nas_tpe][circle][tpe][k=-][s=-] INFO   Trial 33/50  arch=[30, 110, 70, 110, 50, 50]  MAE=2.516°C
2026-05-23 17:48:17 [nas_tpe][circle][tpe][k=-][s=-] INFO   Trial 34/50  arch=[30, 110, 70, 110, 50]  MAE=0.648°C
2026-05-23 17:48:24 [nas_tpe][circle][tpe][k=-][s=-] INFO   Trial 35/50  arch=[30, 110, 70, 110, 50]  MAE=0.554°C
2026-05-23 17:48:32 [nas_tpe][circle][tpe][k=-][s=-] INFO   Trial 36/50  arch=[30, 110, 70, 110, 50]  MAE=0.465°C
2026-05-23 17:48:40 [nas_tpe][circle][tpe][k=-][s=-] INFO   Trial 37/50  arch=[30, 110, 30, 90]  MAE=10.653°C
2026-05-23 17:48:47 [nas_tpe][circle][tpe][k=-][s=-] INFO   Trial 38/50  arch=[30, 110, 70, 110]  MAE=18.074°C
2026-05-23 17:48:55 [nas_tpe][circle][tpe][k=-][s=-] INFO   Trial 39/50  arch=[30, 110, 70, 110, 30]  MAE=6.119°C
2026-05-23 17:49:02 [nas_tpe][circle][tpe][k=-][s=-] INFO   Trial 40/50  arch=[90, 110, 30, 110]  MAE=10.681°C
2026-05-23 17:49:10 [nas_tpe][circle][tpe][k=-][s=-] INFO   Trial 41/50  arch=[30, 50, 70, 110, 110]  MAE=15.386°C
2026-05-23 17:49:18 [nas_tpe][circle][tpe][k=-][s=-] INFO   Trial 42/50  arch=[30, 110, 70, 110, 50]  MAE=0.479°C
2026-05-23 17:49:26 [nas_tpe][circle][tpe][k=-][s=-] INFO   Trial 43/50  arch=[30, 110, 70, 110, 50]  MAE=0.601°C
2026-05-23 17:49:35 [nas_tpe][circle][tpe][k=-][s=-] INFO   Trial 44/50  arch=[110, 110, 50, 110, 50, 70]  MAE=7.810°C
2026-05-23 17:49:41 [nas_tpe][circle][tpe][k=-][s=-] INFO   Trial 45/50  arch=[30, 10, 70, 70]  MAE=3.924°C
2026-05-23 17:49:49 [nas_tpe][circle][tpe][k=-][s=-] INFO   Trial 46/50  arch=[30, 110, 70, 90, 70]  MAE=3.065°C
2026-05-23 17:49:58 [nas_tpe][circle][tpe][k=-][s=-] INFO   Trial 47/50  arch=[50, 70, 10, 30, 50, 30]  MAE=6.922°C
2026-05-23 17:50:06 [nas_tpe][circle][tpe][k=-][s=-] INFO   Trial 48/50  arch=[30, 110, 110, 110, 90]  MAE=10.204°C
2026-05-23 17:50:15 [nas_tpe][circle][tpe][k=-][s=-] INFO   Trial 49/50  arch=[110, 50, 50, 50, 90, 10]  MAE=16.557°C
2026-05-23 17:50:21 [nas_tpe][circle][tpe][k=-][s=-] INFO   Trial 50/50  arch=[30, 110, 70]  MAE=11.331°C
2026-05-23 17:50:21 [nas_tpe][circle][tpe][k=-][s=-] INFO Best arch: [30, 110, 70, 110, 50]  search MAE=0.465°C
2026-05-23 17:50:21 [nas_tpe][circle][tpe][k=-][s=-] INFO Final train: arch=[30, 110, 70, 110, 50]  epochs=2000
2026-05-23 17:50:55 [nas_tpe][circle][tpe][k=-][s=-] INFO TPE done: arch=[30, 110, 70, 110, 50]  MAE=25.984°C  L2=0.3390  params=24711  time=422 s
2026-05-23 18:47:53 [nas_tpe][circle][tpe][k=-][s=-] INFO TPE search: 50 trials  500 epochs/trial  geo=circle
2026-05-23 18:48:01 [nas_tpe][circle][tpe][k=-][s=-] INFO   Trial  1/50  arch=[10, 90, 90]  MAE=9.093°C
2026-05-23 18:48:08 [nas_tpe][circle][tpe][k=-][s=-] INFO   Trial  2/50  arch=[110, 90, 50]  MAE=5.082°C
2026-05-23 18:48:16 [nas_tpe][circle][tpe][k=-][s=-] INFO   Trial  3/50  arch=[90, 110, 30, 110, 90]  MAE=13.145°C
2026-05-23 18:48:27 [nas_tpe][circle][tpe][k=-][s=-] INFO   Trial  4/50  arch=[70, 90, 90, 10, 10, 90, 30]  MAE=10.536°C
2026-05-23 18:48:38 [nas_tpe][circle][tpe][k=-][s=-] INFO   Trial  5/50  arch=[110, 50, 50, 70, 50, 70, 110]  MAE=19.433°C
2026-05-23 18:48:44 [nas_tpe][circle][tpe][k=-][s=-] INFO   Trial  6/50  arch=[30, 70]  MAE=18.989°C
2026-05-23 18:48:48 [nas_tpe][circle][tpe][k=-][s=-] INFO   Trial  7/50  arch=[30]  MAE=20.778°C
2026-05-23 18:48:53 [nas_tpe][circle][tpe][k=-][s=-] INFO   Trial  8/50  arch=[50, 10]  MAE=20.322°C
2026-05-23 18:49:01 [nas_tpe][circle][tpe][k=-][s=-] INFO   Trial  9/50  arch=[70, 50, 50, 90]  MAE=13.001°C
2026-05-23 18:49:06 [nas_tpe][circle][tpe][k=-][s=-] INFO   Trial 10/50  arch=[110, 10]  MAE=18.988°C
2026-05-23 18:49:14 [nas_tpe][circle][tpe][k=-][s=-] INFO   Trial 11/50  arch=[110, 30, 10, 30]  MAE=8.200°C
2026-05-23 18:49:23 [nas_tpe][circle][tpe][k=-][s=-] INFO   Trial 12/50  arch=[110, 30, 10, 30, 110]  MAE=21.739°C
2026-05-23 18:49:31 [nas_tpe][circle][tpe][k=-][s=-] INFO   Trial 13/50  arch=[110, 30, 110, 30]  MAE=10.843°C
2026-05-23 18:49:39 [nas_tpe][circle][tpe][k=-][s=-] INFO   Trial 14/50  arch=[110, 90, 10, 50, 30]  MAE=9.686°C
2026-05-23 18:49:46 [nas_tpe][circle][tpe][k=-][s=-] INFO   Trial 15/50  arch=[50, 30, 70]  MAE=4.473°C
2026-05-23 18:49:52 [nas_tpe][circle][tpe][k=-][s=-] INFO   Trial 16/50  arch=[50, 110, 70]  MAE=5.830°C
2026-05-23 18:49:57 [nas_tpe][circle][tpe][k=-][s=-] INFO   Trial 17/50  arch=[50]  MAE=20.992°C
2026-05-23 18:50:04 [nas_tpe][circle][tpe][k=-][s=-] INFO   Trial 18/50  arch=[90, 70, 70]  MAE=3.496°C
2026-05-23 18:50:14 [nas_tpe][circle][tpe][k=-][s=-] INFO   Trial 19/50  arch=[90, 70, 70, 90, 70, 110]  MAE=20.433°C
2026-05-23 18:50:21 [nas_tpe][circle][tpe][k=-][s=-] INFO   Trial 20/50  arch=[90, 70, 70]  MAE=3.277°C
2026-05-23 18:50:26 [nas_tpe][circle][tpe][k=-][s=-] INFO   Trial 21/50  arch=[90, 70]  MAE=8.782°C
2026-05-23 18:50:32 [nas_tpe][circle][tpe][k=-][s=-] INFO   Trial 22/50  arch=[90, 70, 70]  MAE=3.136°C
2026-05-23 18:50:39 [nas_tpe][circle][tpe][k=-][s=-] INFO   Trial 23/50  arch=[90, 70, 70]  MAE=3.827°C
2026-05-23 18:50:46 [nas_tpe][circle][tpe][k=-][s=-] INFO   Trial 24/50  arch=[90, 70, 70, 70]  MAE=5.393°C
2026-05-23 18:50:52 [nas_tpe][circle][tpe][k=-][s=-] INFO   Trial 25/50  arch=[90, 70]  MAE=10.499°C
2026-05-23 18:50:59 [nas_tpe][circle][tpe][k=-][s=-] INFO   Trial 26/50  arch=[90, 70, 70, 10]  MAE=15.632°C
2026-05-23 18:51:06 [nas_tpe][circle][tpe][k=-][s=-] INFO   Trial 27/50  arch=[10, 70, 70]  MAE=3.929°C
2026-05-23 18:51:10 [nas_tpe][circle][tpe][k=-][s=-] INFO   Trial 28/50  arch=[90]  MAE=19.688°C
2026-05-23 18:51:16 [nas_tpe][circle][tpe][k=-][s=-] INFO   Trial 29/50  arch=[90, 70, 30]  MAE=11.270°C
2026-05-23 18:51:22 [nas_tpe][circle][tpe][k=-][s=-] INFO   Trial 30/50  arch=[10, 70]  MAE=18.001°C
2026-05-23 18:51:29 [nas_tpe][circle][tpe][k=-][s=-] INFO   Trial 31/50  arch=[90, 70, 110, 110]  MAE=17.335°C
2026-05-23 18:51:36 [nas_tpe][circle][tpe][k=-][s=-] INFO   Trial 32/50  arch=[90, 70, 70]  MAE=3.606°C
2026-05-23 18:51:42 [nas_tpe][circle][tpe][k=-][s=-] INFO   Trial 33/50  arch=[90, 70, 70]  MAE=3.997°C
2026-05-23 18:51:49 [nas_tpe][circle][tpe][k=-][s=-] INFO   Trial 34/50  arch=[90, 70, 70]  MAE=3.409°C
2026-05-23 18:51:55 [nas_tpe][circle][tpe][k=-][s=-] INFO   Trial 35/50  arch=[90, 10, 70]  MAE=3.248°C
2026-05-23 18:52:03 [nas_tpe][circle][tpe][k=-][s=-] INFO   Trial 36/50  arch=[70, 10, 70, 50]  MAE=2.114°C
2026-05-23 18:52:11 [nas_tpe][circle][tpe][k=-][s=-] INFO   Trial 37/50  arch=[70, 10, 70, 50, 70]  MAE=7.114°C
2026-05-23 18:52:21 [nas_tpe][circle][tpe][k=-][s=-] INFO   Trial 38/50  arch=[70, 10, 70, 50, 90, 30]  MAE=8.193°C
2026-05-23 18:52:29 [nas_tpe][circle][tpe][k=-][s=-] INFO   Trial 39/50  arch=[70, 10, 30, 50]  MAE=3.518°C
2026-05-23 18:52:37 [nas_tpe][circle][tpe][k=-][s=-] INFO   Trial 40/50  arch=[30, 10, 90, 50, 110]  MAE=22.470°C
2026-05-23 18:52:42 [nas_tpe][circle][tpe][k=-][s=-] INFO   Trial 41/50  arch=[70, 110]  MAE=6.822°C
2026-05-23 18:52:50 [nas_tpe][circle][tpe][k=-][s=-] INFO   Trial 42/50  arch=[90, 10, 70, 110]  MAE=18.470°C
2026-05-23 18:52:56 [nas_tpe][circle][tpe][k=-][s=-] INFO   Trial 43/50  arch=[30, 50, 70]  MAE=3.537°C
2026-05-23 18:53:02 [nas_tpe][circle][tpe][k=-][s=-] INFO   Trial 44/50  arch=[10, 90, 70]  MAE=2.885°C
2026-05-23 18:53:10 [nas_tpe][circle][tpe][k=-][s=-] INFO   Trial 45/50  arch=[10, 90, 70, 10]  MAE=16.738°C
2026-05-23 18:53:15 [nas_tpe][circle][tpe][k=-][s=-] INFO   Trial 46/50  arch=[10, 90]  MAE=22.371°C
2026-05-23 18:53:22 [nas_tpe][circle][tpe][k=-][s=-] INFO   Trial 47/50  arch=[10, 90, 90]  MAE=8.351°C
2026-05-23 18:53:29 [nas_tpe][circle][tpe][k=-][s=-] INFO   Trial 48/50  arch=[70, 10, 110, 90]  MAE=10.781°C
2026-05-23 18:53:35 [nas_tpe][circle][tpe][k=-][s=-] INFO   Trial 49/50  arch=[10, 90]  MAE=25.115°C
2026-05-23 18:53:42 [nas_tpe][circle][tpe][k=-][s=-] INFO   Trial 50/50  arch=[70, 50, 70, 70]  MAE=4.201°C
2026-05-23 18:53:42 [nas_tpe][circle][tpe][k=-][s=-] INFO Best arch: [70, 10, 70, 50]  search MAE=2.114°C
2026-05-23 18:53:42 [nas_tpe][circle][tpe][k=-][s=-] INFO Final train: arch=[70, 10, 70, 50]  epochs=2000
2026-05-23 18:54:16 [nas_tpe][circle][tpe][k=-][s=-] INFO TPE done: arch=[70, 10, 70, 50]  MAE=69.164°C  L2=0.5823  params=5361  time=383 s
2026-05-23 18:58:03 [nas_tpe][circle][tpe][k=-][s=-] INFO TPE search: 50 trials  500 epochs/trial  geo=circle
2026-05-23 18:58:12 [nas_tpe][circle][tpe][k=-][s=-] INFO   Trial  1/50  arch=[10, 90, 90]  MAE=9.093°C
2026-05-23 18:58:18 [nas_tpe][circle][tpe][k=-][s=-] INFO   Trial  2/50  arch=[110, 90, 50]  MAE=5.082°C
2026-05-23 18:58:26 [nas_tpe][circle][tpe][k=-][s=-] INFO   Trial  3/50  arch=[90, 110, 30, 110, 90]  MAE=13.145°C
2026-05-23 18:58:37 [nas_tpe][circle][tpe][k=-][s=-] INFO   Trial  4/50  arch=[70, 90, 90, 10, 10, 90, 30]  MAE=10.536°C
2026-05-23 18:58:48 [nas_tpe][circle][tpe][k=-][s=-] INFO   Trial  5/50  arch=[110, 50, 50, 70, 50, 70, 110]  MAE=19.433°C
2026-05-23 18:58:53 [nas_tpe][circle][tpe][k=-][s=-] INFO   Trial  6/50  arch=[30, 70]  MAE=18.989°C
2026-05-23 18:58:58 [nas_tpe][circle][tpe][k=-][s=-] INFO   Trial  7/50  arch=[30]  MAE=20.778°C
2026-05-23 18:59:03 [nas_tpe][circle][tpe][k=-][s=-] INFO   Trial  8/50  arch=[50, 10]  MAE=20.322°C
2026-05-23 18:59:10 [nas_tpe][circle][tpe][k=-][s=-] INFO   Trial  9/50  arch=[70, 50, 50, 90]  MAE=13.001°C
2026-05-23 18:59:15 [nas_tpe][circle][tpe][k=-][s=-] INFO   Trial 10/50  arch=[110, 10]  MAE=18.988°C
2026-05-23 18:59:22 [nas_tpe][circle][tpe][k=-][s=-] INFO   Trial 11/50  arch=[110, 30, 10, 30]  MAE=8.200°C
2026-05-23 18:59:30 [nas_tpe][circle][tpe][k=-][s=-] INFO   Trial 12/50  arch=[110, 30, 10, 30, 110]  MAE=21.739°C
2026-05-23 18:59:38 [nas_tpe][circle][tpe][k=-][s=-] INFO   Trial 13/50  arch=[110, 30, 110, 30]  MAE=10.843°C
2026-05-23 18:59:46 [nas_tpe][circle][tpe][k=-][s=-] INFO   Trial 14/50  arch=[110, 90, 10, 50, 30]  MAE=9.686°C
2026-05-23 18:59:52 [nas_tpe][circle][tpe][k=-][s=-] INFO   Trial 15/50  arch=[50, 30, 70]  MAE=4.473°C
2026-05-23 18:59:59 [nas_tpe][circle][tpe][k=-][s=-] INFO   Trial 16/50  arch=[50, 110, 70]  MAE=5.830°C
2026-05-23 19:00:03 [nas_tpe][circle][tpe][k=-][s=-] INFO   Trial 17/50  arch=[50]  MAE=20.992°C
2026-05-23 19:00:09 [nas_tpe][circle][tpe][k=-][s=-] INFO   Trial 18/50  arch=[90, 70, 70]  MAE=3.496°C
2026-05-23 19:00:18 [nas_tpe][circle][tpe][k=-][s=-] INFO   Trial 19/50  arch=[90, 70, 70, 90, 70, 110]  MAE=20.433°C
2026-05-23 19:00:24 [nas_tpe][circle][tpe][k=-][s=-] INFO   Trial 20/50  arch=[90, 70, 70]  MAE=3.277°C
2026-05-23 19:00:29 [nas_tpe][circle][tpe][k=-][s=-] INFO   Trial 21/50  arch=[90, 70]  MAE=8.782°C
2026-05-23 19:00:35 [nas_tpe][circle][tpe][k=-][s=-] INFO   Trial 22/50  arch=[90, 70, 70]  MAE=3.136°C
2026-05-23 19:00:41 [nas_tpe][circle][tpe][k=-][s=-] INFO   Trial 23/50  arch=[90, 70, 70]  MAE=3.827°C
2026-05-23 19:00:49 [nas_tpe][circle][tpe][k=-][s=-] INFO   Trial 24/50  arch=[90, 70, 70, 70]  MAE=5.393°C
2026-05-23 19:00:54 [nas_tpe][circle][tpe][k=-][s=-] INFO   Trial 25/50  arch=[90, 70]  MAE=10.499°C
2026-05-23 19:01:01 [nas_tpe][circle][tpe][k=-][s=-] INFO   Trial 26/50  arch=[90, 70, 70, 10]  MAE=15.632°C
2026-05-23 19:01:07 [nas_tpe][circle][tpe][k=-][s=-] INFO   Trial 27/50  arch=[10, 70, 70]  MAE=3.929°C
2026-05-23 19:01:12 [nas_tpe][circle][tpe][k=-][s=-] INFO   Trial 28/50  arch=[90]  MAE=19.688°C
2026-05-23 19:01:19 [nas_tpe][circle][tpe][k=-][s=-] INFO   Trial 29/50  arch=[90, 70, 30]  MAE=11.270°C
2026-05-23 19:01:25 [nas_tpe][circle][tpe][k=-][s=-] INFO   Trial 30/50  arch=[10, 70]  MAE=18.001°C
2026-05-23 19:01:34 [nas_tpe][circle][tpe][k=-][s=-] INFO   Trial 31/50  arch=[90, 70, 110, 110]  MAE=17.335°C
2026-05-23 19:01:40 [nas_tpe][circle][tpe][k=-][s=-] INFO   Trial 32/50  arch=[90, 70, 70]  MAE=3.606°C
2026-05-23 19:01:46 [nas_tpe][circle][tpe][k=-][s=-] INFO   Trial 33/50  arch=[90, 70, 70]  MAE=3.997°C
2026-05-23 19:01:52 [nas_tpe][circle][tpe][k=-][s=-] INFO   Trial 34/50  arch=[90, 70, 70]  MAE=3.409°C
2026-05-23 19:01:58 [nas_tpe][circle][tpe][k=-][s=-] INFO   Trial 35/50  arch=[90, 10, 70]  MAE=3.248°C
2026-05-23 19:02:06 [nas_tpe][circle][tpe][k=-][s=-] INFO   Trial 36/50  arch=[70, 10, 70, 50]  MAE=2.114°C
2026-05-23 19:02:14 [nas_tpe][circle][tpe][k=-][s=-] INFO   Trial 37/50  arch=[70, 10, 70, 50, 70]  MAE=7.114°C
2026-05-23 19:02:23 [nas_tpe][circle][tpe][k=-][s=-] INFO   Trial 38/50  arch=[70, 10, 70, 50, 90, 30]  MAE=8.193°C
2026-05-23 19:02:30 [nas_tpe][circle][tpe][k=-][s=-] INFO   Trial 39/50  arch=[70, 10, 30, 50]  MAE=3.518°C
2026-05-23 19:02:38 [nas_tpe][circle][tpe][k=-][s=-] INFO   Trial 40/50  arch=[30, 10, 90, 50, 110]  MAE=22.470°C
2026-05-23 19:02:43 [nas_tpe][circle][tpe][k=-][s=-] INFO   Trial 41/50  arch=[70, 110]  MAE=6.822°C
2026-05-23 19:02:50 [nas_tpe][circle][tpe][k=-][s=-] INFO   Trial 42/50  arch=[90, 10, 70, 110]  MAE=18.470°C
2026-05-23 19:02:56 [nas_tpe][circle][tpe][k=-][s=-] INFO   Trial 43/50  arch=[30, 50, 70]  MAE=3.537°C
2026-05-23 19:03:02 [nas_tpe][circle][tpe][k=-][s=-] INFO   Trial 44/50  arch=[10, 90, 70]  MAE=2.885°C
2026-05-23 19:03:09 [nas_tpe][circle][tpe][k=-][s=-] INFO   Trial 45/50  arch=[10, 90, 70, 10]  MAE=16.738°C
2026-05-23 19:03:14 [nas_tpe][circle][tpe][k=-][s=-] INFO   Trial 46/50  arch=[10, 90]  MAE=22.371°C
2026-05-23 19:03:21 [nas_tpe][circle][tpe][k=-][s=-] INFO   Trial 47/50  arch=[10, 90, 90]  MAE=8.351°C
2026-05-23 19:03:28 [nas_tpe][circle][tpe][k=-][s=-] INFO   Trial 48/50  arch=[70, 10, 110, 90]  MAE=10.781°C
2026-05-23 19:03:32 [nas_tpe][circle][tpe][k=-][s=-] INFO   Trial 49/50  arch=[10, 90]  MAE=25.115°C
2026-05-23 19:03:39 [nas_tpe][circle][tpe][k=-][s=-] INFO   Trial 50/50  arch=[70, 50, 70, 70]  MAE=4.201°C
2026-05-23 19:03:39 [nas_tpe][circle][tpe][k=-][s=-] INFO Best arch: [70, 10, 70, 50]  search MAE=2.114°C
2026-05-23 19:03:39 [nas_tpe][circle][tpe][k=-][s=-] INFO Final train: arch=[70, 10, 70, 50]  epochs=2000
2026-05-23 19:04:09 [nas_tpe][circle][tpe][k=-][s=-] INFO TPE done: arch=[70, 10, 70, 50]  MAE=69.164°C  L2=0.5823  params=5361  time=366 s
2026-05-23 19:13:15 [nas_tpe][circle][tpe][k=-][s=-] INFO TPE search: 50 trials  500 epochs/trial  geo=circle
2026-05-23 19:13:23 [nas_tpe][circle][tpe][k=-][s=-] INFO   Trial  1/50  arch=[10, 90, 90]  MAE=6.116°C
2026-05-23 19:13:28 [nas_tpe][circle][tpe][k=-][s=-] INFO   Trial  2/50  arch=[110, 90, 50]  MAE=6.148°C
2026-05-23 19:13:36 [nas_tpe][circle][tpe][k=-][s=-] INFO   Trial  3/50  arch=[90, 110, 30, 110, 90]  MAE=10.288°C
2026-05-23 19:13:46 [nas_tpe][circle][tpe][k=-][s=-] INFO   Trial  4/50  arch=[70, 90, 90, 10, 10, 90, 30]  MAE=6.818°C
2026-05-23 19:13:56 [nas_tpe][circle][tpe][k=-][s=-] INFO   Trial  5/50  arch=[110, 50, 50, 70, 50, 70, 110]  MAE=20.311°C
2026-05-23 19:14:00 [nas_tpe][circle][tpe][k=-][s=-] INFO   Trial  6/50  arch=[30, 70]  MAE=24.118°C
2026-05-23 19:14:04 [nas_tpe][circle][tpe][k=-][s=-] INFO   Trial  7/50  arch=[30]  MAE=19.787°C
2026-05-23 19:14:09 [nas_tpe][circle][tpe][k=-][s=-] INFO   Trial  8/50  arch=[50, 10]  MAE=20.032°C
2026-05-23 19:14:15 [nas_tpe][circle][tpe][k=-][s=-] INFO   Trial  9/50  arch=[70, 50, 50, 90]  MAE=6.860°C
2026-05-23 19:14:20 [nas_tpe][circle][tpe][k=-][s=-] INFO   Trial 10/50  arch=[110, 10]  MAE=19.303°C
2026-05-23 19:14:27 [nas_tpe][circle][tpe][k=-][s=-] INFO   Trial 11/50  arch=[10, 30, 90, 30]  MAE=7.899°C
2026-05-23 19:14:32 [nas_tpe][circle][tpe][k=-][s=-] INFO   Trial 12/50  arch=[10, 90, 110]  MAE=6.229°C
2026-05-23 19:14:40 [nas_tpe][circle][tpe][k=-][s=-] INFO   Trial 13/50  arch=[110, 90, 10, 50, 30]  MAE=10.549°C
2026-05-23 19:14:46 [nas_tpe][circle][tpe][k=-][s=-] INFO   Trial 14/50  arch=[10, 90, 70]  MAE=2.412°C
2026-05-23 19:14:51 [nas_tpe][circle][tpe][k=-][s=-] INFO   Trial 15/50  arch=[10, 90, 70]  MAE=12.738°C
2026-05-23 19:14:55 [nas_tpe][circle][tpe][k=-][s=-] INFO   Trial 16/50  arch=[10]  MAE=20.714°C
2026-05-23 19:15:03 [nas_tpe][circle][tpe][k=-][s=-] INFO   Trial 17/50  arch=[10, 30, 70, 110, 110]  MAE=6.955°C
2026-05-23 19:15:12 [nas_tpe][circle][tpe][k=-][s=-] INFO   Trial 18/50  arch=[90, 110, 70, 50, 70, 110]  MAE=19.402°C
2026-05-23 19:15:18 [nas_tpe][circle][tpe][k=-][s=-] INFO   Trial 19/50  arch=[50, 70, 90]  MAE=9.590°C
2026-05-23 19:15:25 [nas_tpe][circle][tpe][k=-][s=-] INFO   Trial 20/50  arch=[10, 90, 110, 90]  MAE=3.945°C
2026-05-23 19:15:32 [nas_tpe][circle][tpe][k=-][s=-] INFO   Trial 21/50  arch=[10, 90, 110, 90]  MAE=4.879°C
2026-05-23 19:15:41 [nas_tpe][circle][tpe][k=-][s=-] INFO   Trial 22/50  arch=[10, 90, 110, 90]  MAE=4.679°C
2026-05-23 19:15:48 [nas_tpe][circle][tpe][k=-][s=-] INFO   Trial 23/50  arch=[10, 90, 110, 90, 90]  MAE=3.637°C
2026-05-23 19:15:57 [nas_tpe][circle][tpe][k=-][s=-] INFO   Trial 24/50  arch=[10, 90, 110, 90, 90, 10]  MAE=15.033°C
2026-05-23 19:16:06 [nas_tpe][circle][tpe][k=-][s=-] INFO   Trial 25/50  arch=[10, 90, 110, 90, 90, 30]  MAE=9.533°C
2026-05-23 19:16:14 [nas_tpe][circle][tpe][k=-][s=-] INFO   Trial 26/50  arch=[10, 90, 30, 10, 70]  MAE=2.240°C
2026-05-23 19:16:22 [nas_tpe][circle][tpe][k=-][s=-] INFO   Trial 27/50  arch=[90, 50, 30, 10, 70]  MAE=6.135°C
2026-05-23 19:16:32 [nas_tpe][circle][tpe][k=-][s=-] INFO   Trial 28/50  arch=[30, 10, 30, 10, 70, 50]  MAE=1.547°C
2026-05-23 19:16:41 [nas_tpe][circle][tpe][k=-][s=-] INFO   Trial 29/50  arch=[30, 10, 30, 10, 70, 50]  MAE=1.663°C
2026-05-23 19:16:50 [nas_tpe][circle][tpe][k=-][s=-] INFO   Trial 30/50  arch=[30, 10, 30, 10, 70, 50]  MAE=1.418°C
2026-05-23 19:17:00 [nas_tpe][circle][tpe][k=-][s=-] INFO   Trial 31/50  arch=[30, 10, 30, 10, 70, 50, 70]  MAE=8.435°C
2026-05-23 19:17:09 [nas_tpe][circle][tpe][k=-][s=-] INFO   Trial 32/50  arch=[30, 10, 30, 10, 70, 50]  MAE=1.313°C
2026-05-23 19:17:18 [nas_tpe][circle][tpe][k=-][s=-] INFO   Trial 33/50  arch=[30, 10, 30, 10, 70, 50]  MAE=1.040°C
2026-05-23 19:17:26 [nas_tpe][circle][tpe][k=-][s=-] INFO   Trial 34/50  arch=[30, 10, 30, 10, 70, 50]  MAE=1.104°C
2026-05-23 19:17:36 [nas_tpe][circle][tpe][k=-][s=-] INFO   Trial 35/50  arch=[30, 10, 30, 10, 70, 50, 50]  MAE=1.866°C
2026-05-23 19:17:45 [nas_tpe][circle][tpe][k=-][s=-] INFO   Trial 36/50  arch=[30, 10, 30, 10, 70, 50]  MAE=1.666°C
2026-05-23 19:17:54 [nas_tpe][circle][tpe][k=-][s=-] INFO   Trial 37/50  arch=[30, 10, 30, 10, 70, 50, 10]  MAE=14.685°C
2026-05-23 19:18:03 [nas_tpe][circle][tpe][k=-][s=-] INFO   Trial 38/50  arch=[30, 10, 10, 30, 110, 50]  MAE=1.209°C
2026-05-23 19:18:12 [nas_tpe][circle][tpe][k=-][s=-] INFO   Trial 39/50  arch=[30, 10, 10, 30, 110, 50, 90]  MAE=15.588°C
2026-05-23 19:18:21 [nas_tpe][circle][tpe][k=-][s=-] INFO   Trial 40/50  arch=[70, 110, 10, 30, 110, 50]  MAE=0.942°C
2026-05-23 19:18:32 [nas_tpe][circle][tpe][k=-][s=-] INFO   Trial 41/50  arch=[70, 110, 10, 30, 110, 90, 110]  MAE=20.980°C
2026-05-23 19:18:40 [nas_tpe][circle][tpe][k=-][s=-] INFO   Trial 42/50  arch=[70, 110, 10, 30, 110, 50]  MAE=0.975°C
2026-05-23 19:18:50 [nas_tpe][circle][tpe][k=-][s=-] INFO   Trial 43/50  arch=[70, 110, 10, 30, 110, 50]  MAE=0.933°C
2026-05-23 19:18:57 [nas_tpe][circle][tpe][k=-][s=-] INFO   Trial 44/50  arch=[70, 110, 10, 30, 110]  MAE=21.146°C
2026-05-23 19:19:07 [nas_tpe][circle][tpe][k=-][s=-] INFO   Trial 45/50  arch=[70, 110, 10, 30, 110, 50, 30]  MAE=8.291°C
2026-05-23 19:19:15 [nas_tpe][circle][tpe][k=-][s=-] INFO   Trial 46/50  arch=[70, 110, 10, 70, 110, 70]  MAE=7.719°C
2026-05-23 19:19:23 [nas_tpe][circle][tpe][k=-][s=-] INFO   Trial 47/50  arch=[70, 110, 50, 30, 30]  MAE=8.932°C
2026-05-23 19:19:31 [nas_tpe][circle][tpe][k=-][s=-] INFO   Trial 48/50  arch=[70, 110, 10, 110, 10, 10]  MAE=15.665°C
2026-05-23 19:19:39 [nas_tpe][circle][tpe][k=-][s=-] INFO   Trial 49/50  arch=[70, 110, 10, 30, 50]  MAE=1.157°C
2026-05-23 19:19:49 [nas_tpe][circle][tpe][k=-][s=-] INFO   Trial 50/50  arch=[50, 70, 10, 70, 110, 110, 70]  MAE=7.762°C
2026-05-23 19:19:49 [nas_tpe][circle][tpe][k=-][s=-] INFO Best arch: [70, 110, 10, 30, 110, 50]  search MAE=0.933°C
2026-05-23 19:19:49 [nas_tpe][circle][tpe][k=-][s=-] INFO Final train: arch=[70, 110, 10, 30, 110, 50]  epochs=2000
2026-05-23 19:20:26 [nas_tpe][circle][tpe][k=-][s=-] INFO TPE done: arch=[70, 110, 10, 30, 110, 50]  MAE=48.644°C  L2=0.4962  params=18541  time=431 s
2026-05-23 20:28:41 [nas_tpe][circle][tpe][k=-][s=-] INFO TPE search: 50 trials  500 epochs/trial  geo=circle
2026-05-23 20:28:51 [nas_tpe][circle][tpe][k=-][s=-] INFO   Trial  1/50  arch=[10, 90, 90]  MAE=18.812°C
2026-05-23 20:28:59 [nas_tpe][circle][tpe][k=-][s=-] INFO   Trial  2/50  arch=[110, 90, 50]  MAE=19.320°C
2026-05-23 20:29:10 [nas_tpe][circle][tpe][k=-][s=-] INFO   Trial  3/50  arch=[90, 110, 30, 110, 90]  MAE=15.432°C
2026-05-23 20:29:22 [nas_tpe][circle][tpe][k=-][s=-] INFO   Trial  4/50  arch=[70, 90, 90, 10, 10, 90, 30]  MAE=11.647°C
2026-05-23 20:29:34 [nas_tpe][circle][tpe][k=-][s=-] INFO   Trial  5/50  arch=[110, 50, 50, 70, 50, 70, 110]  MAE=14.141°C
2026-05-23 20:29:42 [nas_tpe][circle][tpe][k=-][s=-] INFO   Trial  6/50  arch=[30, 70]  MAE=19.429°C
2026-05-23 20:29:48 [nas_tpe][circle][tpe][k=-][s=-] INFO   Trial  7/50  arch=[30]  MAE=19.730°C
2026-05-23 20:29:55 [nas_tpe][circle][tpe][k=-][s=-] INFO   Trial  8/50  arch=[50, 10]  MAE=19.652°C
2026-05-23 20:30:04 [nas_tpe][circle][tpe][k=-][s=-] INFO   Trial  9/50  arch=[70, 50, 50, 90]  MAE=18.515°C
2026-05-23 20:30:11 [nas_tpe][circle][tpe][k=-][s=-] INFO   Trial 10/50  arch=[110, 10]  MAE=19.694°C
2026-05-23 20:30:24 [nas_tpe][circle][tpe][k=-][s=-] INFO   Trial 11/50  arch=[70, 30, 90, 10, 10, 90, 30]  MAE=12.262°C
2026-05-23 20:30:37 [nas_tpe][circle][tpe][k=-][s=-] INFO   Trial 12/50  arch=[70, 30, 90, 10, 10, 90, 30]  MAE=9.851°C
2026-05-23 20:30:49 [nas_tpe][circle][tpe][k=-][s=-] INFO   Trial 13/50  arch=[70, 30, 10, 10, 10, 90]  MAE=16.365°C
2026-05-23 20:31:00 [nas_tpe][circle][tpe][k=-][s=-] INFO   Trial 14/50  arch=[70, 90, 90, 10, 10, 10]  MAE=18.935°C
2026-05-23 20:31:11 [nas_tpe][circle][tpe][k=-][s=-] INFO   Trial 15/50  arch=[70, 30, 110, 30, 30, 50]  MAE=17.174°C
2026-05-23 20:31:23 [nas_tpe][circle][tpe][k=-][s=-] INFO   Trial 16/50  arch=[90, 110, 70, 50, 70, 90, 30]  MAE=16.263°C
2026-05-23 20:31:33 [nas_tpe][circle][tpe][k=-][s=-] INFO   Trial 17/50  arch=[10, 30, 90, 10, 110]  MAE=13.239°C
2026-05-23 20:31:43 [nas_tpe][circle][tpe][k=-][s=-] INFO   Trial 18/50  arch=[70, 70, 90, 10, 10]  MAE=19.107°C
2026-05-23 20:31:56 [nas_tpe][circle][tpe][k=-][s=-] INFO   Trial 19/50  arch=[50, 90, 10, 90, 10, 30, 10]  MAE=15.394°C
2026-05-23 20:32:07 [nas_tpe][circle][tpe][k=-][s=-] INFO   Trial 20/50  arch=[70, 90, 110, 110, 90, 110]  MAE=16.306°C
2026-05-23 20:32:16 [nas_tpe][circle][tpe][k=-][s=-] INFO   Trial 21/50  arch=[70, 30, 30, 70]  MAE=18.695°C
2026-05-23 20:32:29 [nas_tpe][circle][tpe][k=-][s=-] INFO   Trial 22/50  arch=[70, 30, 90, 10, 10, 90, 30]  MAE=12.973°C
2026-05-23 20:32:41 [nas_tpe][circle][tpe][k=-][s=-] INFO   Trial 23/50  arch=[70, 30, 90, 10, 10, 90, 30]  MAE=11.312°C
2026-05-23 20:32:53 [nas_tpe][circle][tpe][k=-][s=-] INFO   Trial 24/50  arch=[70, 30, 90, 10, 10, 90]  MAE=15.779°C
2026-05-23 20:33:05 [nas_tpe][circle][tpe][k=-][s=-] INFO   Trial 25/50  arch=[70, 30, 70, 30, 110, 90, 50]  MAE=13.477°C
2026-05-24 20:03:41 [nas_tpe][square][tpe][k=-][s=-] INFO TPE search: 50 trials  500 epochs/trial  geo=square
2026-05-24 20:03:48 [nas_tpe][square][tpe][k=-][s=-] INFO   Trial  1/50  arch=[10, 90, 90]  MAE=4.490°C
2026-05-24 20:03:54 [nas_tpe][square][tpe][k=-][s=-] INFO   Trial  2/50  arch=[110, 90, 50]  MAE=1.706°C
2026-05-24 20:04:02 [nas_tpe][square][tpe][k=-][s=-] INFO   Trial  3/50  arch=[90, 110, 30, 110, 90]  MAE=4.645°C
2026-05-24 20:04:12 [nas_tpe][square][tpe][k=-][s=-] INFO   Trial  4/50  arch=[70, 90, 90, 10, 10, 90, 30]  MAE=5.727°C
2026-05-24 20:04:21 [nas_tpe][square][tpe][k=-][s=-] INFO   Trial  5/50  arch=[110, 50, 50, 70, 50, 70, 110]  MAE=10.716°C
2026-05-24 20:04:26 [nas_tpe][square][tpe][k=-][s=-] INFO   Trial  6/50  arch=[30, 70]  MAE=30.198°C
2026-05-24 20:04:30 [nas_tpe][square][tpe][k=-][s=-] INFO   Trial  7/50  arch=[30]  MAE=20.012°C
2026-05-24 20:04:34 [nas_tpe][square][tpe][k=-][s=-] INFO   Trial  8/50  arch=[50, 10]  MAE=21.266°C
2026-05-24 20:04:41 [nas_tpe][square][tpe][k=-][s=-] INFO   Trial  9/50  arch=[70, 50, 50, 90]  MAE=4.548°C
2026-05-24 20:04:46 [nas_tpe][square][tpe][k=-][s=-] INFO   Trial 10/50  arch=[110, 10]  MAE=20.988°C
2026-05-24 20:04:52 [nas_tpe][square][tpe][k=-][s=-] INFO   Trial 11/50  arch=[110, 30, 10, 30]  MAE=5.162°C
2026-05-24 20:04:58 [nas_tpe][square][tpe][k=-][s=-] INFO   Trial 12/50  arch=[10, 90, 110]  MAE=9.312°C
2026-05-24 20:05:06 [nas_tpe][square][tpe][k=-][s=-] INFO   Trial 13/50  arch=[10, 90, 70, 50, 30]  MAE=8.222°C
2026-05-24 20:05:12 [nas_tpe][square][tpe][k=-][s=-] INFO   Trial 14/50  arch=[10, 90, 90]  MAE=6.761°C
2026-05-24 20:05:17 [nas_tpe][square][tpe][k=-][s=-] INFO   Trial 15/50  arch=[90, 90, 90]  MAE=2.494°C
2026-05-24 20:05:21 [nas_tpe][square][tpe][k=-][s=-] INFO   Trial 16/50  arch=[90]  MAE=20.915°C
2026-05-24 20:05:28 [nas_tpe][square][tpe][k=-][s=-] INFO   Trial 17/50  arch=[90, 30, 50, 110, 110]  MAE=5.547°C
2026-05-24 20:05:37 [nas_tpe][square][tpe][k=-][s=-] INFO   Trial 18/50  arch=[50, 110, 30, 50, 70, 110]  MAE=7.081°C
2026-05-24 20:05:42 [nas_tpe][square][tpe][k=-][s=-] INFO   Trial 19/50  arch=[90, 70, 70]  MAE=1.546°C
2026-05-24 20:05:49 [nas_tpe][square][tpe][k=-][s=-] INFO   Trial 20/50  arch=[110, 70, 70, 90]  MAE=4.940°C
2026-05-24 20:05:53 [nas_tpe][square][tpe][k=-][s=-] INFO   Trial 21/50  arch=[110, 70]  MAE=18.136°C
2026-05-24 20:05:59 [nas_tpe][square][tpe][k=-][s=-] INFO   Trial 22/50  arch=[90, 70, 70]  MAE=1.618°C
2026-05-24 20:06:05 [nas_tpe][square][tpe][k=-][s=-] INFO   Trial 23/50  arch=[90, 70, 70]  MAE=1.604°C
2026-05-24 20:06:11 [nas_tpe][square][tpe][k=-][s=-] INFO   Trial 24/50  arch=[90, 70, 70, 30]  MAE=4.890°C
2026-05-24 20:06:16 [nas_tpe][square][tpe][k=-][s=-] INFO   Trial 25/50  arch=[90, 70]  MAE=20.428°C
2026-05-24 20:06:21 [nas_tpe][square][tpe][k=-][s=-] INFO   Trial 26/50  arch=[90, 70, 70]  MAE=1.540°C
2026-05-24 20:06:24 [nas_tpe][square][tpe][k=-][s=-] INFO   Trial 27/50  arch=[90]  MAE=20.799°C
2026-05-24 20:06:32 [nas_tpe][square][tpe][k=-][s=-] INFO   Trial 28/50  arch=[90, 70, 70, 10, 110]  MAE=2.872°C
2026-05-24 20:06:39 [nas_tpe][square][tpe][k=-][s=-] INFO   Trial 29/50  arch=[90, 70, 70, 70]  MAE=3.990°C
2026-05-24 20:06:44 [nas_tpe][square][tpe][k=-][s=-] INFO   Trial 30/50  arch=[90, 70, 70]  MAE=1.974°C
2026-05-24 20:06:49 [nas_tpe][square][tpe][k=-][s=-] INFO   Trial 31/50  arch=[30, 70]  MAE=30.385°C
2026-05-24 20:06:54 [nas_tpe][square][tpe][k=-][s=-] INFO   Trial 32/50  arch=[90, 70, 70]  MAE=1.831°C
2026-05-24 20:07:00 [nas_tpe][square][tpe][k=-][s=-] INFO   Trial 33/50  arch=[90, 70, 70]  MAE=1.745°C
2026-05-24 20:07:05 [nas_tpe][square][tpe][k=-][s=-] INFO   Trial 34/50  arch=[90, 70, 70]  MAE=1.627°C
2026-05-24 20:07:12 [nas_tpe][square][tpe][k=-][s=-] INFO   Trial 35/50  arch=[70, 70, 10, 70]  MAE=4.492°C
2026-05-24 20:07:17 [nas_tpe][square][tpe][k=-][s=-] INFO   Trial 36/50  arch=[90, 10, 110]  MAE=4.764°C
2026-05-24 20:07:22 [nas_tpe][square][tpe][k=-][s=-] INFO   Trial 37/50  arch=[50, 110]  MAE=24.187°C
2026-05-24 20:07:28 [nas_tpe][square][tpe][k=-][s=-] INFO   Trial 38/50  arch=[90, 50, 70]  MAE=1.695°C
2026-05-24 20:07:34 [nas_tpe][square][tpe][k=-][s=-] INFO   Trial 39/50  arch=[30, 30, 70, 30]  MAE=7.586°C
2026-05-24 20:07:39 [nas_tpe][square][tpe][k=-][s=-] INFO   Trial 40/50  arch=[70, 70]  MAE=22.591°C
2026-05-24 20:07:42 [nas_tpe][square][tpe][k=-][s=-] INFO   Trial 41/50  arch=[90]  MAE=20.941°C
2026-05-24 20:07:47 [nas_tpe][square][tpe][k=-][s=-] INFO   Trial 42/50  arch=[90, 70, 70]  MAE=1.531°C
2026-05-24 20:07:53 [nas_tpe][square][tpe][k=-][s=-] INFO   Trial 43/50  arch=[90, 70, 70]  MAE=1.667°C
2026-05-24 20:08:00 [nas_tpe][square][tpe][k=-][s=-] INFO   Trial 44/50  arch=[90, 70, 70, 50]  MAE=0.938°C
2026-05-24 20:08:08 [nas_tpe][square][tpe][k=-][s=-] INFO   Trial 45/50  arch=[90, 70, 70, 50, 70, 50]  MAE=1.946°C
2026-05-24 20:08:15 [nas_tpe][square][tpe][k=-][s=-] INFO   Trial 46/50  arch=[50, 110, 70, 50]  MAE=0.292°C
2026-05-24 20:08:23 [nas_tpe][square][tpe][k=-][s=-] INFO   Trial 47/50  arch=[50, 110, 30, 50, 50]  MAE=1.737°C
2026-05-24 20:08:30 [nas_tpe][square][tpe][k=-][s=-] INFO   Trial 48/50  arch=[50, 110, 70, 50]  MAE=0.799°C
2026-05-24 20:08:36 [nas_tpe][square][tpe][k=-][s=-] INFO   Trial 49/50  arch=[50, 110, 110, 50]  MAE=0.613°C
2026-05-24 20:08:43 [nas_tpe][square][tpe][k=-][s=-] INFO   Trial 50/50  arch=[50, 110, 110, 50]  MAE=0.629°C
2026-05-24 20:08:43 [nas_tpe][square][tpe][k=-][s=-] INFO Best arch: [50, 110, 70, 50]  search MAE=0.292°C
2026-05-24 20:08:43 [nas_tpe][square][tpe][k=-][s=-] INFO Final train: arch=[50, 110, 70, 50]  epochs=2000
2026-05-24 20:09:12 [nas_tpe][square][tpe][k=-][s=-] INFO TPE done: arch=[50, 110, 70, 50]  MAE=29.467°C  L2=0.4772  params=17181  time=331 s
2026-05-24 20:23:43 [nas_tpe][square][tpe][k=-][s=-] INFO TPE search: 50 trials  500 epochs/trial  geo=square
2026-05-24 20:23:50 [nas_tpe][square][tpe][k=-][s=-] INFO   Trial  1/50  arch=[10, 90, 90]  MAE=4.490°C
2026-05-24 20:23:56 [nas_tpe][square][tpe][k=-][s=-] INFO   Trial  2/50  arch=[110, 90, 50]  MAE=1.706°C
2026-05-24 20:24:03 [nas_tpe][square][tpe][k=-][s=-] INFO   Trial  3/50  arch=[90, 110, 30, 110, 90]  MAE=4.645°C
2026-05-24 20:24:13 [nas_tpe][square][tpe][k=-][s=-] INFO   Trial  4/50  arch=[70, 90, 90, 10, 10, 90, 30]  MAE=5.727°C
2026-05-24 20:24:24 [nas_tpe][square][tpe][k=-][s=-] INFO   Trial  5/50  arch=[110, 50, 50, 70, 50, 70, 110]  MAE=10.716°C
2026-05-24 20:24:29 [nas_tpe][square][tpe][k=-][s=-] INFO   Trial  6/50  arch=[30, 70]  MAE=30.198°C
2026-05-24 20:24:32 [nas_tpe][square][tpe][k=-][s=-] INFO   Trial  7/50  arch=[30]  MAE=20.012°C
2026-05-24 20:24:37 [nas_tpe][square][tpe][k=-][s=-] INFO   Trial  8/50  arch=[50, 10]  MAE=21.266°C
2026-05-24 20:24:43 [nas_tpe][square][tpe][k=-][s=-] INFO   Trial  9/50  arch=[70, 50, 50, 90]  MAE=4.548°C
2026-05-24 20:24:48 [nas_tpe][square][tpe][k=-][s=-] INFO   Trial 10/50  arch=[110, 10]  MAE=20.988°C
2026-05-24 20:24:54 [nas_tpe][square][tpe][k=-][s=-] INFO   Trial 11/50  arch=[110, 30, 10, 30]  MAE=5.162°C
2026-05-24 20:25:00 [nas_tpe][square][tpe][k=-][s=-] INFO   Trial 12/50  arch=[10, 90, 110]  MAE=9.312°C
2026-05-24 20:25:07 [nas_tpe][square][tpe][k=-][s=-] INFO   Trial 13/50  arch=[10, 90, 70, 50, 30]  MAE=8.222°C
2026-05-24 20:25:13 [nas_tpe][square][tpe][k=-][s=-] INFO   Trial 14/50  arch=[10, 90, 90]  MAE=6.761°C
2026-05-24 20:25:18 [nas_tpe][square][tpe][k=-][s=-] INFO   Trial 15/50  arch=[90, 90, 90]  MAE=2.494°C
2026-05-24 20:25:22 [nas_tpe][square][tpe][k=-][s=-] INFO   Trial 16/50  arch=[90]  MAE=20.915°C
2026-05-24 20:25:29 [nas_tpe][square][tpe][k=-][s=-] INFO   Trial 17/50  arch=[90, 30, 50, 110, 110]  MAE=5.547°C
2026-05-24 20:25:38 [nas_tpe][square][tpe][k=-][s=-] INFO   Trial 18/50  arch=[50, 110, 30, 50, 70, 110]  MAE=7.081°C
2026-05-24 20:25:43 [nas_tpe][square][tpe][k=-][s=-] INFO   Trial 19/50  arch=[90, 70, 70]  MAE=1.546°C
2026-05-24 20:25:50 [nas_tpe][square][tpe][k=-][s=-] INFO   Trial 20/50  arch=[110, 70, 70, 90]  MAE=4.940°C
2026-05-24 20:25:55 [nas_tpe][square][tpe][k=-][s=-] INFO   Trial 21/50  arch=[110, 70]  MAE=18.136°C
2026-05-24 20:26:00 [nas_tpe][square][tpe][k=-][s=-] INFO   Trial 22/50  arch=[90, 70, 70]  MAE=1.618°C
2026-05-24 20:26:06 [nas_tpe][square][tpe][k=-][s=-] INFO   Trial 23/50  arch=[90, 70, 70]  MAE=1.604°C
2026-05-24 20:26:13 [nas_tpe][square][tpe][k=-][s=-] INFO   Trial 24/50  arch=[90, 70, 70, 30]  MAE=4.890°C
2026-05-24 20:26:18 [nas_tpe][square][tpe][k=-][s=-] INFO   Trial 25/50  arch=[90, 70]  MAE=20.428°C
2026-05-24 20:26:23 [nas_tpe][square][tpe][k=-][s=-] INFO   Trial 26/50  arch=[90, 70, 70]  MAE=1.540°C
2026-05-24 20:26:27 [nas_tpe][square][tpe][k=-][s=-] INFO   Trial 27/50  arch=[90]  MAE=20.799°C
2026-05-24 20:26:35 [nas_tpe][square][tpe][k=-][s=-] INFO   Trial 28/50  arch=[90, 70, 70, 10, 110]  MAE=2.872°C
2026-05-24 20:26:43 [nas_tpe][square][tpe][k=-][s=-] INFO   Trial 29/50  arch=[90, 70, 70, 70]  MAE=3.990°C
2026-05-24 20:26:49 [nas_tpe][square][tpe][k=-][s=-] INFO   Trial 30/50  arch=[90, 70, 70]  MAE=1.974°C
2026-05-24 20:26:54 [nas_tpe][square][tpe][k=-][s=-] INFO   Trial 31/50  arch=[30, 70]  MAE=30.385°C
2026-05-24 20:26:59 [nas_tpe][square][tpe][k=-][s=-] INFO   Trial 32/50  arch=[90, 70, 70]  MAE=1.831°C
2026-05-24 20:27:05 [nas_tpe][square][tpe][k=-][s=-] INFO   Trial 33/50  arch=[90, 70, 70]  MAE=1.745°C
2026-05-24 20:27:11 [nas_tpe][square][tpe][k=-][s=-] INFO   Trial 34/50  arch=[90, 70, 70]  MAE=1.627°C
2026-05-24 20:27:17 [nas_tpe][square][tpe][k=-][s=-] INFO   Trial 35/50  arch=[70, 70, 10, 70]  MAE=4.492°C
2026-05-24 20:27:23 [nas_tpe][square][tpe][k=-][s=-] INFO   Trial 36/50  arch=[90, 10, 110]  MAE=4.764°C
2026-05-24 20:27:27 [nas_tpe][square][tpe][k=-][s=-] INFO   Trial 37/50  arch=[50, 110]  MAE=24.187°C
2026-05-24 20:27:33 [nas_tpe][square][tpe][k=-][s=-] INFO   Trial 38/50  arch=[90, 50, 70]  MAE=1.695°C
2026-05-24 20:27:39 [nas_tpe][square][tpe][k=-][s=-] INFO   Trial 39/50  arch=[30, 30, 70, 30]  MAE=7.586°C
2026-05-24 20:27:44 [nas_tpe][square][tpe][k=-][s=-] INFO   Trial 40/50  arch=[70, 70]  MAE=22.591°C
2026-05-24 20:27:47 [nas_tpe][square][tpe][k=-][s=-] INFO   Trial 41/50  arch=[90]  MAE=20.941°C
2026-05-24 20:27:53 [nas_tpe][square][tpe][k=-][s=-] INFO   Trial 42/50  arch=[90, 70, 70]  MAE=1.531°C
2026-05-24 20:27:58 [nas_tpe][square][tpe][k=-][s=-] INFO   Trial 43/50  arch=[90, 70, 70]  MAE=1.667°C
2026-05-24 20:28:05 [nas_tpe][square][tpe][k=-][s=-] INFO   Trial 44/50  arch=[90, 70, 70, 50]  MAE=0.938°C
2026-05-24 20:28:13 [nas_tpe][square][tpe][k=-][s=-] INFO   Trial 45/50  arch=[90, 70, 70, 50, 70, 50]  MAE=1.946°C
2026-05-24 20:28:20 [nas_tpe][square][tpe][k=-][s=-] INFO   Trial 46/50  arch=[50, 110, 70, 50]  MAE=0.292°C
2026-05-24 20:28:27 [nas_tpe][square][tpe][k=-][s=-] INFO   Trial 47/50  arch=[50, 110, 30, 50, 50]  MAE=1.737°C
2026-05-24 20:28:34 [nas_tpe][square][tpe][k=-][s=-] INFO   Trial 48/50  arch=[50, 110, 70, 50]  MAE=0.799°C
2026-05-24 20:28:41 [nas_tpe][square][tpe][k=-][s=-] INFO   Trial 49/50  arch=[50, 110, 110, 50]  MAE=0.613°C
2026-05-24 20:28:47 [nas_tpe][square][tpe][k=-][s=-] INFO   Trial 50/50  arch=[50, 110, 110, 50]  MAE=0.629°C
2026-05-24 20:28:47 [nas_tpe][square][tpe][k=-][s=-] INFO Best arch: [50, 110, 70, 50]  search MAE=0.292°C
2026-05-24 20:28:47 [nas_tpe][square][tpe][k=-][s=-] INFO Final train: arch=[50, 110, 70, 50]  epochs=2000
2026-05-24 20:29:16 [nas_tpe][square][tpe][k=-][s=-] INFO TPE done: arch=[50, 110, 70, 50]  MAE=29.467°C  L2=0.4772  params=17181  time=334 s
