2026-05-28 22:31:33 [pinn_only_bayesian][all][pinn_only][k=-][s=-] INFO square   win 01 [0.0→1.5 s]  MAE=30.769°C  L2=0.1613
2026-05-28 22:31:49 [pinn_only_bayesian][all][pinn_only][k=-][s=-] INFO square   win 02 [1.5→3.0 s]  MAE=19.686°C  L2=0.2797
2026-05-28 22:32:05 [pinn_only_bayesian][all][pinn_only][k=-][s=-] INFO square   win 03 [3.0→4.5 s]  MAE=10.848°C  L2=0.4178
2026-05-28 22:32:21 [pinn_only_bayesian][all][pinn_only][k=-][s=-] INFO square   win 04 [4.5→6.0 s]  MAE=5.040°C  L2=0.5266
2026-05-28 22:32:38 [pinn_only_bayesian][all][pinn_only][k=-][s=-] INFO square   win 05 [6.0→7.5 s]  MAE=2.223°C  L2=0.6297
2026-05-28 22:32:53 [pinn_only_bayesian][all][pinn_only][k=-][s=-] INFO square   win 06 [7.5→9.0 s]  MAE=0.839°C  L2=0.6444
2026-05-28 22:33:08 [pinn_only_bayesian][all][pinn_only][k=-][s=-] INFO square   win 07 [9.0→10.5 s]  MAE=0.313°C  L2=0.6519
2026-05-28 22:33:23 [pinn_only_bayesian][all][pinn_only][k=-][s=-] INFO square   win 08 [10.5→12.0 s]  MAE=0.109°C  L2=0.6145
2026-05-28 22:33:38 [pinn_only_bayesian][all][pinn_only][k=-][s=-] INFO square   win 09 [12.0→13.5 s]  MAE=0.030°C  L2=0.4664
2026-05-28 22:33:53 [pinn_only_bayesian][all][pinn_only][k=-][s=-] INFO square   win 10 [13.5→15.0 s]  MAE=0.014°C  L2=0.5769
2026-05-28 22:34:08 [pinn_only_bayesian][all][pinn_only][k=-][s=-] INFO square   win 11 [15.0→16.5 s]  MAE=0.007°C  L2=0.8640
2026-05-28 22:34:23 [pinn_only_bayesian][all][pinn_only][k=-][s=-] INFO square   win 12 [16.5→18.0 s]  MAE=0.002°C  L2=0.5921
2026-05-28 22:34:38 [pinn_only_bayesian][all][pinn_only][k=-][s=-] INFO square   win 13 [18.0→19.5 s]  MAE=0.005°C  L2=4.8257
2026-05-28 22:34:54 [pinn_only_bayesian][all][pinn_only][k=-][s=-] INFO square   win 14 [19.5→21.0 s]  MAE=0.007°C  L2=15.8757
2026-05-28 22:35:09 [pinn_only_bayesian][all][pinn_only][k=-][s=-] INFO square   win 15 [21.0→22.5 s]  MAE=0.006°C  L2=42.2086
2026-05-28 22:35:24 [pinn_only_bayesian][all][pinn_only][k=-][s=-] INFO square   win 16 [22.5→24.0 s]  MAE=0.012°C  L2=196.4496
2026-05-28 22:35:39 [pinn_only_bayesian][all][pinn_only][k=-][s=-] INFO square   win 17 [24.0→25.5 s]  MAE=0.002°C  L2=128.4806
2026-05-28 22:35:55 [pinn_only_bayesian][all][pinn_only][k=-][s=-] INFO square   win 18 [25.5→27.0 s]  MAE=0.003°C  L2=501.9611
2026-05-28 22:36:10 [pinn_only_bayesian][all][pinn_only][k=-][s=-] INFO square   win 19 [27.0→28.5 s]  MAE=0.006°C  L2=1980.9075
2026-05-28 22:36:25 [pinn_only_bayesian][all][pinn_only][k=-][s=-] INFO square   win 20 [28.5→30.0 s]  MAE=0.009°C  L2=8219.9583
2026-05-28 22:36:25 [pinn_only_bayesian][all][pinn_only][k=-][s=-] INFO RESULT geo=square   | MAE=3.496°C | L2=554.8546 | time=310s
2026-05-28 22:36:42 [pinn_only_bayesian][all][pinn_only][k=-][s=-] INFO circle   win 01 [0.0→1.5 s]  MAE=31.830°C  L2=0.1682
2026-05-28 22:36:58 [pinn_only_bayesian][all][pinn_only][k=-][s=-] INFO circle   win 02 [1.5→3.0 s]  MAE=22.011°C  L2=0.3202
2026-05-28 22:37:15 [pinn_only_bayesian][all][pinn_only][k=-][s=-] INFO circle   win 03 [3.0→4.5 s]  MAE=11.323°C  L2=0.4537
2026-05-28 22:37:31 [pinn_only_bayesian][all][pinn_only][k=-][s=-] INFO circle   win 04 [4.5→6.0 s]  MAE=5.273°C  L2=0.5820
2026-05-28 22:37:48 [pinn_only_bayesian][all][pinn_only][k=-][s=-] INFO circle   win 05 [6.0→7.5 s]  MAE=2.251°C  L2=0.6842
2026-05-28 22:38:04 [pinn_only_bayesian][all][pinn_only][k=-][s=-] INFO circle   win 06 [7.5→9.0 s]  MAE=0.857°C  L2=0.7171
2026-05-28 22:38:19 [pinn_only_bayesian][all][pinn_only][k=-][s=-] INFO circle   win 07 [9.0→10.5 s]  MAE=0.309°C  L2=0.7118
2026-05-28 22:38:35 [pinn_only_bayesian][all][pinn_only][k=-][s=-] INFO circle   win 08 [10.5→12.0 s]  MAE=0.102°C  L2=0.6468
2026-05-28 22:38:50 [pinn_only_bayesian][all][pinn_only][k=-][s=-] INFO circle   win 09 [12.0→13.5 s]  MAE=0.036°C  L2=0.6244
2026-05-28 22:39:06 [pinn_only_bayesian][all][pinn_only][k=-][s=-] INFO circle   win 10 [13.5→15.0 s]  MAE=0.011°C  L2=0.5311
2026-05-28 22:39:21 [pinn_only_bayesian][all][pinn_only][k=-][s=-] INFO circle   win 11 [15.0→16.5 s]  MAE=0.003°C  L2=0.4356
2026-05-28 22:39:36 [pinn_only_bayesian][all][pinn_only][k=-][s=-] INFO circle   win 12 [16.5→18.0 s]  MAE=0.001°C  L2=0.2341
2026-05-28 22:39:51 [pinn_only_bayesian][all][pinn_only][k=-][s=-] INFO circle   win 13 [18.0→19.5 s]  MAE=0.005°C  L2=5.5550
2026-05-28 22:40:07 [pinn_only_bayesian][all][pinn_only][k=-][s=-] INFO circle   win 14 [19.5→21.0 s]  MAE=0.002°C  L2=8.1064
2026-05-28 22:40:23 [pinn_only_bayesian][all][pinn_only][k=-][s=-] INFO circle   win 15 [21.0→22.5 s]  MAE=0.002°C  L2=19.7437
2026-05-28 22:40:38 [pinn_only_bayesian][all][pinn_only][k=-][s=-] INFO circle   win 16 [22.5→24.0 s]  MAE=0.004°C  L2=107.6524
2026-05-28 22:40:54 [pinn_only_bayesian][all][pinn_only][k=-][s=-] INFO circle   win 17 [24.0→25.5 s]  MAE=0.001°C  L2=80.9466
2026-05-28 22:41:09 [pinn_only_bayesian][all][pinn_only][k=-][s=-] INFO circle   win 18 [25.5→27.0 s]  MAE=0.001°C  L2=227.2153
2026-05-28 22:41:24 [pinn_only_bayesian][all][pinn_only][k=-][s=-] INFO circle   win 19 [27.0→28.5 s]  MAE=0.004°C  L2=1898.7468
2026-05-28 22:41:40 [pinn_only_bayesian][all][pinn_only][k=-][s=-] INFO circle   win 20 [28.5→30.0 s]  MAE=0.002°C  L2=2632.5015
2026-05-28 22:41:40 [pinn_only_bayesian][all][pinn_only][k=-][s=-] INFO RESULT geo=circle   | MAE=3.701°C | L2=249.3288 | time=314s
2026-05-28 22:41:56 [pinn_only_bayesian][all][pinn_only][k=-][s=-] INFO lshape   win 01 [0.0→1.5 s]  MAE=10.085°C  L2=0.0444
2026-05-28 22:42:12 [pinn_only_bayesian][all][pinn_only][k=-][s=-] INFO lshape   win 02 [1.5→3.0 s]  MAE=6.340°C  L2=0.0556
2026-05-28 22:42:27 [pinn_only_bayesian][all][pinn_only][k=-][s=-] INFO lshape   win 03 [3.0→4.5 s]  MAE=3.426°C  L2=0.0613
2026-05-28 22:42:43 [pinn_only_bayesian][all][pinn_only][k=-][s=-] INFO lshape   win 04 [4.5→6.0 s]  MAE=1.843°C  L2=0.0650
2026-05-28 22:43:00 [pinn_only_bayesian][all][pinn_only][k=-][s=-] INFO lshape   win 05 [6.0→7.5 s]  MAE=1.181°C  L2=0.0821
