2026-05-21 23:46:59 [stage5][all][mswp][k=-][s=-] INFO Stage 5 MSWP k=1 sanity check | Adam=500 | L-BFGS=100 | criteria: MAE<1.0°C, L2<0.05, max_err<5.0°C
2026-05-21 23:46:59 [stage5][all][mswp][k=-][s=-] INFO === Geometry: square ===
2026-05-21 23:47:00 [stage5][all][mswp][k=-][s=-] INFO   Architecture: [110, 110, 110, 90]  (source: Stage4)
2026-05-21 23:47:27 [stage5][all][mswp][k=-][s=-] INFO Stage 5 MSWP k=1 sanity check | Adam=500 | L-BFGS=100 | criteria: MAE<1.0°C, L2<0.05, max_err<5.0°C
2026-05-21 23:47:27 [stage5][all][mswp][k=-][s=-] INFO === Geometry: square ===
2026-05-21 23:47:27 [stage5][all][mswp][k=-][s=-] INFO   Architecture: [110, 110, 110, 90]  (source: Stage4)
2026-05-21 23:55:04 [stage5][all][mswp][k=-][s=-] INFO Stage 5 MSWP k=1 sanity check | Adam=500 | L-BFGS=100 | criteria: MAE<1.0°C, L2<0.05, max_err<5.0°C
2026-05-21 23:55:04 [stage5][all][mswp][k=-][s=-] INFO === Geometry: square ===
2026-05-21 23:55:04 [stage5][all][mswp][k=-][s=-] INFO   Architecture: [110, 110, 110, 90]  (source: Stage4)
2026-05-22 00:03:07 [stage5][all][mswp][k=-][s=-] INFO Stage 5 MSWP k=1 sanity check | Adam=1000 | L-BFGS=200 | criteria: MAE<1.0°C, L2<0.05, max_err<5.0°C
2026-05-22 00:03:07 [stage5][all][mswp][k=-][s=-] INFO === Geometry: square ===
2026-05-22 00:03:07 [stage5][all][mswp][k=-][s=-] INFO   Architecture: [110, 110, 110, 90]  (source: Stage4)
2026-05-22 00:06:18 [stage5][all][mswp][k=-][s=-] INFO Stage 5 MSWP k=1 sanity check | Adam=1000 | L-BFGS=200 | criteria: MAE<1.0°C, L2<0.05, max_err<5.0°C
2026-05-22 00:06:18 [stage5][all][mswp][k=-][s=-] INFO === Geometry: square ===
2026-05-22 00:06:18 [stage5][all][mswp][k=-][s=-] INFO   Architecture: [110, 110, 110, 90]  (source: Stage4)
2026-05-22 01:35:46 [stage5][all][mswp][k=-][s=-] INFO   k=1 criteria: MAE=81.037/1.0  L2=0.6646/0.05  max_err=95.622/5.0  → FAIL ✗
2026-05-22 01:35:50 [stage5][all][mswp][k=-][s=-] INFO   Saved figure: /home/coder/NAS-PINNS1/thermal_pinn/quenching_mswp/figures/heat_maps/square_mswp_k1_comparison.png
2026-05-22 01:35:50 [stage5][all][mswp][k=-][s=-] INFO === Stage 5 complete — overall: SOME FAIL ✗ ===
2026-05-22 01:35:50 [stage5][all][mswp][k=-][s=-] INFO   square    k=1  MAE=81.037 C  L2=0.6646  max_err=95.622 C  FEM_saving=0%  FAIL
2026-05-22 01:35:50 [stage5][all][mswp][k=-][s=-] WARNING One or more geometries failed k=1 acceptance criteria.
Suggested fixes: increase epochs_adam, increase IC weight (currently 100),
reduce BC weight, or check boundary normal computation.
2026-05-22 15:33:44 [stage5][all][mswp][k=-][s=-] INFO Stage 5 MSWP k=1 sanity check | Adam=1000 | L-BFGS=200 | criteria: MAE<1.0°C, L2<0.05, max_err<5.0°C
2026-05-22 15:33:44 [stage5][all][mswp][k=-][s=-] INFO === Geometry: square ===
2026-05-22 15:33:44 [stage5][all][mswp][k=-][s=-] INFO   Architecture: [110, 110, 110, 90]  (source: Stage4)
2026-05-22 15:44:16 [stage5][all][mswp][k=-][s=-] INFO Stage 5 MSWP k=1 sanity check | Adam=1000 | L-BFGS=200 | criteria: MAE<1.0°C, L2<0.05, max_err<5.0°C
2026-05-22 15:44:16 [stage5][all][mswp][k=-][s=-] INFO === Geometry: square ===
2026-05-22 15:44:16 [stage5][all][mswp][k=-][s=-] INFO   Architecture: [110, 110, 110, 90]  (source: Stage4)
2026-05-22 17:58:22 [stage5][all][mswp][k=-][s=-] INFO Stage 5 MSWP k=1 sanity check | Adam=500 | L-BFGS=100 | criteria: MAE<1.0°C, L2<0.05, max_err<5.0°C
2026-05-22 17:58:22 [stage5][all][mswp][k=-][s=-] INFO === Geometry: square ===
2026-05-22 17:58:22 [stage5][all][mswp][k=-][s=-] INFO   Architecture: [110, 110, 110, 90]  (source: Stage4)
2026-05-22 18:18:25 [stage5][all][mswp][k=-][s=-] INFO Stage 5 MSWP k=1 sanity check | Adam=1000 | L-BFGS=0 | criteria: MAE<1.0°C, L2<0.05, max_err<5.0°C
2026-05-22 18:18:25 [stage5][all][mswp][k=-][s=-] INFO === Geometry: square ===
2026-05-22 18:18:25 [stage5][all][mswp][k=-][s=-] INFO   Architecture: [110, 110, 110, 90]  (source: Stage4)
2026-05-22 18:24:13 [stage5][all][mswp][k=-][s=-] INFO   k=1 criteria: MAE=2.326/1.0  L2=0.0148/0.05  max_err=3.273/5.0  → FAIL ✗
2026-05-22 18:24:18 [stage5][all][mswp][k=-][s=-] INFO   Saved figure: /home/coder/NAS-PINNS1/thermal_pinn/quenching_mswp/figures/heat_maps/square_mswp_k1_comparison.png
2026-05-22 18:24:18 [stage5][all][mswp][k=-][s=-] INFO === Stage 5 complete — overall: SOME FAIL ✗ ===
2026-05-22 18:24:18 [stage5][all][mswp][k=-][s=-] INFO   square    k=1  MAE=2.326 C  L2=0.0148  max_err=3.273 C  FEM_saving=67%  FAIL
2026-05-22 18:24:18 [stage5][all][mswp][k=-][s=-] WARNING One or more geometries failed k=1 acceptance criteria.
Suggested fixes: increase epochs_adam, increase IC weight (currently 100),
reduce BC weight, or check boundary normal computation.
2026-05-22 18:33:56 [stage5][all][mswp][k=-][s=-] INFO Stage 5 MSWP k=1 sanity check | Adam=1000 | L-BFGS=0 | criteria: MAE<1.0°C, L2<0.05, max_err<5.0°C
2026-05-22 18:33:56 [stage5][all][mswp][k=-][s=-] INFO === Geometry: square ===
2026-05-22 18:33:57 [stage5][all][mswp][k=-][s=-] INFO   Architecture: [110, 110, 110, 90]  (source: Stage4)
2026-05-22 18:39:01 [stage5][all][mswp][k=-][s=-] INFO   k=1 criteria: MAE=2.237/1.0  L2=0.0141/0.05  max_err=2.950/5.0  → FAIL ✗
2026-05-22 18:39:05 [stage5][all][mswp][k=-][s=-] INFO   Saved figure: /home/coder/NAS-PINNS1/thermal_pinn/quenching_mswp/figures/heat_maps/square_mswp_k1_comparison.png
2026-05-22 18:39:05 [stage5][all][mswp][k=-][s=-] INFO === Stage 5 complete — overall: SOME FAIL ✗ ===
2026-05-22 18:39:05 [stage5][all][mswp][k=-][s=-] INFO   square    k=1  MAE=2.237 C  L2=0.0141  max_err=2.950 C  FEM_saving=67%  FAIL
2026-05-22 18:39:05 [stage5][all][mswp][k=-][s=-] WARNING One or more geometries failed k=1 acceptance criteria.
Suggested fixes: increase epochs_adam, increase IC weight (currently 100),
reduce BC weight, or check boundary normal computation.
2026-05-22 18:45:46 [stage5][all][mswp][k=-][s=-] INFO Stage 5 MSWP k=1 sanity check | Adam=1000 | L-BFGS=0 | criteria: MAE<1.0°C, L2<0.05, max_err<5.0°C
2026-05-22 18:45:46 [stage5][all][mswp][k=-][s=-] INFO === Geometry: square ===
2026-05-22 18:45:46 [stage5][all][mswp][k=-][s=-] INFO   Architecture: [110, 110, 110, 90]  (source: Stage4)
2026-05-22 18:51:40 [stage5][all][mswp][k=-][s=-] INFO   k=1 criteria: MAE=1.909/1.0  L2=0.0129/0.05  max_err=2.679/5.0  → FAIL ✗
2026-05-22 18:51:44 [stage5][all][mswp][k=-][s=-] INFO   Saved figure: /home/coder/NAS-PINNS1/thermal_pinn/quenching_mswp/figures/heat_maps/square_mswp_k1_comparison.png
2026-05-22 18:51:44 [stage5][all][mswp][k=-][s=-] INFO === Stage 5 complete — overall: SOME FAIL ✗ ===
2026-05-22 18:51:44 [stage5][all][mswp][k=-][s=-] INFO   square    k=1  MAE=1.909 C  L2=0.0129  max_err=2.679 C  FEM_saving=67%  FAIL
2026-05-22 18:51:44 [stage5][all][mswp][k=-][s=-] WARNING One or more geometries failed k=1 acceptance criteria.
Suggested fixes: increase epochs_adam, increase IC weight (currently 100),
reduce BC weight, or check boundary normal computation.
2026-05-22 18:53:53 [stage5][all][mswp][k=-][s=-] INFO Stage 5 MSWP k=1 sanity check | Adam=3000 | L-BFGS=0 | criteria: MAE<1.0°C, L2<0.05, max_err<5.0°C
2026-05-22 18:53:53 [stage5][all][mswp][k=-][s=-] INFO === Geometry: square ===
2026-05-22 18:53:54 [stage5][all][mswp][k=-][s=-] INFO   Architecture: [110, 110, 110, 90]  (source: Stage4)
2026-05-22 19:11:25 [stage5][all][mswp][k=-][s=-] INFO   k=1 criteria: MAE=1.902/1.0  L2=0.0125/0.05  max_err=2.658/5.0  → FAIL ✗
2026-05-22 19:11:29 [stage5][all][mswp][k=-][s=-] INFO   Saved figure: /home/coder/NAS-PINNS1/thermal_pinn/quenching_mswp/figures/heat_maps/square_mswp_k1_comparison.png
2026-05-22 19:11:29 [stage5][all][mswp][k=-][s=-] INFO === Stage 5 complete — overall: SOME FAIL ✗ ===
2026-05-22 19:11:29 [stage5][all][mswp][k=-][s=-] INFO   square    k=1  MAE=1.902 C  L2=0.0125  max_err=2.658 C  FEM_saving=67%  FAIL
2026-05-22 19:11:29 [stage5][all][mswp][k=-][s=-] WARNING One or more geometries failed k=1 acceptance criteria.
Suggested fixes: increase epochs_adam, increase IC weight (currently 100),
reduce BC weight, or check boundary normal computation.
2026-05-22 19:19:06 [stage5][all][mswp][k=-][s=-] INFO Stage 5 MSWP k=1 sanity check | Adam=3000 | L-BFGS=0 | criteria: MAE<1.0°C, L2<0.05, max_err<5.0°C
2026-05-22 19:19:06 [stage5][all][mswp][k=-][s=-] INFO === Geometry: circle ===
2026-05-22 19:19:07 [stage5][all][mswp][k=-][s=-] INFO   Architecture: [90, 110, 110, 70]  (source: Stage4)
2026-05-22 19:24:09 [stage5][all][mswp][k=-][s=-] INFO Stage 5 MSWP k=1 sanity check | Adam=3000 | L-BFGS=0 | criteria: MAE<1.0°C, L2<0.05, max_err<5.0°C
2026-05-22 19:24:09 [stage5][all][mswp][k=-][s=-] INFO === Geometry: square ===
2026-05-22 19:24:09 [stage5][all][mswp][k=-][s=-] INFO   Architecture: [110, 110, 110, 90]  (source: Stage4)
2026-05-22 19:40:32 [stage5][all][mswp][k=-][s=-] INFO   k=1 criteria: MAE=1.900/1.0  L2=0.0125/0.05  max_err=2.661/5.0  → FAIL ✗
2026-05-22 19:40:36 [stage5][all][mswp][k=-][s=-] INFO   Saved figure: /home/coder/NAS-PINNS1/thermal_pinn/quenching_mswp/figures/heat_maps/square_mswp_k1_comparison.png
2026-05-22 19:40:36 [stage5][all][mswp][k=-][s=-] INFO === Geometry: circle ===
2026-05-22 19:40:37 [stage5][all][mswp][k=-][s=-] INFO   Architecture: [90, 110, 110, 70]  (source: Stage4)
2026-05-22 19:57:09 [stage5][all][mswp][k=-][s=-] INFO   k=1 criteria: MAE=1.885/1.0  L2=0.0126/0.05  max_err=2.236/5.0  → FAIL ✗
2026-05-22 19:57:15 [stage5][all][mswp][k=-][s=-] INFO   Saved figure: /home/coder/NAS-PINNS1/thermal_pinn/quenching_mswp/figures/heat_maps/circle_mswp_k1_comparison.png
2026-05-22 19:57:15 [stage5][all][mswp][k=-][s=-] INFO === Geometry: lshape ===
2026-05-22 19:57:15 [stage5][all][mswp][k=-][s=-] INFO   Architecture: [10, 90, 10, 50]  (source: Stage4)
2026-05-22 20:13:45 [stage5][all][mswp][k=-][s=-] INFO   k=1 criteria: MAE=1.350/1.0  L2=0.0090/0.05  max_err=2.623/5.0  → FAIL ✗
2026-05-22 20:13:49 [stage5][all][mswp][k=-][s=-] INFO   Saved figure: /home/coder/NAS-PINNS1/thermal_pinn/quenching_mswp/figures/heat_maps/lshape_mswp_k1_comparison.png
2026-05-22 20:13:49 [stage5][all][mswp][k=-][s=-] INFO === Geometry: flower ===
2026-05-22 20:13:49 [stage5][all][mswp][k=-][s=-] INFO   Architecture: [70]  (source: Stage4)
2026-05-22 20:24:47 [stage5][all][mswp][k=-][s=-] INFO   k=1 criteria: MAE=2.833/1.0  L2=0.0222/0.05  max_err=3.427/5.0  → FAIL ✗
2026-05-22 20:24:51 [stage5][all][mswp][k=-][s=-] INFO   Saved figure: /home/coder/NAS-PINNS1/thermal_pinn/quenching_mswp/figures/heat_maps/flower_mswp_k1_comparison.png
2026-05-22 20:24:51 [stage5][all][mswp][k=-][s=-] INFO === Stage 5 complete — overall: SOME FAIL ✗ ===
2026-05-22 20:24:51 [stage5][all][mswp][k=-][s=-] INFO   square    k=1  MAE=1.900 C  L2=0.0125  max_err=2.661 C  FEM_saving=67%  FAIL
2026-05-22 20:24:51 [stage5][all][mswp][k=-][s=-] INFO   circle    k=1  MAE=1.885 C  L2=0.0126  max_err=2.236 C  FEM_saving=67%  FAIL
2026-05-22 20:24:51 [stage5][all][mswp][k=-][s=-] INFO   lshape    k=1  MAE=1.350 C  L2=0.0090  max_err=2.623 C  FEM_saving=67%  FAIL
2026-05-22 20:24:51 [stage5][all][mswp][k=-][s=-] INFO   flower    k=1  MAE=2.833 C  L2=0.0222  max_err=3.427 C  FEM_saving=67%  FAIL
2026-05-22 20:24:51 [stage5][all][mswp][k=-][s=-] WARNING One or more geometries failed k=1 acceptance criteria.
Suggested fixes: increase epochs_adam, increase IC weight (currently 100),
reduce BC weight, or check boundary normal computation.
2026-05-22 21:38:16 [stage5][all][mswp][k=-][s=-] INFO Stage 5 MSWP k=1 sanity check | Adam=1000 | L-BFGS=0 | criteria: MAE<1.0°C, L2<0.05, max_err<5.0°C
2026-05-22 21:38:16 [stage5][all][mswp][k=-][s=-] INFO === Geometry: square ===
2026-05-22 21:38:16 [stage5][all][mswp][k=-][s=-] INFO   Architecture: [110, 110, 110, 90]  (source: Stage4)
2026-05-22 21:44:19 [stage5][all][mswp][k=-][s=-] INFO   k=1 criteria: MAE=1.873/1.0  L2=0.0126/0.05  max_err=2.684/5.0  → FAIL ✗
2026-05-22 21:44:23 [stage5][all][mswp][k=-][s=-] INFO   Saved figure: /home/coder/NAS-PINNS1/thermal_pinn/quenching_mswp/figures/heat_maps/square_mswp_k1_comparison.png
2026-05-22 21:44:23 [stage5][all][mswp][k=-][s=-] INFO === Stage 5 complete — overall: SOME FAIL ✗ ===
2026-05-22 21:44:23 [stage5][all][mswp][k=-][s=-] INFO   square    k=1  MAE=1.873 C  L2=0.0126  max_err=2.684 C  FEM_saving=67%  FAIL
2026-05-22 21:44:23 [stage5][all][mswp][k=-][s=-] WARNING One or more geometries failed k=1 acceptance criteria.
Suggested fixes: increase epochs_adam, increase IC weight (currently 100),
reduce BC weight, or check boundary normal computation.
2026-05-22 21:59:49 [stage5][all][mswp][k=-][s=-] INFO Stage 5 MSWP k=1 sanity check | Adam=1000 | L-BFGS=0 | criteria: MAE<1.0°C, L2<0.05, max_err<5.0°C
2026-05-22 21:59:49 [stage5][all][mswp][k=-][s=-] INFO === Geometry: circle ===
2026-05-22 21:59:50 [stage5][all][mswp][k=-][s=-] INFO   Architecture: [90, 110, 110, 70]  (source: Stage4)
2026-05-22 22:05:34 [stage5][all][mswp][k=-][s=-] INFO   k=1 criteria: MAE=1.788/1.0  L2=0.0125/0.05  max_err=2.226/5.0  → FAIL ✗
2026-05-22 22:05:40 [stage5][all][mswp][k=-][s=-] INFO   Saved figure: /home/coder/NAS-PINNS1/thermal_pinn/quenching_mswp/figures/heat_maps/circle_mswp_k1_comparison.png
2026-05-22 22:05:40 [stage5][all][mswp][k=-][s=-] INFO === Geometry: lshape ===
2026-05-22 22:05:40 [stage5][all][mswp][k=-][s=-] INFO   Architecture: [10, 90, 10, 50]  (source: Stage4)
2026-05-22 22:11:22 [stage5][all][mswp][k=-][s=-] INFO   k=1 criteria: MAE=1.345/1.0  L2=0.0099/0.05  max_err=2.946/5.0  → FAIL ✗
2026-05-22 22:11:26 [stage5][all][mswp][k=-][s=-] INFO   Saved figure: /home/coder/NAS-PINNS1/thermal_pinn/quenching_mswp/figures/heat_maps/lshape_mswp_k1_comparison.png
2026-05-22 22:11:26 [stage5][all][mswp][k=-][s=-] INFO === Geometry: flower ===
2026-05-22 22:11:27 [stage5][all][mswp][k=-][s=-] INFO   Architecture: [70]  (source: Stage4)
2026-05-22 22:15:09 [stage5][all][mswp][k=-][s=-] INFO   k=1 criteria: MAE=2.890/1.0  L2=0.0267/0.05  max_err=3.562/5.0  → FAIL ✗
2026-05-22 22:15:13 [stage5][all][mswp][k=-][s=-] INFO   Saved figure: /home/coder/NAS-PINNS1/thermal_pinn/quenching_mswp/figures/heat_maps/flower_mswp_k1_comparison.png
2026-05-22 22:15:13 [stage5][all][mswp][k=-][s=-] INFO === Stage 5 complete — overall: SOME FAIL ✗ ===
2026-05-22 22:15:13 [stage5][all][mswp][k=-][s=-] INFO   circle    k=1  MAE=1.788 C  L2=0.0125  max_err=2.226 C  FEM_saving=67%  FAIL
2026-05-22 22:15:13 [stage5][all][mswp][k=-][s=-] INFO   lshape    k=1  MAE=1.345 C  L2=0.0099  max_err=2.946 C  FEM_saving=67%  FAIL
2026-05-22 22:15:13 [stage5][all][mswp][k=-][s=-] INFO   flower    k=1  MAE=2.890 C  L2=0.0267  max_err=3.562 C  FEM_saving=67%  FAIL
2026-05-22 22:15:13 [stage5][all][mswp][k=-][s=-] WARNING One or more geometries failed k=1 acceptance criteria.
Suggested fixes: increase epochs_adam, increase IC weight (currently 100),
reduce BC weight, or check boundary normal computation.
2026-05-23 22:21:22 [stage5][all][mswp][k=-][s=-] INFO Stage 5 MSWP k=1 sanity check | Adam=3000 | L-BFGS=500 | criteria: MAE<1.0°C, L2<1.10, max_err<5.0°C
2026-05-23 22:21:22 [stage5][all][mswp][k=-][s=-] INFO === Geometry: square ===
2026-05-23 22:21:22 [stage5][all][mswp][k=-][s=-] INFO   Architecture: [70]  (source: Stage4)
2026-05-23 22:32:23 [stage5][all][mswp][k=-][s=-] INFO   k=1 criteria: MAE=1.770/1.0  L2=0.0128/1.10  max_err=3.039/5.0  → FAIL ✗
2026-05-23 22:32:28 [stage5][all][mswp][k=-][s=-] INFO   Saved figure: /home/coder/NAS-PINNS1/thermal_pinn/quenching_mswp/figures/heat_maps/square_mswp_k1_comparison.png
2026-05-23 22:32:28 [stage5][all][mswp][k=-][s=-] INFO === Stage 5 complete — overall: SOME FAIL ✗ ===
2026-05-23 22:32:28 [stage5][all][mswp][k=-][s=-] INFO   square    k=1  MAE=1.770 C  L2=0.0128  max_err=3.039 C  FEM_saving=67%  FAIL
2026-05-23 22:32:28 [stage5][all][mswp][k=-][s=-] WARNING One or more geometries failed k=1 acceptance criteria.
Suggested fixes: increase epochs_adam, increase IC weight (currently 100),
reduce BC weight, or check boundary normal computation.
2026-05-23 23:11:56 [stage5][all][mswp][k=-][s=-] INFO Stage 5 MSWP k=1 sanity check | Adam=3000 | L-BFGS=500 | criteria: MAE<1.0°C, L2<1.10, max_err<5.0°C
2026-05-23 23:11:56 [stage5][all][mswp][k=-][s=-] INFO === Geometry: square ===
2026-05-23 23:11:56 [stage5][all][mswp][k=-][s=-] INFO   Architecture: [90]  (source: Stage4)
2026-05-23 23:45:23 [stage5][all][mswp][k=-][s=-] INFO   k=1 criteria: MAE=1.732/1.0  L2=0.0126/1.10  max_err=52.242/5.0  → FAIL ✗
2026-05-23 23:45:27 [stage5][all][mswp][k=-][s=-] INFO   Saved figure: /home/coder/NAS-PINNS1/thermal_pinn/quenching_mswp/figures/heat_maps/square_mswp_k1_comparison.png
2026-05-23 23:45:27 [stage5][all][mswp][k=-][s=-] INFO === Stage 5 complete — overall: SOME FAIL ✗ ===
2026-05-23 23:45:27 [stage5][all][mswp][k=-][s=-] INFO   square    k=1  MAE=1.732 C  L2=0.0126  max_err=52.242 C  FEM_saving=67%  FAIL
2026-05-23 23:45:27 [stage5][all][mswp][k=-][s=-] WARNING One or more geometries failed k=1 acceptance criteria.
Suggested fixes: increase epochs_adam, increase IC weight (currently 100),
reduce BC weight, or check boundary normal computation.
