2026-05-21 21:24:46 [stage1][all][fem][k=-][s=-] INFO Stage 1 FEM | geometries=['square', 'circle', 'lshape', 'flower'] | n_refine=3 | L=0.0100 m | dt=0.50 s | t_end=30 s
2026-05-21 21:24:46 [stage1][all][fem][k=-][s=-] INFO === Starting geometry: square ===
2026-05-21 21:24:46 [stage1][all][fem][k=-][s=-] INFO Saved snapshots to /home/coder/NAS-PINNS1/thermal_pinn/quenching_mswp/results/fem/square/snapshots.npz
2026-05-21 21:24:46 [stage1][all][fem][k=-][s=-] INFO Result: 289 nodes, 0.052 s total | T_mean: 540.00→20.00 C (cooled 100.0%)
2026-05-21 21:24:46 [stage1][all][fem][k=-][s=-] INFO === Starting geometry: circle ===
2026-05-21 21:24:50 [stage1][all][fem][k=-][s=-] INFO Saved snapshots to /home/coder/NAS-PINNS1/thermal_pinn/quenching_mswp/results/fem/circle/snapshots.npz
2026-05-21 21:24:50 [stage1][all][fem][k=-][s=-] INFO Result: 8321 nodes, 3.589 s total | T_mean: 540.00→20.00 C (cooled 100.0%)
2026-05-21 21:24:50 [stage1][all][fem][k=-][s=-] INFO === Starting geometry: lshape ===
2026-05-21 21:24:50 [stage1][all][fem][k=-][s=-] INFO Saved snapshots to /home/coder/NAS-PINNS1/thermal_pinn/quenching_mswp/results/fem/lshape/snapshots.npz
2026-05-21 21:24:50 [stage1][all][fem][k=-][s=-] INFO Result: 225 nodes, 0.043 s total | T_mean: 540.00→20.00 C (cooled 100.0%)
2026-05-21 21:24:50 [stage1][all][fem][k=-][s=-] INFO === Starting geometry: flower ===
2026-05-21 21:25:08 [stage1][all][fem][k=-][s=-] INFO Saved snapshots to /home/coder/NAS-PINNS1/thermal_pinn/quenching_mswp/results/fem/flower/snapshots.npz
2026-05-21 21:25:08 [stage1][all][fem][k=-][s=-] INFO Result: 48577 nodes, 16.342 s total | T_mean: 540.00→20.00 C (cooled 100.0%)
2026-05-21 21:25:08 [stage1][all][fem][k=-][s=-] INFO Runtime CSV saved: /home/coder/NAS-PINNS1/thermal_pinn/quenching_mswp/results/fem/stage1_runtimes.csv
2026-05-21 21:25:08 [stage1][all][fem][k=-][s=-] INFO === Stage 1 complete ===
2026-05-21 21:25:08 [stage1][all][fem][k=-][s=-] INFO   square    verts=289     total=0.05 s  T_final_mean=20.00 C
2026-05-21 21:25:08 [stage1][all][fem][k=-][s=-] INFO   circle    verts=8321    total=3.59 s  T_final_mean=20.00 C
2026-05-21 21:25:08 [stage1][all][fem][k=-][s=-] INFO   lshape    verts=225     total=0.04 s  T_final_mean=20.00 C
2026-05-21 21:25:08 [stage1][all][fem][k=-][s=-] INFO   flower    verts=48577   total=16.34 s  T_final_mean=20.00 C
2026-05-21 21:25:52 [stage1][all][fem][k=-][s=-] INFO Stage 1 FEM | geometries=['square', 'circle', 'lshape', 'flower'] | n_refine=4 | L=0.0100 m | dt=0.50 s | t_end=30 s
2026-05-21 21:25:52 [stage1][all][fem][k=-][s=-] INFO === Starting geometry: square ===
2026-05-21 21:25:52 [stage1][all][fem][k=-][s=-] INFO Saved snapshots to /home/coder/NAS-PINNS1/thermal_pinn/quenching_mswp/results/fem/square/snapshots.npz
2026-05-21 21:25:52 [stage1][all][fem][k=-][s=-] INFO Result: 1089 nodes, 0.227 s total | T_mean: 540.00→20.00 C (cooled 100.0%)
2026-05-21 21:25:52 [stage1][all][fem][k=-][s=-] INFO === Starting geometry: circle ===
2026-05-21 21:26:15 [stage1][all][fem][k=-][s=-] INFO Saved snapshots to /home/coder/NAS-PINNS1/thermal_pinn/quenching_mswp/results/fem/circle/snapshots.npz
2026-05-21 21:26:15 [stage1][all][fem][k=-][s=-] INFO Result: 33025 nodes, 22.201 s total | T_mean: 540.00→20.00 C (cooled 100.0%)
2026-05-21 21:26:15 [stage1][all][fem][k=-][s=-] INFO === Starting geometry: lshape ===
2026-05-21 21:26:15 [stage1][all][fem][k=-][s=-] INFO Saved snapshots to /home/coder/NAS-PINNS1/thermal_pinn/quenching_mswp/results/fem/lshape/snapshots.npz
2026-05-21 21:26:15 [stage1][all][fem][k=-][s=-] INFO Result: 833 nodes, 0.156 s total | T_mean: 540.00→20.00 C (cooled 100.0%)
2026-05-21 21:26:15 [stage1][all][fem][k=-][s=-] INFO === Starting geometry: flower ===
2026-05-21 21:26:15 [stage1][all][fem][k=-][s=-] INFO Saved snapshots to /home/coder/NAS-PINNS1/thermal_pinn/quenching_mswp/results/fem/flower/snapshots.npz
2026-05-21 21:26:15 [stage1][all][fem][k=-][s=-] INFO Result: 935 nodes, 0.142 s total | T_mean: 540.00→20.00 C (cooled 100.0%)
2026-05-21 21:26:15 [stage1][all][fem][k=-][s=-] INFO Runtime CSV saved: /home/coder/NAS-PINNS1/thermal_pinn/quenching_mswp/results/fem/stage1_runtimes.csv
2026-05-21 21:26:15 [stage1][all][fem][k=-][s=-] INFO === Stage 1 complete ===
2026-05-21 21:26:15 [stage1][all][fem][k=-][s=-] INFO   square    verts=1089    total=0.23 s  T_final_mean=20.00 C
2026-05-21 21:26:15 [stage1][all][fem][k=-][s=-] INFO   circle    verts=33025   total=22.20 s  T_final_mean=20.00 C
2026-05-21 21:26:15 [stage1][all][fem][k=-][s=-] INFO   lshape    verts=833     total=0.16 s  T_final_mean=20.00 C
2026-05-21 21:26:15 [stage1][all][fem][k=-][s=-] INFO   flower    verts=935     total=0.14 s  T_final_mean=20.00 C
2026-05-21 21:27:28 [stage1][all][fem][k=-][s=-] INFO Stage 1 FEM | geometries=['square', 'circle', 'lshape', 'flower'] | n_refine=4 | L=0.0100 m | dt=0.50 s | t_end=30 s
2026-05-21 21:27:28 [stage1][all][fem][k=-][s=-] INFO === Starting geometry: square ===
2026-05-21 21:27:28 [stage1][all][fem][k=-][s=-] INFO Saved snapshots to /home/coder/NAS-PINNS1/thermal_pinn/quenching_mswp/results/fem/square/snapshots.npz
2026-05-21 21:27:28 [stage1][all][fem][k=-][s=-] INFO Result: 1089 nodes, 0.221 s total | T_mean: 540.00→20.00 C (cooled 100.0%)
2026-05-21 21:27:28 [stage1][all][fem][k=-][s=-] INFO === Starting geometry: circle ===
2026-05-21 21:27:32 [stage1][all][fem][k=-][s=-] INFO Saved snapshots to /home/coder/NAS-PINNS1/thermal_pinn/quenching_mswp/results/fem/circle/snapshots.npz
2026-05-21 21:27:32 [stage1][all][fem][k=-][s=-] INFO Result: 8321 nodes, 3.511 s total | T_mean: 540.00→20.00 C (cooled 100.0%)
2026-05-21 21:27:32 [stage1][all][fem][k=-][s=-] INFO === Starting geometry: lshape ===
2026-05-21 21:27:32 [stage1][all][fem][k=-][s=-] INFO Saved snapshots to /home/coder/NAS-PINNS1/thermal_pinn/quenching_mswp/results/fem/lshape/snapshots.npz
2026-05-21 21:27:32 [stage1][all][fem][k=-][s=-] INFO Result: 833 nodes, 0.155 s total | T_mean: 540.00→20.00 C (cooled 100.0%)
2026-05-21 21:27:32 [stage1][all][fem][k=-][s=-] INFO === Starting geometry: flower ===
2026-05-21 21:27:32 [stage1][all][fem][k=-][s=-] INFO Saved snapshots to /home/coder/NAS-PINNS1/thermal_pinn/quenching_mswp/results/fem/flower/snapshots.npz
2026-05-21 21:27:32 [stage1][all][fem][k=-][s=-] INFO Result: 935 nodes, 0.141 s total | T_mean: 540.00→20.00 C (cooled 100.0%)
2026-05-21 21:27:32 [stage1][all][fem][k=-][s=-] INFO Runtime CSV saved: /home/coder/NAS-PINNS1/thermal_pinn/quenching_mswp/results/fem/stage1_runtimes.csv
2026-05-21 21:27:32 [stage1][all][fem][k=-][s=-] INFO === Stage 1 complete ===
2026-05-21 21:27:32 [stage1][all][fem][k=-][s=-] INFO   square    verts=1089    total=0.22 s  T_final_mean=20.00 C
2026-05-21 21:27:32 [stage1][all][fem][k=-][s=-] INFO   circle    verts=8321    total=3.51 s  T_final_mean=20.00 C
2026-05-21 21:27:32 [stage1][all][fem][k=-][s=-] INFO   lshape    verts=833     total=0.16 s  T_final_mean=20.00 C
2026-05-21 21:27:32 [stage1][all][fem][k=-][s=-] INFO   flower    verts=935     total=0.14 s  T_final_mean=20.00 C
2026-05-23 18:47:41 [stage1][all][fem][k=-][s=-] INFO Stage 1 FEM | geometries=['circle'] | n_refine=4 | L=0.0100 m | dt=0.50 s | t_end=10 s
2026-05-23 18:47:41 [stage1][all][fem][k=-][s=-] INFO === Starting geometry: circle ===
2026-05-23 18:47:42 [stage1][all][fem][k=-][s=-] INFO Saved snapshots to /home/coder/NAS-PINNS1/thermal_pinn/quenching_mswp/results/fem/circle/snapshots.npz
2026-05-23 18:47:42 [stage1][all][fem][k=-][s=-] INFO Result: 8321 nodes, 1.273 s total | T_mean: 540.00→20.61 C (cooled 99.9%)
2026-05-23 18:47:42 [stage1][all][fem][k=-][s=-] INFO Runtime CSV saved: /home/coder/NAS-PINNS1/thermal_pinn/quenching_mswp/results/fem/stage1_runtimes.csv
2026-05-23 18:47:42 [stage1][all][fem][k=-][s=-] INFO === Stage 1 complete ===
2026-05-23 18:47:42 [stage1][all][fem][k=-][s=-] INFO   circle    verts=8321    total=1.27 s  T_final_mean=20.61 C
2026-05-23 19:12:29 [stage1][all][fem][k=-][s=-] INFO Stage 1 FEM | geometries=['circle'] | n_refine=4 | L=0.0100 m | dt=0.50 s | t_end=15 s
2026-05-23 19:12:29 [stage1][all][fem][k=-][s=-] INFO === Starting geometry: circle ===
2026-05-23 19:12:31 [stage1][all][fem][k=-][s=-] INFO Saved snapshots to /home/coder/NAS-PINNS1/thermal_pinn/quenching_mswp/results/fem/circle/snapshots.npz
2026-05-23 19:12:31 [stage1][all][fem][k=-][s=-] INFO Result: 8321 nodes, 1.799 s total | T_mean: 540.00→20.02 C (cooled 100.0%)
2026-05-23 19:12:31 [stage1][all][fem][k=-][s=-] INFO Runtime CSV saved: /home/coder/NAS-PINNS1/thermal_pinn/quenching_mswp/results/fem/stage1_runtimes.csv
2026-05-23 19:12:31 [stage1][all][fem][k=-][s=-] INFO === Stage 1 complete ===
2026-05-23 19:12:31 [stage1][all][fem][k=-][s=-] INFO   circle    verts=8321    total=1.80 s  T_final_mean=20.02 C
2026-05-23 21:02:43 [stage1][all][fem][k=-][s=-] INFO Stage 1 FEM | geometries=['square', 'circle', 'lshape', 'flower'] | n_refine=4 | L=0.0100 m | dt=0.50 s | t_end=30 s
2026-05-23 21:02:43 [stage1][all][fem][k=-][s=-] INFO === Starting geometry: square ===
2026-05-23 21:02:43 [stage1][all][fem][k=-][s=-] INFO Saved snapshots to /home/coder/NAS-PINNS1/thermal_pinn/quenching_mswp/results/fem/square/snapshots.npz
2026-05-23 21:02:43 [stage1][all][fem][k=-][s=-] INFO Result: 1089 nodes, 0.215 s total | T_mean: 540.00→20.00 C (cooled 100.0%)
2026-05-23 21:02:43 [stage1][all][fem][k=-][s=-] INFO === Starting geometry: circle ===
2026-05-23 21:02:47 [stage1][all][fem][k=-][s=-] INFO Saved snapshots to /home/coder/NAS-PINNS1/thermal_pinn/quenching_mswp/results/fem/circle/snapshots.npz
2026-05-23 21:02:47 [stage1][all][fem][k=-][s=-] INFO Result: 8321 nodes, 3.611 s total | T_mean: 540.00→20.00 C (cooled 100.0%)
2026-05-23 21:02:47 [stage1][all][fem][k=-][s=-] INFO === Starting geometry: lshape ===
2026-05-23 21:02:47 [stage1][all][fem][k=-][s=-] INFO Saved snapshots to /home/coder/NAS-PINNS1/thermal_pinn/quenching_mswp/results/fem/lshape/snapshots.npz
2026-05-23 21:02:47 [stage1][all][fem][k=-][s=-] INFO Result: 833 nodes, 0.154 s total | T_mean: 540.00→20.00 C (cooled 100.0%)
2026-05-23 21:02:47 [stage1][all][fem][k=-][s=-] INFO === Starting geometry: flower ===
2026-05-23 21:02:47 [stage1][all][fem][k=-][s=-] INFO Saved snapshots to /home/coder/NAS-PINNS1/thermal_pinn/quenching_mswp/results/fem/flower/snapshots.npz
2026-05-23 21:02:47 [stage1][all][fem][k=-][s=-] INFO Result: 935 nodes, 0.140 s total | T_mean: 540.00→20.00 C (cooled 100.0%)
2026-05-23 21:02:47 [stage1][all][fem][k=-][s=-] INFO Runtime CSV saved: /home/coder/NAS-PINNS1/thermal_pinn/quenching_mswp/results/fem/stage1_runtimes.csv
2026-05-23 21:02:47 [stage1][all][fem][k=-][s=-] INFO === Stage 1 complete ===
2026-05-23 21:02:47 [stage1][all][fem][k=-][s=-] INFO   square    verts=1089    total=0.21 s  T_final_mean=20.00 C
2026-05-23 21:02:47 [stage1][all][fem][k=-][s=-] INFO   circle    verts=8321    total=3.61 s  T_final_mean=20.00 C
2026-05-23 21:02:47 [stage1][all][fem][k=-][s=-] INFO   lshape    verts=833     total=0.15 s  T_final_mean=20.00 C
2026-05-23 21:02:47 [stage1][all][fem][k=-][s=-] INFO   flower    verts=935     total=0.14 s  T_final_mean=20.00 C
2026-05-23 21:22:38 [stage1][all][fem][k=-][s=-] INFO Stage 1 FEM | geometries=['square', 'circle', 'lshape', 'flower'] | n_refine=1 | L=0.0100 m | dt=0.50 s | t_end=30 s
2026-05-23 21:22:38 [stage1][all][fem][k=-][s=-] INFO === Starting geometry: square ===
2026-05-23 21:22:38 [stage1][all][fem][k=-][s=-] INFO Saved snapshots to /home/coder/NAS-PINNS1/thermal_pinn/quenching_mswp/results/fem/square/snapshots.npz
2026-05-23 21:22:38 [stage1][all][fem][k=-][s=-] INFO Result: 25 nodes, 0.014 s total | T_mean: 540.00→20.00 C (cooled 100.0%)
2026-05-23 21:22:38 [stage1][all][fem][k=-][s=-] INFO === Starting geometry: circle ===
2026-05-23 21:22:38 [stage1][all][fem][k=-][s=-] INFO Saved snapshots to /home/coder/NAS-PINNS1/thermal_pinn/quenching_mswp/results/fem/circle/snapshots.npz
2026-05-23 21:22:38 [stage1][all][fem][k=-][s=-] INFO Result: 545 nodes, 0.118 s total | T_mean: 540.00→20.00 C (cooled 100.0%)
2026-05-23 21:22:38 [stage1][all][fem][k=-][s=-] INFO === Starting geometry: lshape ===
2026-05-23 21:22:38 [stage1][all][fem][k=-][s=-] INFO Saved snapshots to /home/coder/NAS-PINNS1/thermal_pinn/quenching_mswp/results/fem/lshape/snapshots.npz
2026-05-23 21:22:38 [stage1][all][fem][k=-][s=-] INFO Result: 21 nodes, 0.008 s total | T_mean: 540.00→20.00 C (cooled 100.0%)
2026-05-23 21:22:38 [stage1][all][fem][k=-][s=-] INFO === Starting geometry: flower ===
2026-05-23 21:22:38 [stage1][all][fem][k=-][s=-] INFO Saved snapshots to /home/coder/NAS-PINNS1/thermal_pinn/quenching_mswp/results/fem/flower/snapshots.npz
2026-05-23 21:22:38 [stage1][all][fem][k=-][s=-] INFO Result: 457 nodes, 0.049 s total | T_mean: 540.00→20.00 C (cooled 100.0%)
2026-05-23 21:22:38 [stage1][all][fem][k=-][s=-] INFO Runtime CSV saved: /home/coder/NAS-PINNS1/thermal_pinn/quenching_mswp/results/fem/stage1_runtimes.csv
2026-05-23 21:22:38 [stage1][all][fem][k=-][s=-] INFO === Stage 1 complete ===
2026-05-23 21:22:38 [stage1][all][fem][k=-][s=-] INFO   square    verts=25      total=0.01 s  T_final_mean=20.00 C
2026-05-23 21:22:38 [stage1][all][fem][k=-][s=-] INFO   circle    verts=545     total=0.12 s  T_final_mean=20.00 C
2026-05-23 21:22:38 [stage1][all][fem][k=-][s=-] INFO   lshape    verts=21      total=0.01 s  T_final_mean=20.00 C
2026-05-23 21:22:38 [stage1][all][fem][k=-][s=-] INFO   flower    verts=457     total=0.05 s  T_final_mean=20.00 C
2026-05-23 21:39:25 [stage1][all][fem][k=-][s=-] INFO Stage 1 FEM | geometries=['square', 'circle', 'lshape', 'flower'] | n_refine=4 | L=0.0100 m | dt=0.50 s | t_end=30 s
2026-05-23 21:39:25 [stage1][all][fem][k=-][s=-] INFO === Starting geometry: square ===
2026-05-23 21:39:26 [stage1][all][fem][k=-][s=-] INFO Saved snapshots to /home/coder/NAS-PINNS1/thermal_pinn/quenching_mswp/results/fem/square/snapshots.npz
2026-05-23 21:39:26 [stage1][all][fem][k=-][s=-] INFO Result: 1089 nodes, 0.222 s total | T_mean: 540.00→20.00 C (cooled 100.0%)
2026-05-23 21:39:26 [stage1][all][fem][k=-][s=-] INFO === Starting geometry: circle ===
2026-05-23 21:39:29 [stage1][all][fem][k=-][s=-] INFO Saved snapshots to /home/coder/NAS-PINNS1/thermal_pinn/quenching_mswp/results/fem/circle/snapshots.npz
2026-05-23 21:39:29 [stage1][all][fem][k=-][s=-] INFO Result: 8321 nodes, 3.524 s total | T_mean: 540.00→20.00 C (cooled 100.0%)
2026-05-23 21:39:29 [stage1][all][fem][k=-][s=-] INFO === Starting geometry: lshape ===
2026-05-23 21:39:29 [stage1][all][fem][k=-][s=-] INFO Saved snapshots to /home/coder/NAS-PINNS1/thermal_pinn/quenching_mswp/results/fem/lshape/snapshots.npz
2026-05-23 21:39:29 [stage1][all][fem][k=-][s=-] INFO Result: 833 nodes, 0.157 s total | T_mean: 540.00→20.00 C (cooled 100.0%)
2026-05-23 21:39:29 [stage1][all][fem][k=-][s=-] INFO === Starting geometry: flower ===
2026-05-23 21:39:30 [stage1][all][fem][k=-][s=-] INFO Saved snapshots to /home/coder/NAS-PINNS1/thermal_pinn/quenching_mswp/results/fem/flower/snapshots.npz
2026-05-23 21:39:30 [stage1][all][fem][k=-][s=-] INFO Result: 935 nodes, 0.141 s total | T_mean: 540.00→20.00 C (cooled 100.0%)
2026-05-23 21:39:30 [stage1][all][fem][k=-][s=-] INFO Runtime CSV saved: /home/coder/NAS-PINNS1/thermal_pinn/quenching_mswp/results/fem/stage1_runtimes.csv
2026-05-23 21:39:30 [stage1][all][fem][k=-][s=-] INFO === Stage 1 complete ===
2026-05-23 21:39:30 [stage1][all][fem][k=-][s=-] INFO   square    verts=1089    total=0.22 s  T_final_mean=20.00 C
2026-05-23 21:39:30 [stage1][all][fem][k=-][s=-] INFO   circle    verts=8321    total=3.52 s  T_final_mean=20.00 C
2026-05-23 21:39:30 [stage1][all][fem][k=-][s=-] INFO   lshape    verts=833     total=0.16 s  T_final_mean=20.00 C
2026-05-23 21:39:30 [stage1][all][fem][k=-][s=-] INFO   flower    verts=935     total=0.14 s  T_final_mean=20.00 C
