2026-05-24 21:56:42 [stage_adaptive_k][all][adaptive_k][k=-][s=-] INFO AdaptiveK | geo=square seed=0 arch=[151, 151, 151, 151, 151] thr_up=2.0 thr_dn=5.0
2026-05-24 22:04:19 [stage_adaptive_k][all][adaptive_k][k=-][s=-] INFO RESULT geo=square   seed=0 | MAE=1.523°C | L2=0.0171 | FEM_solves=9/60 | FEM_saving=85%
2026-05-24 22:10:13 [stage_adaptive_k][all][adaptive_k][k=-][s=-] INFO AdaptiveK | geo=circle seed=0 arch=[151, 151, 151, 151, 151] thr_up=2.0 thr_dn=5.0
2026-05-24 22:18:05 [stage_adaptive_k][all][adaptive_k][k=-][s=-] INFO RESULT geo=circle   seed=0 | MAE=1.431°C | L2=0.0164 | FEM_solves=9/60 | FEM_saving=85%
2026-05-24 22:18:05 [stage_adaptive_k][all][adaptive_k][k=-][s=-] INFO AdaptiveK | geo=lshape seed=0 arch=[151, 151, 151, 151, 151] thr_up=2.0 thr_dn=5.0
2026-05-24 22:25:49 [stage_adaptive_k][all][adaptive_k][k=-][s=-] INFO RESULT geo=lshape   seed=0 | MAE=1.368°C | L2=0.0173 | FEM_solves=9/60 | FEM_saving=85%
2026-05-24 22:25:49 [stage_adaptive_k][all][adaptive_k][k=-][s=-] INFO AdaptiveK | geo=flower seed=0 arch=[151, 151, 151, 151, 151] thr_up=2.0 thr_dn=5.0
2026-05-24 22:37:37 [stage_adaptive_k][all][adaptive_k][k=-][s=-] INFO RESULT geo=flower   seed=0 | MAE=1.619°C | L2=0.0152 | FEM_solves=9/60 | FEM_saving=85%
2026-05-24 22:52:09 [stage_adaptive_k][all][adaptive_k][k=-][s=-] INFO AdaptiveK | geo=square seed=0 arch=[50, 110, 70, 50] thr_up=2.0 thr_dn=5.0
2026-05-24 23:00:03 [stage_adaptive_k][all][adaptive_k][k=-][s=-] INFO RESULT geo=square   seed=0 | MAE=1.474°C | L2=0.0143 | FEM_solves=9/60 | FEM_saving=85%
2026-05-24 23:05:22 [stage_adaptive_k][all][adaptive_k][k=-][s=-] INFO AdaptiveK | geo=circle seed=0 arch=[50, 110, 70, 50] thr_up=2.0 thr_dn=5.0
2026-05-24 23:14:13 [stage_adaptive_k][all][adaptive_k][k=-][s=-] INFO RESULT geo=circle   seed=0 | MAE=1.411°C | L2=0.0129 | FEM_solves=9/60 | FEM_saving=85%
2026-05-24 23:14:13 [stage_adaptive_k][all][adaptive_k][k=-][s=-] INFO AdaptiveK | geo=lshape seed=0 arch=[50, 110, 70, 50] thr_up=2.0 thr_dn=5.0
2026-05-24 23:23:56 [stage_adaptive_k][all][adaptive_k][k=-][s=-] INFO RESULT geo=lshape   seed=0 | MAE=2.403°C | L2=0.0220 | FEM_solves=10/60 | FEM_saving=83%
2026-05-24 23:23:56 [stage_adaptive_k][all][adaptive_k][k=-][s=-] INFO AdaptiveK | geo=flower seed=0 arch=[50, 110, 70, 50] thr_up=2.0 thr_dn=5.0
2026-05-24 23:35:49 [stage_adaptive_k][all][adaptive_k][k=-][s=-] INFO RESULT geo=flower   seed=0 | MAE=1.772°C | L2=0.0156 | FEM_solves=9/60 | FEM_saving=85%
2026-05-24 23:56:49 [stage_adaptive_k][all][adaptive_k][k=-][s=-] INFO AdaptiveK | geo=square seed=0 arch=[90, 50, 110] thr_up=2.0 thr_dn=5.0
2026-05-24 23:57:17 [stage_adaptive_k][all][adaptive_k][k=-][s=-] INFO AdaptiveK | geo=square seed=0 arch=[90, 70, 30, 110] thr_up=2.0 thr_dn=5.0
2026-05-24 23:59:22 [stage_adaptive_k][all][adaptive_k][k=-][s=-] INFO AdaptiveK | geo=square seed=0 arch=[90, 50, 110] thr_up=2.0 thr_dn=5.0
2026-05-24 23:59:39 [stage_adaptive_k][all][adaptive_k][k=-][s=-] INFO AdaptiveK | geo=square seed=0 arch=[90, 70, 30, 110] thr_up=2.0 thr_dn=5.0
2026-05-25 00:06:33 [stage_adaptive_k][all][adaptive_k][k=-][s=-] INFO RESULT geo=square   seed=0 | MAE=1.848°C | L2=0.0148 | FEM_solves=9/60 | FEM_saving=85%
2026-05-25 00:06:34 [stage_adaptive_k][all][adaptive_k][k=-][s=-] INFO AdaptiveK | geo=circle seed=0 arch=[90, 50, 110] thr_up=2.0 thr_dn=5.0
2026-05-25 00:07:30 [stage_adaptive_k][all][adaptive_k][k=-][s=-] INFO RESULT geo=square   seed=0 | MAE=1.662°C | L2=0.0160 | FEM_solves=9/60 | FEM_saving=85%
2026-05-25 00:07:31 [stage_adaptive_k][all][adaptive_k][k=-][s=-] INFO AdaptiveK | geo=circle seed=0 arch=[90, 70, 30, 110] thr_up=2.0 thr_dn=5.0
2026-05-25 00:14:03 [stage_adaptive_k][all][adaptive_k][k=-][s=-] INFO RESULT geo=circle   seed=0 | MAE=1.666°C | L2=0.0129 | FEM_solves=9/60 | FEM_saving=85%
2026-05-25 00:14:03 [stage_adaptive_k][all][adaptive_k][k=-][s=-] INFO AdaptiveK | geo=lshape seed=0 arch=[90, 50, 110] thr_up=2.0 thr_dn=5.0
2026-05-25 00:15:37 [stage_adaptive_k][all][adaptive_k][k=-][s=-] INFO RESULT geo=circle   seed=0 | MAE=1.477°C | L2=0.0139 | FEM_solves=9/60 | FEM_saving=85%
2026-05-25 00:15:37 [stage_adaptive_k][all][adaptive_k][k=-][s=-] INFO AdaptiveK | geo=lshape seed=0 arch=[90, 70, 30, 110] thr_up=2.0 thr_dn=5.0
2026-05-25 00:22:21 [stage_adaptive_k][all][adaptive_k][k=-][s=-] INFO RESULT geo=lshape   seed=0 | MAE=2.399°C | L2=0.0221 | FEM_solves=10/60 | FEM_saving=83%
2026-05-25 00:22:21 [stage_adaptive_k][all][adaptive_k][k=-][s=-] INFO AdaptiveK | geo=flower seed=0 arch=[90, 50, 110] thr_up=2.0 thr_dn=5.0
2026-05-25 00:24:16 [stage_adaptive_k][all][adaptive_k][k=-][s=-] INFO RESULT geo=lshape   seed=0 | MAE=2.378°C | L2=0.0216 | FEM_solves=10/60 | FEM_saving=83%
2026-05-25 00:24:16 [stage_adaptive_k][all][adaptive_k][k=-][s=-] INFO AdaptiveK | geo=flower seed=0 arch=[90, 70, 30, 110] thr_up=2.0 thr_dn=5.0
2026-05-25 00:33:23 [stage_adaptive_k][all][adaptive_k][k=-][s=-] INFO RESULT geo=flower   seed=0 | MAE=2.246°C | L2=0.0167 | FEM_solves=9/60 | FEM_saving=85%
2026-05-25 00:35:35 [stage_adaptive_k][all][adaptive_k][k=-][s=-] INFO RESULT geo=flower   seed=0 | MAE=2.007°C | L2=0.0167 | FEM_solves=9/60 | FEM_saving=85%
2026-05-25 00:43:14 [stage_adaptive_k][all][adaptive_k][k=-][s=-] INFO AdaptiveK | geo=square seed=0 arch=[151, 151, 151, 151, 151] thr_up=2.0 thr_dn=5.0
2026-05-25 01:01:32 [stage_adaptive_k][all][adaptive_k][k=-][s=-] INFO RESULT geo=square   seed=0 | MAE=1.388°C | L2=0.0111 | FEM_solves=20/60 | FEM_saving=67%
2026-05-25 01:01:33 [stage_adaptive_k][all][adaptive_k][k=-][s=-] INFO AdaptiveK | geo=circle seed=0 arch=[151, 151, 151, 151, 151] thr_up=2.0 thr_dn=5.0
2026-05-25 01:18:57 [stage_adaptive_k][all][adaptive_k][k=-][s=-] INFO RESULT geo=circle   seed=0 | MAE=1.305°C | L2=0.0108 | FEM_solves=20/60 | FEM_saving=67%
2026-05-25 01:18:57 [stage_adaptive_k][all][adaptive_k][k=-][s=-] INFO AdaptiveK | geo=lshape seed=0 arch=[151, 151, 151, 151, 151] thr_up=2.0 thr_dn=5.0
2026-05-25 01:37:18 [stage_adaptive_k][all][adaptive_k][k=-][s=-] INFO RESULT geo=lshape   seed=0 | MAE=1.086°C | L2=0.0081 | FEM_solves=20/60 | FEM_saving=67%
2026-05-25 01:37:18 [stage_adaptive_k][all][adaptive_k][k=-][s=-] INFO AdaptiveK | geo=flower seed=0 arch=[151, 151, 151, 151, 151] thr_up=2.0 thr_dn=5.0
2026-05-25 02:03:54 [stage_adaptive_k][all][adaptive_k][k=-][s=-] INFO RESULT geo=flower   seed=0 | MAE=1.592°C | L2=0.0138 | FEM_solves=20/60 | FEM_saving=67%
2026-05-25 14:09:07 [stage_adaptive_k][all][adaptive_k][k=-][s=-] INFO AdaptiveK | geo=square seed=0 arch=[151, 151, 151, 151, 151] thr_up=2.0 thr_dn=5.0
2026-05-25 14:17:14 [stage_adaptive_k][all][adaptive_k][k=-][s=-] INFO RESULT geo=square   seed=0 | MAE=1.523°C | L2=0.0171 | FEM_solves=9/60 | FEM_saving=85%
2026-05-25 14:17:15 [stage_adaptive_k][all][adaptive_k][k=-][s=-] INFO AdaptiveK | geo=circle seed=0 arch=[151, 151, 151, 151, 151] thr_up=2.0 thr_dn=5.0
2026-05-25 14:25:12 [stage_adaptive_k][all][adaptive_k][k=-][s=-] INFO RESULT geo=circle   seed=0 | MAE=1.431°C | L2=0.0164 | FEM_solves=9/60 | FEM_saving=85%
2026-05-25 14:25:12 [stage_adaptive_k][all][adaptive_k][k=-][s=-] INFO AdaptiveK | geo=lshape seed=0 arch=[151, 151, 151, 151, 151] thr_up=2.0 thr_dn=5.0
2026-05-25 14:32:56 [stage_adaptive_k][all][adaptive_k][k=-][s=-] INFO RESULT geo=lshape   seed=0 | MAE=1.368°C | L2=0.0173 | FEM_solves=9/60 | FEM_saving=85%
2026-05-25 14:32:56 [stage_adaptive_k][all][adaptive_k][k=-][s=-] INFO AdaptiveK | geo=flower seed=0 arch=[151, 151, 151, 151, 151] thr_up=2.0 thr_dn=5.0
2026-05-25 14:44:47 [stage_adaptive_k][all][adaptive_k][k=-][s=-] INFO RESULT geo=flower   seed=0 | MAE=1.619°C | L2=0.0152 | FEM_solves=9/60 | FEM_saving=85%
2026-05-25 14:48:15 [stage_adaptive_k][all][adaptive_k][k=-][s=-] INFO AdaptiveK | geo=square seed=0 arch=[151, 151, 151, 151, 151] thr_up=2.0 thr_dn=5.0
2026-05-25 15:06:30 [stage_adaptive_k][all][adaptive_k][k=-][s=-] INFO RESULT geo=square   seed=0 | MAE=1.388°C | L2=0.0111 | FEM_solves=20/60 | FEM_saving=67%
2026-05-25 15:06:31 [stage_adaptive_k][all][adaptive_k][k=-][s=-] INFO AdaptiveK | geo=circle seed=0 arch=[151, 151, 151, 151, 151] thr_up=2.0 thr_dn=5.0
2026-05-25 15:23:54 [stage_adaptive_k][all][adaptive_k][k=-][s=-] INFO RESULT geo=circle   seed=0 | MAE=1.305°C | L2=0.0108 | FEM_solves=20/60 | FEM_saving=67%
2026-05-25 15:23:55 [stage_adaptive_k][all][adaptive_k][k=-][s=-] INFO AdaptiveK | geo=lshape seed=0 arch=[151, 151, 151, 151, 151] thr_up=2.0 thr_dn=5.0
2026-05-25 15:40:44 [stage_adaptive_k][all][adaptive_k][k=-][s=-] INFO RESULT geo=lshape   seed=0 | MAE=1.086°C | L2=0.0081 | FEM_solves=20/60 | FEM_saving=67%
2026-05-25 15:40:44 [stage_adaptive_k][all][adaptive_k][k=-][s=-] INFO AdaptiveK | geo=flower seed=0 arch=[151, 151, 151, 151, 151] thr_up=2.0 thr_dn=5.0
2026-05-25 16:06:44 [stage_adaptive_k][all][adaptive_k][k=-][s=-] INFO RESULT geo=flower   seed=0 | MAE=1.592°C | L2=0.0138 | FEM_solves=20/60 | FEM_saving=67%
2026-05-25 16:08:35 [stage_adaptive_k][all][adaptive_k][k=-][s=-] INFO AdaptiveK | geo=square seed=0 arch=[151, 151, 151, 151, 151] thr_up=2.0 thr_dn=5.0
2026-05-25 16:17:44 [stage_adaptive_k][all][adaptive_k][k=-][s=-] INFO RESULT geo=square   seed=0 | MAE=7.071°C | L2=0.0549 | FEM_solves=10/60 | FEM_saving=83%
2026-05-25 16:17:45 [stage_adaptive_k][all][adaptive_k][k=-][s=-] INFO AdaptiveK | geo=circle seed=0 arch=[151, 151, 151, 151, 151] thr_up=2.0 thr_dn=5.0
2026-05-25 16:26:42 [stage_adaptive_k][all][adaptive_k][k=-][s=-] INFO RESULT geo=circle   seed=0 | MAE=6.534°C | L2=0.0512 | FEM_solves=10/60 | FEM_saving=83%
2026-05-25 16:26:42 [stage_adaptive_k][all][adaptive_k][k=-][s=-] INFO AdaptiveK | geo=lshape seed=0 arch=[151, 151, 151, 151, 151] thr_up=2.0 thr_dn=5.0
2026-05-25 16:35:15 [stage_adaptive_k][all][adaptive_k][k=-][s=-] INFO RESULT geo=lshape   seed=0 | MAE=3.208°C | L2=0.0266 | FEM_solves=10/60 | FEM_saving=83%
2026-05-25 16:35:15 [stage_adaptive_k][all][adaptive_k][k=-][s=-] INFO AdaptiveK | geo=flower seed=0 arch=[151, 151, 151, 151, 151] thr_up=2.0 thr_dn=5.0
2026-05-25 16:44:52 [stage_adaptive_k][all][adaptive_k][k=-][s=-] INFO AdaptiveK | geo=square seed=0 arch=[151, 151, 151, 151, 151] thr_up=2.0 thr_dn=5.0
2026-05-25 16:48:33 [stage_adaptive_k][all][adaptive_k][k=-][s=-] INFO RESULT geo=flower   seed=0 | MAE=8.554°C | L2=0.0759 | FEM_solves=10/60 | FEM_saving=83%
2026-05-25 16:51:20 [stage_adaptive_k][all][adaptive_k][k=-][s=-] INFO RESULT geo=square   seed=0 | MAE=15.530°C | L2=0.1387 | FEM_solves=7/60 | FEM_saving=88%
2026-05-25 16:51:21 [stage_adaptive_k][all][adaptive_k][k=-][s=-] INFO AdaptiveK | geo=circle seed=0 arch=[151, 151, 151, 151, 151] thr_up=2.0 thr_dn=5.0
2026-05-25 16:57:28 [stage_adaptive_k][all][adaptive_k][k=-][s=-] INFO RESULT geo=circle   seed=0 | MAE=14.244°C | L2=0.1289 | FEM_solves=7/60 | FEM_saving=88%
2026-05-25 16:57:28 [stage_adaptive_k][all][adaptive_k][k=-][s=-] INFO AdaptiveK | geo=lshape seed=0 arch=[151, 151, 151, 151, 151] thr_up=2.0 thr_dn=5.0
2026-05-25 17:03:54 [stage_adaptive_k][all][adaptive_k][k=-][s=-] INFO RESULT geo=lshape   seed=0 | MAE=7.639°C | L2=0.0659 | FEM_solves=7/60 | FEM_saving=88%
2026-05-25 17:03:54 [stage_adaptive_k][all][adaptive_k][k=-][s=-] INFO AdaptiveK | geo=flower seed=0 arch=[151, 151, 151, 151, 151] thr_up=2.0 thr_dn=5.0
2026-05-25 17:13:02 [stage_adaptive_k][all][adaptive_k][k=-][s=-] INFO RESULT geo=flower   seed=0 | MAE=18.774°C | L2=0.2293 | FEM_solves=7/60 | FEM_saving=88%
2026-05-25 19:17:50 [stage_adaptive_k][all][adaptive_k][k=-][s=-] INFO AdaptiveK | geo=square seed=0 arch=[151, 151, 151, 151, 151] thr_up=2.0 thr_dn=5.0
2026-05-25 19:22:01 [stage_adaptive_k][all][adaptive_k][k=-][s=-] INFO AdaptiveK | geo=square seed=0 arch=[151, 151, 151, 151, 151] thr_up=2.0 thr_dn=5.0
2026-05-25 19:22:22 [stage_adaptive_k][all][adaptive_k][k=-][s=-] INFO RESULT geo=square   seed=0 | MAE=24.211°C | L2=0.2719 | FEM_solves=5/60 | FEM_saving=92%
2026-05-25 19:22:23 [stage_adaptive_k][all][adaptive_k][k=-][s=-] INFO AdaptiveK | geo=circle seed=0 arch=[151, 151, 151, 151, 151] thr_up=2.0 thr_dn=5.0
2026-05-25 19:26:08 [stage_adaptive_k][all][adaptive_k][k=-][s=-] INFO RESULT geo=square   seed=0 | MAE=35.216°C | L2=0.5042 | FEM_solves=4/60 | FEM_saving=93%
2026-05-25 19:26:09 [stage_adaptive_k][all][adaptive_k][k=-][s=-] INFO AdaptiveK | geo=circle seed=0 arch=[151, 151, 151, 151, 151] thr_up=2.0 thr_dn=5.0
2026-05-25 19:27:33 [stage_adaptive_k][all][adaptive_k][k=-][s=-] INFO RESULT geo=circle   seed=0 | MAE=24.458°C | L2=0.2810 | FEM_solves=5/60 | FEM_saving=92%
2026-05-25 19:27:33 [stage_adaptive_k][all][adaptive_k][k=-][s=-] INFO AdaptiveK | geo=lshape seed=0 arch=[151, 151, 151, 151, 151] thr_up=2.0 thr_dn=5.0
2026-05-25 19:30:24 [stage_adaptive_k][all][adaptive_k][k=-][s=-] INFO RESULT geo=circle   seed=0 | MAE=34.532°C | L2=0.5005 | FEM_solves=4/60 | FEM_saving=93%
2026-05-25 19:30:24 [stage_adaptive_k][all][adaptive_k][k=-][s=-] INFO AdaptiveK | geo=lshape seed=0 arch=[151, 151, 151, 151, 151] thr_up=2.0 thr_dn=5.0
2026-05-25 19:32:39 [stage_adaptive_k][all][adaptive_k][k=-][s=-] INFO RESULT geo=lshape   seed=0 | MAE=13.591°C | L2=0.1198 | FEM_solves=5/60 | FEM_saving=92%
2026-05-25 19:32:39 [stage_adaptive_k][all][adaptive_k][k=-][s=-] INFO AdaptiveK | geo=flower seed=0 arch=[151, 151, 151, 151, 151] thr_up=2.0 thr_dn=5.0
2026-05-25 19:34:28 [stage_adaptive_k][all][adaptive_k][k=-][s=-] INFO RESULT geo=lshape   seed=0 | MAE=20.888°C | L2=0.1974 | FEM_solves=4/60 | FEM_saving=93%
2026-05-25 19:34:28 [stage_adaptive_k][all][adaptive_k][k=-][s=-] INFO AdaptiveK | geo=flower seed=0 arch=[151, 151, 151, 151, 151] thr_up=2.0 thr_dn=5.0
2026-05-25 19:39:43 [stage_adaptive_k][all][adaptive_k][k=-][s=-] INFO RESULT geo=flower   seed=0 | MAE=27.434°C | L2=0.4514 | FEM_solves=5/60 | FEM_saving=92%
2026-05-25 19:40:16 [stage_adaptive_k][all][adaptive_k][k=-][s=-] INFO RESULT geo=flower   seed=0 | MAE=37.223°C | L2=0.7636 | FEM_solves=4/60 | FEM_saving=93%
2026-05-25 20:23:12 [stage_adaptive_k][all][adaptive_k][k=-][s=-] INFO AdaptiveK | geo=square seed=0 arch=[50, 110, 70, 50] thr_up=2.0 thr_dn=5.0
2026-05-25 20:30:28 [stage_adaptive_k][all][adaptive_k][k=-][s=-] INFO RESULT geo=square   seed=0 | MAE=1.474°C | L2=0.0143 | FEM_solves=9/60 | FEM_saving=85%
2026-05-25 20:30:29 [stage_adaptive_k][all][adaptive_k][k=-][s=-] INFO AdaptiveK | geo=circle seed=0 arch=[50, 110, 70, 50] thr_up=2.0 thr_dn=5.0
2026-05-25 20:38:25 [stage_adaptive_k][all][adaptive_k][k=-][s=-] INFO RESULT geo=circle   seed=0 | MAE=1.411°C | L2=0.0129 | FEM_solves=9/60 | FEM_saving=85%
2026-05-25 20:38:25 [stage_adaptive_k][all][adaptive_k][k=-][s=-] INFO AdaptiveK | geo=lshape seed=0 arch=[50, 110, 70, 50] thr_up=2.0 thr_dn=5.0
2026-05-25 20:47:16 [stage_adaptive_k][all][adaptive_k][k=-][s=-] INFO RESULT geo=lshape   seed=0 | MAE=2.403°C | L2=0.0220 | FEM_solves=10/60 | FEM_saving=83%
2026-05-25 20:47:16 [stage_adaptive_k][all][adaptive_k][k=-][s=-] INFO AdaptiveK | geo=flower seed=0 arch=[50, 110, 70, 50] thr_up=2.0 thr_dn=5.0
2026-05-25 20:58:23 [stage_adaptive_k][all][adaptive_k][k=-][s=-] INFO RESULT geo=flower   seed=0 | MAE=1.772°C | L2=0.0156 | FEM_solves=9/60 | FEM_saving=85%
2026-05-25 21:04:49 [stage_adaptive_k][all][adaptive_k][k=-][s=-] INFO AdaptiveK | geo=square seed=0 arch=[50, 10, 10, 70, 50] thr_up=2.0 thr_dn=5.0
2026-05-25 21:12:41 [stage_adaptive_k][all][adaptive_k][k=-][s=-] INFO RESULT geo=square   seed=0 | MAE=1.555°C | L2=0.0147 | FEM_solves=9/60 | FEM_saving=85%
2026-05-25 21:12:42 [stage_adaptive_k][all][adaptive_k][k=-][s=-] INFO AdaptiveK | geo=circle seed=0 arch=[50, 10, 10, 70, 50] thr_up=2.0 thr_dn=5.0
2026-05-25 21:20:23 [stage_adaptive_k][all][adaptive_k][k=-][s=-] INFO RESULT geo=circle   seed=0 | MAE=1.563°C | L2=0.0140 | FEM_solves=9/60 | FEM_saving=85%
2026-05-25 21:20:23 [stage_adaptive_k][all][adaptive_k][k=-][s=-] INFO AdaptiveK | geo=lshape seed=0 arch=[50, 10, 10, 70, 50] thr_up=2.0 thr_dn=5.0
2026-05-25 21:28:54 [stage_adaptive_k][all][adaptive_k][k=-][s=-] INFO RESULT geo=lshape   seed=0 | MAE=2.344°C | L2=0.0209 | FEM_solves=10/60 | FEM_saving=83%
2026-05-25 21:28:54 [stage_adaptive_k][all][adaptive_k][k=-][s=-] INFO AdaptiveK | geo=flower seed=0 arch=[50, 10, 10, 70, 50] thr_up=2.0 thr_dn=5.0
2026-05-25 21:40:28 [stage_adaptive_k][all][adaptive_k][k=-][s=-] INFO RESULT geo=flower   seed=0 | MAE=1.993°C | L2=0.0169 | FEM_solves=9/60 | FEM_saving=85%
2026-05-25 21:42:24 [stage_adaptive_k][all][adaptive_k][k=-][s=-] INFO AdaptiveK | geo=square seed=0 arch=[153, 153, 153] thr_up=2.0 thr_dn=5.0
2026-05-25 21:49:25 [stage_adaptive_k][all][adaptive_k][k=-][s=-] INFO RESULT geo=square   seed=0 | MAE=1.752°C | L2=0.0150 | FEM_solves=9/60 | FEM_saving=85%
2026-05-25 21:49:26 [stage_adaptive_k][all][adaptive_k][k=-][s=-] INFO AdaptiveK | geo=circle seed=0 arch=[153, 153, 153] thr_up=2.0 thr_dn=5.0
2026-05-25 21:56:32 [stage_adaptive_k][all][adaptive_k][k=-][s=-] INFO RESULT geo=circle   seed=0 | MAE=1.629°C | L2=0.0135 | FEM_solves=9/60 | FEM_saving=85%
2026-05-25 21:56:32 [stage_adaptive_k][all][adaptive_k][k=-][s=-] INFO AdaptiveK | geo=lshape seed=0 arch=[153, 153, 153] thr_up=2.0 thr_dn=5.0
2026-05-25 22:04:26 [stage_adaptive_k][all][adaptive_k][k=-][s=-] INFO RESULT geo=lshape   seed=0 | MAE=2.456°C | L2=0.0243 | FEM_solves=10/60 | FEM_saving=83%
2026-05-25 22:04:26 [stage_adaptive_k][all][adaptive_k][k=-][s=-] INFO AdaptiveK | geo=flower seed=0 arch=[153, 153, 153] thr_up=2.0 thr_dn=5.0
2026-05-25 22:15:13 [stage_adaptive_k][all][adaptive_k][k=-][s=-] INFO RESULT geo=flower   seed=0 | MAE=2.087°C | L2=0.0159 | FEM_solves=9/60 | FEM_saving=85%
2026-05-25 22:15:52 [stage_adaptive_k][all][adaptive_k][k=-][s=-] INFO AdaptiveK | geo=square seed=0 arch=[75, 75, 75] thr_up=2.0 thr_dn=5.0
2026-05-25 22:23:04 [stage_adaptive_k][all][adaptive_k][k=-][s=-] INFO RESULT geo=square   seed=0 | MAE=1.701°C | L2=0.0147 | FEM_solves=9/60 | FEM_saving=85%
2026-05-25 22:23:05 [stage_adaptive_k][all][adaptive_k][k=-][s=-] INFO AdaptiveK | geo=circle seed=0 arch=[75, 75, 75] thr_up=2.0 thr_dn=5.0
2026-05-25 22:30:23 [stage_adaptive_k][all][adaptive_k][k=-][s=-] INFO RESULT geo=circle   seed=0 | MAE=1.580°C | L2=0.0131 | FEM_solves=9/60 | FEM_saving=85%
2026-05-25 22:30:23 [stage_adaptive_k][all][adaptive_k][k=-][s=-] INFO AdaptiveK | geo=lshape seed=0 arch=[75, 75, 75] thr_up=2.0 thr_dn=5.0
2026-05-25 22:38:25 [stage_adaptive_k][all][adaptive_k][k=-][s=-] INFO RESULT geo=lshape   seed=0 | MAE=2.346°C | L2=0.0212 | FEM_solves=10/60 | FEM_saving=83%
2026-05-25 22:38:25 [stage_adaptive_k][all][adaptive_k][k=-][s=-] INFO AdaptiveK | geo=flower seed=0 arch=[75, 75, 75] thr_up=2.0 thr_dn=5.0
2026-05-25 22:49:13 [stage_adaptive_k][all][adaptive_k][k=-][s=-] INFO RESULT geo=flower   seed=0 | MAE=2.030°C | L2=0.0178 | FEM_solves=9/60 | FEM_saving=85%
2026-05-27 21:59:21 [stage_adaptive_k][all][adaptive_k][k=-][s=-] INFO AdaptiveK | geo=square seed=1 arch=[151, 151, 151, 151, 151] thr_up=2.0 thr_dn=5.0
2026-05-27 22:07:46 [stage_adaptive_k][all][adaptive_k][k=-][s=-] INFO RESULT geo=square   seed=1 | MAE=1.609°C | L2=0.0174 | FEM_solves=9/60 | FEM_saving=85%
2026-05-27 22:07:46 [stage_adaptive_k][all][adaptive_k][k=-][s=-] INFO AdaptiveK | geo=square seed=2 arch=[151, 151, 151, 151, 151] thr_up=2.0 thr_dn=5.0
2026-05-27 22:15:55 [stage_adaptive_k][all][adaptive_k][k=-][s=-] INFO RESULT geo=square   seed=2 | MAE=1.696°C | L2=0.0177 | FEM_solves=9/60 | FEM_saving=85%
2026-05-27 22:15:55 [stage_adaptive_k][all][adaptive_k][k=-][s=-] INFO AdaptiveK | geo=square seed=3 arch=[151, 151, 151, 151, 151] thr_up=2.0 thr_dn=5.0
2026-05-27 22:24:08 [stage_adaptive_k][all][adaptive_k][k=-][s=-] INFO RESULT geo=square   seed=3 | MAE=1.856°C | L2=0.0180 | FEM_solves=9/60 | FEM_saving=85%
2026-05-27 22:24:08 [stage_adaptive_k][all][adaptive_k][k=-][s=-] INFO AdaptiveK | geo=square seed=4 arch=[151, 151, 151, 151, 151] thr_up=2.0 thr_dn=5.0
2026-05-27 22:32:31 [stage_adaptive_k][all][adaptive_k][k=-][s=-] INFO RESULT geo=square   seed=4 | MAE=1.656°C | L2=0.0183 | FEM_solves=9/60 | FEM_saving=85%
2026-05-27 22:32:31 [stage_adaptive_k][all][adaptive_k][k=-][s=-] INFO AdaptiveK | geo=square seed=5 arch=[151, 151, 151, 151, 151] thr_up=2.0 thr_dn=5.0
2026-05-27 22:41:26 [stage_adaptive_k][all][adaptive_k][k=-][s=-] INFO RESULT geo=square   seed=5 | MAE=1.655°C | L2=0.0170 | FEM_solves=9/60 | FEM_saving=85%
2026-05-27 22:41:26 [stage_adaptive_k][all][adaptive_k][k=-][s=-] INFO AdaptiveK | geo=square seed=6 arch=[151, 151, 151, 151, 151] thr_up=2.0 thr_dn=5.0
2026-05-27 22:50:01 [stage_adaptive_k][all][adaptive_k][k=-][s=-] INFO RESULT geo=square   seed=6 | MAE=1.743°C | L2=0.0172 | FEM_solves=9/60 | FEM_saving=85%
2026-05-27 22:50:01 [stage_adaptive_k][all][adaptive_k][k=-][s=-] INFO AdaptiveK | geo=square seed=7 arch=[151, 151, 151, 151, 151] thr_up=2.0 thr_dn=5.0
2026-05-27 22:58:21 [stage_adaptive_k][all][adaptive_k][k=-][s=-] INFO RESULT geo=square   seed=7 | MAE=1.538°C | L2=0.0177 | FEM_solves=9/60 | FEM_saving=85%
2026-05-27 22:58:21 [stage_adaptive_k][all][adaptive_k][k=-][s=-] INFO AdaptiveK | geo=square seed=8 arch=[151, 151, 151, 151, 151] thr_up=2.0 thr_dn=5.0
2026-05-27 23:06:45 [stage_adaptive_k][all][adaptive_k][k=-][s=-] INFO RESULT geo=square   seed=8 | MAE=1.592°C | L2=0.0166 | FEM_solves=9/60 | FEM_saving=85%
2026-05-27 23:06:45 [stage_adaptive_k][all][adaptive_k][k=-][s=-] INFO AdaptiveK | geo=square seed=9 arch=[151, 151, 151, 151, 151] thr_up=2.0 thr_dn=5.0
2026-05-27 23:15:10 [stage_adaptive_k][all][adaptive_k][k=-][s=-] INFO RESULT geo=square   seed=9 | MAE=1.544°C | L2=0.0172 | FEM_solves=9/60 | FEM_saving=85%
2026-05-27 23:15:11 [stage_adaptive_k][all][adaptive_k][k=-][s=-] INFO AdaptiveK | geo=circle seed=1 arch=[151, 151, 151, 151, 151] thr_up=2.0 thr_dn=5.0
2026-05-27 23:24:29 [stage_adaptive_k][all][adaptive_k][k=-][s=-] INFO RESULT geo=circle   seed=1 | MAE=1.409°C | L2=0.0163 | FEM_solves=9/60 | FEM_saving=85%
2026-05-27 23:24:29 [stage_adaptive_k][all][adaptive_k][k=-][s=-] INFO AdaptiveK | geo=circle seed=2 arch=[151, 151, 151, 151, 151] thr_up=2.0 thr_dn=5.0
2026-05-27 23:33:51 [stage_adaptive_k][all][adaptive_k][k=-][s=-] INFO RESULT geo=circle   seed=2 | MAE=1.625°C | L2=0.0179 | FEM_solves=9/60 | FEM_saving=85%
2026-05-27 23:33:51 [stage_adaptive_k][all][adaptive_k][k=-][s=-] INFO AdaptiveK | geo=circle seed=3 arch=[151, 151, 151, 151, 151] thr_up=2.0 thr_dn=5.0
2026-05-27 23:43:08 [stage_adaptive_k][all][adaptive_k][k=-][s=-] INFO RESULT geo=circle   seed=3 | MAE=1.608°C | L2=0.0172 | FEM_solves=9/60 | FEM_saving=85%
2026-05-27 23:43:08 [stage_adaptive_k][all][adaptive_k][k=-][s=-] INFO AdaptiveK | geo=circle seed=4 arch=[151, 151, 151, 151, 151] thr_up=2.0 thr_dn=5.0
2026-05-27 23:52:44 [stage_adaptive_k][all][adaptive_k][k=-][s=-] INFO RESULT geo=circle   seed=4 | MAE=1.636°C | L2=0.0177 | FEM_solves=9/60 | FEM_saving=85%
2026-05-27 23:52:44 [stage_adaptive_k][all][adaptive_k][k=-][s=-] INFO AdaptiveK | geo=circle seed=5 arch=[151, 151, 151, 151, 151] thr_up=2.0 thr_dn=5.0
2026-05-28 00:01:50 [stage_adaptive_k][all][adaptive_k][k=-][s=-] INFO RESULT geo=circle   seed=5 | MAE=1.386°C | L2=0.0166 | FEM_solves=9/60 | FEM_saving=85%
2026-05-28 00:01:50 [stage_adaptive_k][all][adaptive_k][k=-][s=-] INFO AdaptiveK | geo=circle seed=6 arch=[151, 151, 151, 151, 151] thr_up=2.0 thr_dn=5.0
2026-05-28 00:10:55 [stage_adaptive_k][all][adaptive_k][k=-][s=-] INFO RESULT geo=circle   seed=6 | MAE=1.559°C | L2=0.0177 | FEM_solves=9/60 | FEM_saving=85%
2026-05-28 00:10:55 [stage_adaptive_k][all][adaptive_k][k=-][s=-] INFO AdaptiveK | geo=circle seed=7 arch=[151, 151, 151, 151, 151] thr_up=2.0 thr_dn=5.0
2026-05-28 00:20:04 [stage_adaptive_k][all][adaptive_k][k=-][s=-] INFO RESULT geo=circle   seed=7 | MAE=1.662°C | L2=0.0180 | FEM_solves=9/60 | FEM_saving=85%
2026-05-28 00:20:04 [stage_adaptive_k][all][adaptive_k][k=-][s=-] INFO AdaptiveK | geo=circle seed=8 arch=[151, 151, 151, 151, 151] thr_up=2.0 thr_dn=5.0
2026-05-28 00:29:17 [stage_adaptive_k][all][adaptive_k][k=-][s=-] INFO RESULT geo=circle   seed=8 | MAE=1.431°C | L2=0.0164 | FEM_solves=9/60 | FEM_saving=85%
2026-05-28 00:29:17 [stage_adaptive_k][all][adaptive_k][k=-][s=-] INFO AdaptiveK | geo=circle seed=9 arch=[151, 151, 151, 151, 151] thr_up=2.0 thr_dn=5.0
2026-05-28 00:38:29 [stage_adaptive_k][all][adaptive_k][k=-][s=-] INFO RESULT geo=circle   seed=9 | MAE=1.518°C | L2=0.0163 | FEM_solves=9/60 | FEM_saving=85%
2026-05-28 00:38:29 [stage_adaptive_k][all][adaptive_k][k=-][s=-] INFO AdaptiveK | geo=lshape seed=1 arch=[151, 151, 151, 151, 151] thr_up=2.0 thr_dn=5.0
2026-05-28 00:47:03 [stage_adaptive_k][all][adaptive_k][k=-][s=-] INFO RESULT geo=lshape   seed=1 | MAE=1.366°C | L2=0.0167 | FEM_solves=9/60 | FEM_saving=85%
2026-05-28 00:47:03 [stage_adaptive_k][all][adaptive_k][k=-][s=-] INFO AdaptiveK | geo=lshape seed=2 arch=[151, 151, 151, 151, 151] thr_up=2.0 thr_dn=5.0
2026-05-28 00:55:30 [stage_adaptive_k][all][adaptive_k][k=-][s=-] INFO RESULT geo=lshape   seed=2 | MAE=1.368°C | L2=0.0178 | FEM_solves=9/60 | FEM_saving=85%
2026-05-28 00:55:30 [stage_adaptive_k][all][adaptive_k][k=-][s=-] INFO AdaptiveK | geo=lshape seed=3 arch=[151, 151, 151, 151, 151] thr_up=2.0 thr_dn=5.0
2026-05-28 01:03:56 [stage_adaptive_k][all][adaptive_k][k=-][s=-] INFO RESULT geo=lshape   seed=3 | MAE=1.358°C | L2=0.0183 | FEM_solves=9/60 | FEM_saving=85%
2026-05-28 01:03:56 [stage_adaptive_k][all][adaptive_k][k=-][s=-] INFO AdaptiveK | geo=lshape seed=4 arch=[151, 151, 151, 151, 151] thr_up=2.0 thr_dn=5.0
2026-05-28 01:12:18 [stage_adaptive_k][all][adaptive_k][k=-][s=-] INFO RESULT geo=lshape   seed=4 | MAE=1.314°C | L2=0.0169 | FEM_solves=9/60 | FEM_saving=85%
2026-05-28 01:12:18 [stage_adaptive_k][all][adaptive_k][k=-][s=-] INFO AdaptiveK | geo=lshape seed=5 arch=[151, 151, 151, 151, 151] thr_up=2.0 thr_dn=5.0
2026-05-28 01:20:40 [stage_adaptive_k][all][adaptive_k][k=-][s=-] INFO RESULT geo=lshape   seed=5 | MAE=1.360°C | L2=0.0172 | FEM_solves=9/60 | FEM_saving=85%
2026-05-28 01:20:40 [stage_adaptive_k][all][adaptive_k][k=-][s=-] INFO AdaptiveK | geo=lshape seed=6 arch=[151, 151, 151, 151, 151] thr_up=2.0 thr_dn=5.0
2026-05-28 01:29:05 [stage_adaptive_k][all][adaptive_k][k=-][s=-] INFO RESULT geo=lshape   seed=6 | MAE=1.365°C | L2=0.0180 | FEM_solves=9/60 | FEM_saving=85%
2026-05-28 01:29:05 [stage_adaptive_k][all][adaptive_k][k=-][s=-] INFO AdaptiveK | geo=lshape seed=7 arch=[151, 151, 151, 151, 151] thr_up=2.0 thr_dn=5.0
2026-05-28 01:37:26 [stage_adaptive_k][all][adaptive_k][k=-][s=-] INFO RESULT geo=lshape   seed=7 | MAE=1.421°C | L2=0.0174 | FEM_solves=9/60 | FEM_saving=85%
2026-05-28 01:37:26 [stage_adaptive_k][all][adaptive_k][k=-][s=-] INFO AdaptiveK | geo=lshape seed=8 arch=[151, 151, 151, 151, 151] thr_up=2.0 thr_dn=5.0
2026-05-28 01:45:46 [stage_adaptive_k][all][adaptive_k][k=-][s=-] INFO RESULT geo=lshape   seed=8 | MAE=1.367°C | L2=0.0179 | FEM_solves=9/60 | FEM_saving=85%
2026-05-28 01:45:46 [stage_adaptive_k][all][adaptive_k][k=-][s=-] INFO AdaptiveK | geo=lshape seed=9 arch=[151, 151, 151, 151, 151] thr_up=2.0 thr_dn=5.0
2026-05-28 01:55:08 [stage_adaptive_k][all][adaptive_k][k=-][s=-] INFO RESULT geo=lshape   seed=9 | MAE=1.286°C | L2=0.0165 | FEM_solves=10/60 | FEM_saving=83%
2026-05-28 01:55:08 [stage_adaptive_k][all][adaptive_k][k=-][s=-] INFO AdaptiveK | geo=flower seed=1 arch=[151, 151, 151, 151, 151] thr_up=2.0 thr_dn=5.0
2026-05-28 02:07:14 [stage_adaptive_k][all][adaptive_k][k=-][s=-] INFO RESULT geo=flower   seed=1 | MAE=1.769°C | L2=0.0157 | FEM_solves=9/60 | FEM_saving=85%
2026-05-28 02:07:14 [stage_adaptive_k][all][adaptive_k][k=-][s=-] INFO AdaptiveK | geo=flower seed=2 arch=[151, 151, 151, 151, 151] thr_up=2.0 thr_dn=5.0
2026-05-28 02:19:14 [stage_adaptive_k][all][adaptive_k][k=-][s=-] INFO RESULT geo=flower   seed=2 | MAE=1.700°C | L2=0.0150 | FEM_solves=9/60 | FEM_saving=85%
2026-05-28 02:19:14 [stage_adaptive_k][all][adaptive_k][k=-][s=-] INFO AdaptiveK | geo=flower seed=3 arch=[151, 151, 151, 151, 151] thr_up=2.0 thr_dn=5.0
2026-05-28 02:31:17 [stage_adaptive_k][all][adaptive_k][k=-][s=-] INFO RESULT geo=flower   seed=3 | MAE=1.964°C | L2=0.0161 | FEM_solves=9/60 | FEM_saving=85%
2026-05-28 02:31:17 [stage_adaptive_k][all][adaptive_k][k=-][s=-] INFO AdaptiveK | geo=flower seed=4 arch=[151, 151, 151, 151, 151] thr_up=2.0 thr_dn=5.0
2026-05-28 02:43:27 [stage_adaptive_k][all][adaptive_k][k=-][s=-] INFO RESULT geo=flower   seed=4 | MAE=1.843°C | L2=0.0158 | FEM_solves=9/60 | FEM_saving=85%
2026-05-28 02:43:27 [stage_adaptive_k][all][adaptive_k][k=-][s=-] INFO AdaptiveK | geo=flower seed=5 arch=[151, 151, 151, 151, 151] thr_up=2.0 thr_dn=5.0
2026-05-28 02:55:37 [stage_adaptive_k][all][adaptive_k][k=-][s=-] INFO RESULT geo=flower   seed=5 | MAE=1.620°C | L2=0.0150 | FEM_solves=9/60 | FEM_saving=85%
2026-05-28 02:55:37 [stage_adaptive_k][all][adaptive_k][k=-][s=-] INFO AdaptiveK | geo=flower seed=6 arch=[151, 151, 151, 151, 151] thr_up=2.0 thr_dn=5.0
2026-05-28 03:07:39 [stage_adaptive_k][all][adaptive_k][k=-][s=-] INFO RESULT geo=flower   seed=6 | MAE=1.661°C | L2=0.0150 | FEM_solves=9/60 | FEM_saving=85%
2026-05-28 03:07:39 [stage_adaptive_k][all][adaptive_k][k=-][s=-] INFO AdaptiveK | geo=flower seed=7 arch=[151, 151, 151, 151, 151] thr_up=2.0 thr_dn=5.0
2026-05-28 03:19:38 [stage_adaptive_k][all][adaptive_k][k=-][s=-] INFO RESULT geo=flower   seed=7 | MAE=1.754°C | L2=0.0165 | FEM_solves=9/60 | FEM_saving=85%
2026-05-28 03:19:38 [stage_adaptive_k][all][adaptive_k][k=-][s=-] INFO AdaptiveK | geo=flower seed=8 arch=[151, 151, 151, 151, 151] thr_up=2.0 thr_dn=5.0
2026-05-28 03:31:40 [stage_adaptive_k][all][adaptive_k][k=-][s=-] INFO RESULT geo=flower   seed=8 | MAE=1.744°C | L2=0.0155 | FEM_solves=9/60 | FEM_saving=85%
2026-05-28 03:31:40 [stage_adaptive_k][all][adaptive_k][k=-][s=-] INFO AdaptiveK | geo=flower seed=9 arch=[151, 151, 151, 151, 151] thr_up=2.0 thr_dn=5.0
2026-05-28 03:43:41 [stage_adaptive_k][all][adaptive_k][k=-][s=-] INFO RESULT geo=flower   seed=9 | MAE=1.735°C | L2=0.0148 | FEM_solves=9/60 | FEM_saving=85%
2026-05-28 09:11:38 [stage_adaptive_k][all][adaptive_k][k=-][s=-] INFO AdaptiveK | geo=square seed=1 arch=[153, 153, 153] thr_up=2.0 thr_dn=5.0
2026-05-28 09:19:14 [stage_adaptive_k][all][adaptive_k][k=-][s=-] INFO RESULT geo=square   seed=1 | MAE=1.804°C | L2=0.0151 | FEM_solves=9/60 | FEM_saving=85%
2026-05-28 09:19:14 [stage_adaptive_k][all][adaptive_k][k=-][s=-] INFO AdaptiveK | geo=square seed=2 arch=[153, 153, 153] thr_up=2.0 thr_dn=5.0
2026-05-28 09:26:09 [stage_adaptive_k][all][adaptive_k][k=-][s=-] INFO RESULT geo=square   seed=2 | MAE=1.661°C | L2=0.0146 | FEM_solves=9/60 | FEM_saving=85%
2026-05-28 09:26:09 [stage_adaptive_k][all][adaptive_k][k=-][s=-] INFO AdaptiveK | geo=square seed=3 arch=[153, 153, 153] thr_up=2.0 thr_dn=5.0
2026-05-28 09:33:04 [stage_adaptive_k][all][adaptive_k][k=-][s=-] INFO RESULT geo=square   seed=3 | MAE=1.687°C | L2=0.0147 | FEM_solves=9/60 | FEM_saving=85%
2026-05-28 09:33:04 [stage_adaptive_k][all][adaptive_k][k=-][s=-] INFO AdaptiveK | geo=square seed=4 arch=[153, 153, 153] thr_up=2.0 thr_dn=5.0
2026-05-28 09:39:59 [stage_adaptive_k][all][adaptive_k][k=-][s=-] INFO RESULT geo=square   seed=4 | MAE=1.800°C | L2=0.0148 | FEM_solves=9/60 | FEM_saving=85%
2026-05-28 09:39:59 [stage_adaptive_k][all][adaptive_k][k=-][s=-] INFO AdaptiveK | geo=square seed=5 arch=[153, 153, 153] thr_up=2.0 thr_dn=5.0
2026-05-28 09:46:59 [stage_adaptive_k][all][adaptive_k][k=-][s=-] INFO RESULT geo=square   seed=5 | MAE=1.826°C | L2=0.0155 | FEM_solves=9/60 | FEM_saving=85%
2026-05-28 09:46:59 [stage_adaptive_k][all][adaptive_k][k=-][s=-] INFO AdaptiveK | geo=square seed=6 arch=[153, 153, 153] thr_up=2.0 thr_dn=5.0
2026-05-28 09:53:58 [stage_adaptive_k][all][adaptive_k][k=-][s=-] INFO RESULT geo=square   seed=6 | MAE=1.818°C | L2=0.0155 | FEM_solves=9/60 | FEM_saving=85%
2026-05-28 09:53:58 [stage_adaptive_k][all][adaptive_k][k=-][s=-] INFO AdaptiveK | geo=square seed=7 arch=[153, 153, 153] thr_up=2.0 thr_dn=5.0
2026-05-28 10:00:52 [stage_adaptive_k][all][adaptive_k][k=-][s=-] INFO RESULT geo=square   seed=7 | MAE=1.827°C | L2=0.0147 | FEM_solves=9/60 | FEM_saving=85%
2026-05-28 10:00:52 [stage_adaptive_k][all][adaptive_k][k=-][s=-] INFO AdaptiveK | geo=square seed=8 arch=[153, 153, 153] thr_up=2.0 thr_dn=5.0
2026-05-28 10:07:46 [stage_adaptive_k][all][adaptive_k][k=-][s=-] INFO RESULT geo=square   seed=8 | MAE=1.736°C | L2=0.0150 | FEM_solves=9/60 | FEM_saving=85%
2026-05-28 10:07:46 [stage_adaptive_k][all][adaptive_k][k=-][s=-] INFO AdaptiveK | geo=square seed=9 arch=[153, 153, 153] thr_up=2.0 thr_dn=5.0
2026-05-28 10:14:42 [stage_adaptive_k][all][adaptive_k][k=-][s=-] INFO RESULT geo=square   seed=9 | MAE=1.771°C | L2=0.0153 | FEM_solves=9/60 | FEM_saving=85%
2026-05-28 10:14:43 [stage_adaptive_k][all][adaptive_k][k=-][s=-] INFO AdaptiveK | geo=circle seed=1 arch=[153, 153, 153] thr_up=2.0 thr_dn=5.0
2026-05-28 10:22:36 [stage_adaptive_k][all][adaptive_k][k=-][s=-] INFO RESULT geo=circle   seed=1 | MAE=1.638°C | L2=0.0134 | FEM_solves=9/60 | FEM_saving=85%
2026-05-28 10:22:36 [stage_adaptive_k][all][adaptive_k][k=-][s=-] INFO AdaptiveK | geo=circle seed=2 arch=[153, 153, 153] thr_up=2.0 thr_dn=5.0
2026-05-28 10:30:44 [stage_adaptive_k][all][adaptive_k][k=-][s=-] INFO RESULT geo=circle   seed=2 | MAE=1.674°C | L2=0.0137 | FEM_solves=9/60 | FEM_saving=85%
2026-05-28 10:30:44 [stage_adaptive_k][all][adaptive_k][k=-][s=-] INFO AdaptiveK | geo=circle seed=3 arch=[153, 153, 153] thr_up=2.0 thr_dn=5.0
2026-05-28 10:38:50 [stage_adaptive_k][all][adaptive_k][k=-][s=-] INFO RESULT geo=circle   seed=3 | MAE=1.590°C | L2=0.0135 | FEM_solves=9/60 | FEM_saving=85%
2026-05-28 10:38:50 [stage_adaptive_k][all][adaptive_k][k=-][s=-] INFO AdaptiveK | geo=circle seed=4 arch=[153, 153, 153] thr_up=2.0 thr_dn=5.0
2026-05-28 10:47:03 [stage_adaptive_k][all][adaptive_k][k=-][s=-] INFO RESULT geo=circle   seed=4 | MAE=1.688°C | L2=0.0136 | FEM_solves=9/60 | FEM_saving=85%
2026-05-28 10:47:03 [stage_adaptive_k][all][adaptive_k][k=-][s=-] INFO AdaptiveK | geo=circle seed=5 arch=[153, 153, 153] thr_up=2.0 thr_dn=5.0
2026-05-28 10:54:51 [stage_adaptive_k][all][adaptive_k][k=-][s=-] INFO RESULT geo=circle   seed=5 | MAE=1.593°C | L2=0.0135 | FEM_solves=9/60 | FEM_saving=85%
2026-05-28 10:54:51 [stage_adaptive_k][all][adaptive_k][k=-][s=-] INFO AdaptiveK | geo=circle seed=6 arch=[153, 153, 153] thr_up=2.0 thr_dn=5.0
2026-05-28 11:02:37 [stage_adaptive_k][all][adaptive_k][k=-][s=-] INFO RESULT geo=circle   seed=6 | MAE=1.655°C | L2=0.0136 | FEM_solves=9/60 | FEM_saving=85%
2026-05-28 11:02:37 [stage_adaptive_k][all][adaptive_k][k=-][s=-] INFO AdaptiveK | geo=circle seed=7 arch=[153, 153, 153] thr_up=2.0 thr_dn=5.0
2026-05-28 11:10:28 [stage_adaptive_k][all][adaptive_k][k=-][s=-] INFO RESULT geo=circle   seed=7 | MAE=1.681°C | L2=0.0138 | FEM_solves=9/60 | FEM_saving=85%
2026-05-28 11:10:28 [stage_adaptive_k][all][adaptive_k][k=-][s=-] INFO AdaptiveK | geo=circle seed=8 arch=[153, 153, 153] thr_up=2.0 thr_dn=5.0
2026-05-28 11:18:18 [stage_adaptive_k][all][adaptive_k][k=-][s=-] INFO RESULT geo=circle   seed=8 | MAE=1.663°C | L2=0.0136 | FEM_solves=9/60 | FEM_saving=85%
2026-05-28 11:18:18 [stage_adaptive_k][all][adaptive_k][k=-][s=-] INFO AdaptiveK | geo=circle seed=9 arch=[153, 153, 153] thr_up=2.0 thr_dn=5.0
2026-05-28 11:26:09 [stage_adaptive_k][all][adaptive_k][k=-][s=-] INFO RESULT geo=circle   seed=9 | MAE=1.670°C | L2=0.0131 | FEM_solves=9/60 | FEM_saving=85%
2026-05-28 11:26:09 [stage_adaptive_k][all][adaptive_k][k=-][s=-] INFO AdaptiveK | geo=lshape seed=1 arch=[153, 153, 153] thr_up=2.0 thr_dn=5.0
2026-05-28 11:34:34 [stage_adaptive_k][all][adaptive_k][k=-][s=-] INFO RESULT geo=lshape   seed=1 | MAE=2.459°C | L2=0.0223 | FEM_solves=10/60 | FEM_saving=83%
2026-05-28 11:34:34 [stage_adaptive_k][all][adaptive_k][k=-][s=-] INFO AdaptiveK | geo=lshape seed=2 arch=[153, 153, 153] thr_up=2.0 thr_dn=5.0
2026-05-28 11:42:40 [stage_adaptive_k][all][adaptive_k][k=-][s=-] INFO RESULT geo=lshape   seed=2 | MAE=2.446°C | L2=0.0224 | FEM_solves=10/60 | FEM_saving=83%
2026-05-28 11:42:40 [stage_adaptive_k][all][adaptive_k][k=-][s=-] INFO AdaptiveK | geo=lshape seed=3 arch=[153, 153, 153] thr_up=2.0 thr_dn=5.0
2026-05-28 11:50:47 [stage_adaptive_k][all][adaptive_k][k=-][s=-] INFO RESULT geo=lshape   seed=3 | MAE=2.428°C | L2=0.0224 | FEM_solves=10/60 | FEM_saving=83%
2026-05-28 11:50:47 [stage_adaptive_k][all][adaptive_k][k=-][s=-] INFO AdaptiveK | geo=lshape seed=4 arch=[153, 153, 153] thr_up=2.0 thr_dn=5.0
2026-05-28 11:58:54 [stage_adaptive_k][all][adaptive_k][k=-][s=-] INFO RESULT geo=lshape   seed=4 | MAE=2.471°C | L2=0.0241 | FEM_solves=10/60 | FEM_saving=83%
2026-05-28 11:58:54 [stage_adaptive_k][all][adaptive_k][k=-][s=-] INFO AdaptiveK | geo=lshape seed=5 arch=[153, 153, 153] thr_up=2.0 thr_dn=5.0
2026-05-28 12:07:10 [stage_adaptive_k][all][adaptive_k][k=-][s=-] INFO RESULT geo=lshape   seed=5 | MAE=2.349°C | L2=0.0217 | FEM_solves=10/60 | FEM_saving=83%
2026-05-28 12:07:10 [stage_adaptive_k][all][adaptive_k][k=-][s=-] INFO AdaptiveK | geo=lshape seed=6 arch=[153, 153, 153] thr_up=2.0 thr_dn=5.0
2026-05-28 12:15:15 [stage_adaptive_k][all][adaptive_k][k=-][s=-] INFO RESULT geo=lshape   seed=6 | MAE=2.536°C | L2=0.0258 | FEM_solves=10/60 | FEM_saving=83%
2026-05-28 12:15:15 [stage_adaptive_k][all][adaptive_k][k=-][s=-] INFO AdaptiveK | geo=lshape seed=7 arch=[153, 153, 153] thr_up=2.0 thr_dn=5.0
2026-05-28 12:23:37 [stage_adaptive_k][all][adaptive_k][k=-][s=-] INFO RESULT geo=lshape   seed=7 | MAE=2.415°C | L2=0.0223 | FEM_solves=10/60 | FEM_saving=83%
2026-05-28 12:23:37 [stage_adaptive_k][all][adaptive_k][k=-][s=-] INFO AdaptiveK | geo=lshape seed=8 arch=[153, 153, 153] thr_up=2.0 thr_dn=5.0
2026-05-28 12:31:53 [stage_adaptive_k][all][adaptive_k][k=-][s=-] INFO RESULT geo=lshape   seed=8 | MAE=2.449°C | L2=0.0223 | FEM_solves=10/60 | FEM_saving=83%
2026-05-28 12:31:53 [stage_adaptive_k][all][adaptive_k][k=-][s=-] INFO AdaptiveK | geo=lshape seed=9 arch=[153, 153, 153] thr_up=2.0 thr_dn=5.0
2026-05-28 12:40:08 [stage_adaptive_k][all][adaptive_k][k=-][s=-] INFO RESULT geo=lshape   seed=9 | MAE=2.374°C | L2=0.0219 | FEM_solves=10/60 | FEM_saving=83%
2026-05-28 12:40:09 [stage_adaptive_k][all][adaptive_k][k=-][s=-] INFO AdaptiveK | geo=flower seed=1 arch=[153, 153, 153] thr_up=2.0 thr_dn=5.0
2026-05-28 12:51:17 [stage_adaptive_k][all][adaptive_k][k=-][s=-] INFO RESULT geo=flower   seed=1 | MAE=2.014°C | L2=0.0157 | FEM_solves=9/60 | FEM_saving=85%
2026-05-28 12:51:17 [stage_adaptive_k][all][adaptive_k][k=-][s=-] INFO AdaptiveK | geo=flower seed=2 arch=[153, 153, 153] thr_up=2.0 thr_dn=5.0
2026-05-28 13:02:31 [stage_adaptive_k][all][adaptive_k][k=-][s=-] INFO RESULT geo=flower   seed=2 | MAE=2.092°C | L2=0.0168 | FEM_solves=9/60 | FEM_saving=85%
2026-05-28 13:02:31 [stage_adaptive_k][all][adaptive_k][k=-][s=-] INFO AdaptiveK | geo=flower seed=3 arch=[153, 153, 153] thr_up=2.0 thr_dn=5.0
2026-05-28 13:14:01 [stage_adaptive_k][all][adaptive_k][k=-][s=-] INFO RESULT geo=flower   seed=3 | MAE=2.111°C | L2=0.0170 | FEM_solves=9/60 | FEM_saving=85%
2026-05-28 13:14:01 [stage_adaptive_k][all][adaptive_k][k=-][s=-] INFO AdaptiveK | geo=flower seed=4 arch=[153, 153, 153] thr_up=2.0 thr_dn=5.0
2026-05-28 13:25:06 [stage_adaptive_k][all][adaptive_k][k=-][s=-] INFO RESULT geo=flower   seed=4 | MAE=2.096°C | L2=0.0161 | FEM_solves=9/60 | FEM_saving=85%
2026-05-28 13:25:06 [stage_adaptive_k][all][adaptive_k][k=-][s=-] INFO AdaptiveK | geo=flower seed=5 arch=[153, 153, 153] thr_up=2.0 thr_dn=5.0
2026-05-28 13:36:17 [stage_adaptive_k][all][adaptive_k][k=-][s=-] INFO RESULT geo=flower   seed=5 | MAE=2.201°C | L2=0.0161 | FEM_solves=9/60 | FEM_saving=85%
2026-05-28 13:36:17 [stage_adaptive_k][all][adaptive_k][k=-][s=-] INFO AdaptiveK | geo=flower seed=6 arch=[153, 153, 153] thr_up=2.0 thr_dn=5.0
2026-05-28 13:47:28 [stage_adaptive_k][all][adaptive_k][k=-][s=-] INFO RESULT geo=flower   seed=6 | MAE=2.196°C | L2=0.0168 | FEM_solves=9/60 | FEM_saving=85%
2026-05-28 13:47:28 [stage_adaptive_k][all][adaptive_k][k=-][s=-] INFO AdaptiveK | geo=flower seed=7 arch=[153, 153, 153] thr_up=2.0 thr_dn=5.0
2026-05-28 13:58:44 [stage_adaptive_k][all][adaptive_k][k=-][s=-] INFO RESULT geo=flower   seed=7 | MAE=2.113°C | L2=0.0161 | FEM_solves=9/60 | FEM_saving=85%
2026-05-28 13:58:44 [stage_adaptive_k][all][adaptive_k][k=-][s=-] INFO AdaptiveK | geo=flower seed=8 arch=[153, 153, 153] thr_up=2.0 thr_dn=5.0
2026-05-28 14:09:47 [stage_adaptive_k][all][adaptive_k][k=-][s=-] INFO RESULT geo=flower   seed=8 | MAE=2.129°C | L2=0.0166 | FEM_solves=9/60 | FEM_saving=85%
2026-05-28 14:09:47 [stage_adaptive_k][all][adaptive_k][k=-][s=-] INFO AdaptiveK | geo=flower seed=9 arch=[153, 153, 153] thr_up=2.0 thr_dn=5.0
2026-05-28 14:20:57 [stage_adaptive_k][all][adaptive_k][k=-][s=-] INFO RESULT geo=flower   seed=9 | MAE=2.090°C | L2=0.0164 | FEM_solves=9/60 | FEM_saving=85%
2026-05-28 14:53:57 [stage_adaptive_k][all][adaptive_k][k=-][s=-] INFO AdaptiveK | geo=square seed=1 arch=[75, 75, 75] thr_up=2.0 thr_dn=5.0
2026-05-28 15:00:59 [stage_adaptive_k][all][adaptive_k][k=-][s=-] INFO RESULT geo=square   seed=1 | MAE=1.764°C | L2=0.0146 | FEM_solves=9/60 | FEM_saving=85%
2026-05-28 15:00:59 [stage_adaptive_k][all][adaptive_k][k=-][s=-] INFO AdaptiveK | geo=square seed=2 arch=[75, 75, 75] thr_up=2.0 thr_dn=5.0
2026-05-28 15:07:59 [stage_adaptive_k][all][adaptive_k][k=-][s=-] INFO RESULT geo=square   seed=2 | MAE=1.722°C | L2=0.0146 | FEM_solves=9/60 | FEM_saving=85%
2026-05-28 15:07:59 [stage_adaptive_k][all][adaptive_k][k=-][s=-] INFO AdaptiveK | geo=square seed=3 arch=[75, 75, 75] thr_up=2.0 thr_dn=5.0
2026-05-28 15:15:03 [stage_adaptive_k][all][adaptive_k][k=-][s=-] INFO RESULT geo=square   seed=3 | MAE=1.641°C | L2=0.0142 | FEM_solves=9/60 | FEM_saving=85%
2026-05-28 15:15:03 [stage_adaptive_k][all][adaptive_k][k=-][s=-] INFO AdaptiveK | geo=square seed=4 arch=[75, 75, 75] thr_up=2.0 thr_dn=5.0
2026-05-28 15:22:07 [stage_adaptive_k][all][adaptive_k][k=-][s=-] INFO RESULT geo=square   seed=4 | MAE=1.681°C | L2=0.0146 | FEM_solves=9/60 | FEM_saving=85%
2026-05-28 15:22:07 [stage_adaptive_k][all][adaptive_k][k=-][s=-] INFO AdaptiveK | geo=square seed=5 arch=[75, 75, 75] thr_up=2.0 thr_dn=5.0
2026-05-28 15:29:16 [stage_adaptive_k][all][adaptive_k][k=-][s=-] INFO RESULT geo=square   seed=5 | MAE=1.756°C | L2=0.0147 | FEM_solves=9/60 | FEM_saving=85%
2026-05-28 15:29:16 [stage_adaptive_k][all][adaptive_k][k=-][s=-] INFO AdaptiveK | geo=square seed=6 arch=[75, 75, 75] thr_up=2.0 thr_dn=5.0
2026-05-28 15:36:21 [stage_adaptive_k][all][adaptive_k][k=-][s=-] INFO RESULT geo=square   seed=6 | MAE=1.703°C | L2=0.0145 | FEM_solves=9/60 | FEM_saving=85%
2026-05-28 15:36:21 [stage_adaptive_k][all][adaptive_k][k=-][s=-] INFO AdaptiveK | geo=square seed=7 arch=[75, 75, 75] thr_up=2.0 thr_dn=5.0
2026-05-28 15:43:25 [stage_adaptive_k][all][adaptive_k][k=-][s=-] INFO RESULT geo=square   seed=7 | MAE=1.697°C | L2=0.0142 | FEM_solves=9/60 | FEM_saving=85%
2026-05-28 15:43:25 [stage_adaptive_k][all][adaptive_k][k=-][s=-] INFO AdaptiveK | geo=square seed=8 arch=[75, 75, 75] thr_up=2.0 thr_dn=5.0
2026-05-28 15:50:32 [stage_adaptive_k][all][adaptive_k][k=-][s=-] INFO RESULT geo=square   seed=8 | MAE=1.699°C | L2=0.0142 | FEM_solves=9/60 | FEM_saving=85%
2026-05-28 15:50:32 [stage_adaptive_k][all][adaptive_k][k=-][s=-] INFO AdaptiveK | geo=square seed=9 arch=[75, 75, 75] thr_up=2.0 thr_dn=5.0
2026-05-28 15:57:36 [stage_adaptive_k][all][adaptive_k][k=-][s=-] INFO RESULT geo=square   seed=9 | MAE=1.804°C | L2=0.0148 | FEM_solves=9/60 | FEM_saving=85%
2026-05-28 15:57:37 [stage_adaptive_k][all][adaptive_k][k=-][s=-] INFO AdaptiveK | geo=circle seed=1 arch=[75, 75, 75] thr_up=2.0 thr_dn=5.0
2026-05-28 16:05:42 [stage_adaptive_k][all][adaptive_k][k=-][s=-] INFO RESULT geo=circle   seed=1 | MAE=1.604°C | L2=0.0129 | FEM_solves=9/60 | FEM_saving=85%
2026-05-28 16:05:42 [stage_adaptive_k][all][adaptive_k][k=-][s=-] INFO AdaptiveK | geo=circle seed=2 arch=[75, 75, 75] thr_up=2.0 thr_dn=5.0
2026-05-28 16:13:43 [stage_adaptive_k][all][adaptive_k][k=-][s=-] INFO RESULT geo=circle   seed=2 | MAE=1.610°C | L2=0.0137 | FEM_solves=9/60 | FEM_saving=85%
2026-05-28 16:13:43 [stage_adaptive_k][all][adaptive_k][k=-][s=-] INFO AdaptiveK | geo=circle seed=3 arch=[75, 75, 75] thr_up=2.0 thr_dn=5.0
2026-05-28 16:21:34 [stage_adaptive_k][all][adaptive_k][k=-][s=-] INFO RESULT geo=circle   seed=3 | MAE=1.575°C | L2=0.0130 | FEM_solves=9/60 | FEM_saving=85%
2026-05-28 16:21:34 [stage_adaptive_k][all][adaptive_k][k=-][s=-] INFO AdaptiveK | geo=circle seed=4 arch=[75, 75, 75] thr_up=2.0 thr_dn=5.0
2026-05-28 16:29:35 [stage_adaptive_k][all][adaptive_k][k=-][s=-] INFO RESULT geo=circle   seed=4 | MAE=1.651°C | L2=0.0141 | FEM_solves=9/60 | FEM_saving=85%
2026-05-28 16:29:35 [stage_adaptive_k][all][adaptive_k][k=-][s=-] INFO AdaptiveK | geo=circle seed=5 arch=[75, 75, 75] thr_up=2.0 thr_dn=5.0
2026-05-28 16:37:23 [stage_adaptive_k][all][adaptive_k][k=-][s=-] INFO RESULT geo=circle   seed=5 | MAE=1.632°C | L2=0.0132 | FEM_solves=9/60 | FEM_saving=85%
2026-05-28 16:37:23 [stage_adaptive_k][all][adaptive_k][k=-][s=-] INFO AdaptiveK | geo=circle seed=6 arch=[75, 75, 75] thr_up=2.0 thr_dn=5.0
2026-05-28 16:45:09 [stage_adaptive_k][all][adaptive_k][k=-][s=-] INFO RESULT geo=circle   seed=6 | MAE=1.637°C | L2=0.0133 | FEM_solves=9/60 | FEM_saving=85%
2026-05-28 16:45:09 [stage_adaptive_k][all][adaptive_k][k=-][s=-] INFO AdaptiveK | geo=circle seed=7 arch=[75, 75, 75] thr_up=2.0 thr_dn=5.0
2026-05-28 16:52:50 [stage_adaptive_k][all][adaptive_k][k=-][s=-] INFO RESULT geo=circle   seed=7 | MAE=1.630°C | L2=0.0133 | FEM_solves=9/60 | FEM_saving=85%
2026-05-28 16:52:50 [stage_adaptive_k][all][adaptive_k][k=-][s=-] INFO AdaptiveK | geo=circle seed=8 arch=[75, 75, 75] thr_up=2.0 thr_dn=5.0
2026-05-28 17:00:31 [stage_adaptive_k][all][adaptive_k][k=-][s=-] INFO RESULT geo=circle   seed=8 | MAE=1.610°C | L2=0.0127 | FEM_solves=9/60 | FEM_saving=85%
2026-05-28 17:00:31 [stage_adaptive_k][all][adaptive_k][k=-][s=-] INFO AdaptiveK | geo=circle seed=9 arch=[75, 75, 75] thr_up=2.0 thr_dn=5.0
2026-05-28 17:08:11 [stage_adaptive_k][all][adaptive_k][k=-][s=-] INFO RESULT geo=circle   seed=9 | MAE=1.664°C | L2=0.0136 | FEM_solves=9/60 | FEM_saving=85%
2026-05-28 17:08:11 [stage_adaptive_k][all][adaptive_k][k=-][s=-] INFO AdaptiveK | geo=lshape seed=1 arch=[75, 75, 75] thr_up=2.0 thr_dn=5.0
2026-05-28 17:16:21 [stage_adaptive_k][all][adaptive_k][k=-][s=-] INFO RESULT geo=lshape   seed=1 | MAE=2.358°C | L2=0.0217 | FEM_solves=10/60 | FEM_saving=83%
2026-05-28 17:16:21 [stage_adaptive_k][all][adaptive_k][k=-][s=-] INFO AdaptiveK | geo=lshape seed=2 arch=[75, 75, 75] thr_up=2.0 thr_dn=5.0
2026-05-28 17:24:26 [stage_adaptive_k][all][adaptive_k][k=-][s=-] INFO RESULT geo=lshape   seed=2 | MAE=2.325°C | L2=0.0208 | FEM_solves=10/60 | FEM_saving=83%
2026-05-28 17:24:26 [stage_adaptive_k][all][adaptive_k][k=-][s=-] INFO AdaptiveK | geo=lshape seed=3 arch=[75, 75, 75] thr_up=2.0 thr_dn=5.0
2026-05-28 17:32:19 [stage_adaptive_k][all][adaptive_k][k=-][s=-] INFO RESULT geo=lshape   seed=3 | MAE=2.376°C | L2=0.0223 | FEM_solves=10/60 | FEM_saving=83%
2026-05-28 17:32:19 [stage_adaptive_k][all][adaptive_k][k=-][s=-] INFO AdaptiveK | geo=lshape seed=4 arch=[75, 75, 75] thr_up=2.0 thr_dn=5.0
2026-05-28 17:40:07 [stage_adaptive_k][all][adaptive_k][k=-][s=-] INFO RESULT geo=lshape   seed=4 | MAE=2.345°C | L2=0.0211 | FEM_solves=10/60 | FEM_saving=83%
2026-05-28 17:40:07 [stage_adaptive_k][all][adaptive_k][k=-][s=-] INFO AdaptiveK | geo=lshape seed=5 arch=[75, 75, 75] thr_up=2.0 thr_dn=5.0
2026-05-28 17:48:06 [stage_adaptive_k][all][adaptive_k][k=-][s=-] INFO RESULT geo=lshape   seed=5 | MAE=2.330°C | L2=0.0210 | FEM_solves=10/60 | FEM_saving=83%
2026-05-28 17:48:06 [stage_adaptive_k][all][adaptive_k][k=-][s=-] INFO AdaptiveK | geo=lshape seed=6 arch=[75, 75, 75] thr_up=2.0 thr_dn=5.0
2026-05-28 17:55:55 [stage_adaptive_k][all][adaptive_k][k=-][s=-] INFO RESULT geo=lshape   seed=6 | MAE=2.408°C | L2=0.0219 | FEM_solves=10/60 | FEM_saving=83%
2026-05-28 17:55:55 [stage_adaptive_k][all][adaptive_k][k=-][s=-] INFO AdaptiveK | geo=lshape seed=7 arch=[75, 75, 75] thr_up=2.0 thr_dn=5.0
2026-05-28 18:03:43 [stage_adaptive_k][all][adaptive_k][k=-][s=-] INFO RESULT geo=lshape   seed=7 | MAE=2.309°C | L2=0.0204 | FEM_solves=10/60 | FEM_saving=83%
2026-05-28 18:03:43 [stage_adaptive_k][all][adaptive_k][k=-][s=-] INFO AdaptiveK | geo=lshape seed=8 arch=[75, 75, 75] thr_up=2.0 thr_dn=5.0
2026-05-28 18:11:33 [stage_adaptive_k][all][adaptive_k][k=-][s=-] INFO RESULT geo=lshape   seed=8 | MAE=2.342°C | L2=0.0214 | FEM_solves=10/60 | FEM_saving=83%
2026-05-28 18:11:33 [stage_adaptive_k][all][adaptive_k][k=-][s=-] INFO AdaptiveK | geo=lshape seed=9 arch=[75, 75, 75] thr_up=2.0 thr_dn=5.0
2026-05-28 18:19:23 [stage_adaptive_k][all][adaptive_k][k=-][s=-] INFO RESULT geo=lshape   seed=9 | MAE=2.296°C | L2=0.0211 | FEM_solves=10/60 | FEM_saving=83%
2026-05-28 18:19:23 [stage_adaptive_k][all][adaptive_k][k=-][s=-] INFO AdaptiveK | geo=flower seed=1 arch=[75, 75, 75] thr_up=2.0 thr_dn=5.0
2026-05-28 18:30:22 [stage_adaptive_k][all][adaptive_k][k=-][s=-] INFO RESULT geo=flower   seed=1 | MAE=1.978°C | L2=0.0157 | FEM_solves=9/60 | FEM_saving=85%
2026-05-28 18:30:22 [stage_adaptive_k][all][adaptive_k][k=-][s=-] INFO AdaptiveK | geo=flower seed=2 arch=[75, 75, 75] thr_up=2.0 thr_dn=5.0
2026-05-28 18:41:08 [stage_adaptive_k][all][adaptive_k][k=-][s=-] INFO RESULT geo=flower   seed=2 | MAE=2.047°C | L2=0.0157 | FEM_solves=9/60 | FEM_saving=85%
2026-05-28 18:41:08 [stage_adaptive_k][all][adaptive_k][k=-][s=-] INFO AdaptiveK | geo=flower seed=3 arch=[75, 75, 75] thr_up=2.0 thr_dn=5.0
2026-05-28 18:51:56 [stage_adaptive_k][all][adaptive_k][k=-][s=-] INFO RESULT geo=flower   seed=3 | MAE=2.080°C | L2=0.0158 | FEM_solves=9/60 | FEM_saving=85%
2026-05-28 18:51:56 [stage_adaptive_k][all][adaptive_k][k=-][s=-] INFO AdaptiveK | geo=flower seed=4 arch=[75, 75, 75] thr_up=2.0 thr_dn=5.0
2026-05-28 19:02:46 [stage_adaptive_k][all][adaptive_k][k=-][s=-] INFO RESULT geo=flower   seed=4 | MAE=1.989°C | L2=0.0158 | FEM_solves=9/60 | FEM_saving=85%
2026-05-28 19:02:46 [stage_adaptive_k][all][adaptive_k][k=-][s=-] INFO AdaptiveK | geo=flower seed=5 arch=[75, 75, 75] thr_up=2.0 thr_dn=5.0
2026-05-28 19:13:46 [stage_adaptive_k][all][adaptive_k][k=-][s=-] INFO RESULT geo=flower   seed=5 | MAE=2.020°C | L2=0.0155 | FEM_solves=9/60 | FEM_saving=85%
2026-05-28 19:13:46 [stage_adaptive_k][all][adaptive_k][k=-][s=-] INFO AdaptiveK | geo=flower seed=6 arch=[75, 75, 75] thr_up=2.0 thr_dn=5.0
2026-05-28 19:24:40 [stage_adaptive_k][all][adaptive_k][k=-][s=-] INFO RESULT geo=flower   seed=6 | MAE=1.970°C | L2=0.0158 | FEM_solves=9/60 | FEM_saving=85%
2026-05-28 19:24:40 [stage_adaptive_k][all][adaptive_k][k=-][s=-] INFO AdaptiveK | geo=flower seed=7 arch=[75, 75, 75] thr_up=2.0 thr_dn=5.0
2026-05-28 19:35:41 [stage_adaptive_k][all][adaptive_k][k=-][s=-] INFO RESULT geo=flower   seed=7 | MAE=1.901°C | L2=0.0154 | FEM_solves=9/60 | FEM_saving=85%
2026-05-28 19:35:41 [stage_adaptive_k][all][adaptive_k][k=-][s=-] INFO AdaptiveK | geo=flower seed=8 arch=[75, 75, 75] thr_up=2.0 thr_dn=5.0
2026-05-28 19:46:35 [stage_adaptive_k][all][adaptive_k][k=-][s=-] INFO RESULT geo=flower   seed=8 | MAE=1.943°C | L2=0.0153 | FEM_solves=9/60 | FEM_saving=85%
2026-05-28 19:46:35 [stage_adaptive_k][all][adaptive_k][k=-][s=-] INFO AdaptiveK | geo=flower seed=9 arch=[75, 75, 75] thr_up=2.0 thr_dn=5.0
2026-05-28 19:57:26 [stage_adaptive_k][all][adaptive_k][k=-][s=-] INFO RESULT geo=flower   seed=9 | MAE=2.053°C | L2=0.0160 | FEM_solves=9/60 | FEM_saving=85%
